Archive member included because of file (symbol)

c:/sjsu_dev_243_can/toolchain/bin/../lib/gcc/arm-none-eabi/4.8.4/../../../../arm-none-eabi/lib/armv7-m\libstdc++_s.a(vmi_class_type_info.o)
                              ./L2_Drivers/src/nrf_stream.o (vtable for __cxxabiv1::__vmi_class_type_info)
c:/sjsu_dev_243_can/toolchain/bin/../lib/gcc/arm-none-eabi/4.8.4/../../../../arm-none-eabi/lib/armv7-m\libstdc++_s.a(pure.o)
                              ./L5_Application/source/controller_bt_android.o (__cxa_pure_virtual)
c:/sjsu_dev_243_can/toolchain/bin/../lib/gcc/arm-none-eabi/4.8.4/../../../../arm-none-eabi/lib/armv7-m\libstdc++_s.a(guard.o)
                              ./L5_Application/source/cmd_handlers/handlers.o (__cxa_guard_acquire)
c:/sjsu_dev_243_can/toolchain/bin/../lib/gcc/arm-none-eabi/4.8.4/../../../../arm-none-eabi/lib/armv7-m\libstdc++_s.a(tinfo.o)
                              c:/sjsu_dev_243_can/toolchain/bin/../lib/gcc/arm-none-eabi/4.8.4/../../../../arm-none-eabi/lib/armv7-m\libstdc++_s.a(vmi_class_type_info.o) (std::type_info::__is_pointer_p() const)
c:/sjsu_dev_243_can/toolchain/bin/../lib/gcc/arm-none-eabi/4.8.4/../../../../arm-none-eabi/lib/armv7-m\libstdc++_s.a(class_type_info.o)
                              c:/sjsu_dev_243_can/toolchain/bin/../lib/gcc/arm-none-eabi/4.8.4/../../../../arm-none-eabi/lib/armv7-m\libstdc++_s.a(vmi_class_type_info.o) (__cxxabiv1::__class_type_info::__do_upcast(__cxxabiv1::__class_type_info const*, void**) const)
c:/sjsu_dev_243_can/toolchain/bin/../lib/gcc/arm-none-eabi/4.8.4/../../../../arm-none-eabi/lib/armv7-m\libstdc++_s.a(si_class_type_info.o)
                              ./L5_Application/source/controller_bt_android.o (vtable for __cxxabiv1::__si_class_type_info)
c:/sjsu_dev_243_can/toolchain/bin/../lib/gcc/arm-none-eabi/4.8.4/../../../../arm-none-eabi/lib/armv7-m\libstdc++_s.a(eh_terminate.o)
                              c:/sjsu_dev_243_can/toolchain/bin/../lib/gcc/arm-none-eabi/4.8.4/../../../../arm-none-eabi/lib/armv7-m\libstdc++_s.a(pure.o) (std::terminate())
c:/sjsu_dev_243_can/toolchain/bin/../lib/gcc/arm-none-eabi/4.8.4/../../../../arm-none-eabi/lib/armv7-m\libstdc++_s.a(eh_term_handler.o)
                              c:/sjsu_dev_243_can/toolchain/bin/../lib/gcc/arm-none-eabi/4.8.4/../../../../arm-none-eabi/lib/armv7-m\libstdc++_s.a(eh_terminate.o) (__cxxabiv1::__terminate_handler)
c:/sjsu_dev_243_can/toolchain/bin/../lib/gcc/arm-none-eabi/4.8.4/../../../../arm-none-eabi/lib/armv7-m\libstdc++_s.a(eh_unex_handler.o)
                              c:/sjsu_dev_243_can/toolchain/bin/../lib/gcc/arm-none-eabi/4.8.4/../../../../arm-none-eabi/lib/armv7-m\libstdc++_s.a(eh_terminate.o) (__cxxabiv1::__unexpected_handler)
c:/sjsu_dev_243_can/toolchain/bin/../lib/gcc/arm-none-eabi/4.8.4/armv7-m\libgcc.a(_ashldi3.o)
                              ./L0_LowLevel/source/lpc_peripherals.o (__aeabi_llsl)
c:/sjsu_dev_243_can/toolchain/bin/../lib/gcc/arm-none-eabi/4.8.4/armv7-m\libgcc.a(_arm_addsubdf3.o)
                              ./L2_Drivers/base/uart_dev.o (__aeabi_dadd)
c:/sjsu_dev_243_can/toolchain/bin/../lib/gcc/arm-none-eabi/4.8.4/armv7-m\libgcc.a(_arm_fixunsdfsi.o)
                              ./L2_Drivers/base/uart_dev.o (__aeabi_d2uiz)
c:/sjsu_dev_243_can/toolchain/bin/../lib/gcc/arm-none-eabi/4.8.4/armv7-m\libgcc.a(_arm_truncdfsf2.o)
                              ./L3_Utils/src/str.o (__aeabi_d2f)
c:/sjsu_dev_243_can/toolchain/bin/../lib/gcc/arm-none-eabi/4.8.4/armv7-m\libgcc.a(_arm_addsubsf3.o)
                              ./L5_Application/source/cmd_handlers/handlers.o (__aeabi_fsub)
c:/sjsu_dev_243_can/toolchain/bin/../lib/gcc/arm-none-eabi/4.8.4/armv7-m\libgcc.a(_arm_muldivsf3.o)
                              ./L5_Application/source/cmd_handlers/handlers.o (__aeabi_fmul)
c:/sjsu_dev_243_can/toolchain/bin/../lib/gcc/arm-none-eabi/4.8.4/armv7-m\libgcc.a(_arm_cmpsf2.o)
                              ./L3_Utils/src/str.o (__aeabi_fcmplt)
c:/sjsu_dev_243_can/toolchain/bin/../lib/gcc/arm-none-eabi/4.8.4/armv7-m\libgcc.a(_arm_fixsfsi.o)
                              ./L5_Application/source/cmd_handlers/handlers.o (__aeabi_f2iz)
c:/sjsu_dev_243_can/toolchain/bin/../lib/gcc/arm-none-eabi/4.8.4/armv7-m\libgcc.a(_arm_fixunssfsi.o)
                              ./L2_Drivers/src/lpc_pwm.o (__aeabi_f2uiz)
c:/sjsu_dev_243_can/toolchain/bin/../lib/gcc/arm-none-eabi/4.8.4/armv7-m\libgcc.a(_aeabi_uldivmod.o)
                              ./L5_Application/source/cmd_handlers/handlers.o (__aeabi_uldivmod)
c:/sjsu_dev_243_can/toolchain/bin/../lib/gcc/arm-none-eabi/4.8.4/armv7-m\libgcc.a(bpabi.o)
                              c:/sjsu_dev_243_can/toolchain/bin/../lib/gcc/arm-none-eabi/4.8.4/armv7-m\libgcc.a(_aeabi_uldivmod.o) (__gnu_uldivmod_helper)
c:/sjsu_dev_243_can/toolchain/bin/../lib/gcc/arm-none-eabi/4.8.4/armv7-m\libgcc.a(_dvmd_tls.o)
[...]
Memory Configuration

Name             Origin             Length             Attributes
MFlash512        0x00010000         0x00070000         xr
RamLoc32         0x10000000         0x00008000         xrw
RamAHB32         0x2007c000         0x00008000         xrw
*default*        0x00000000         0xffffffff

Linker script and memory map

LOAD ./newlib/malloc_lock.o
LOAD ./newlib/memory.o
LOAD ./newlib/newlib_syscalls.o
LOAD ./newlib/newlib_time.o
LOAD ./newlib/printf_lib.o
LOAD ./L5_Application/source/cmd_handlers/handlers.o
LOAD ./L5_Application/source/cmd_handlers/prog_handlers.o
LOAD ./L5_Application/source/cmd_handlers/wireless_handlers.o
LOAD ./L5_Application/source/can_common.o
LOAD ./L5_Application/source/controller_bt_android.o
LOAD ./L5_Application/source/controller_dummy.o
LOAD ./L5_Application/source/controller_geo.o
LOAD ./L5_Application/source/controller_io.o
LOAD ./L5_Application/source/controller_master.o
LOAD ./L5_Application/source/controller_motor.o
LOAD ./L5_Application/source/controller_sensor.o
LOAD ./L5_Application/source/high_level_init.o
LOAD ./L5_Application/source/remote.o
LOAD ./L5_Application/source/terminal.o
LOAD ./L5_Application/examples/examples.o
LOAD ./L5_Application/examples/rn_xv_task.o
LOAD ./L5_Application/main.o
LOAD ./L4_IO/wireless/src/mesh.o
LOAD ./L4_IO/wireless/src/nrf24L01Plus.o
LOAD ./L4_IO/wireless/src/wireless.o
LOAD ./L4_IO/src/gpio.o
LOAD ./L4_IO/src/io_source.o
LOAD ./L4_IO/src/storage.o
LOAD ./L4_IO/fat/option/ccsbcs.o
LOAD ./L4_IO/fat/option/reentrant.o
LOAD ./L4_IO/fat/disk/diskio.o
LOAD ./L4_IO/fat/disk/sd.o
LOAD ./L4_IO/fat/disk/spi_flash.o
LOAD ./L4_IO/fat/fatfs_time.o
LOAD ./L4_IO/fat/ff.o
LOAD ./L3_Utils/tlm/src/c_tlm_binary.o
LOAD ./L3_Utils/tlm/src/c_tlm_comp.o
LOAD ./L3_Utils/tlm/src/c_tlm_stream.o
LOAD ./L3_Utils/tlm/src/c_tlm_var.o
LOAD ./L3_Utils/src/c_list.o
LOAD ./L3_Utils/src/command_handler.o
LOAD ./L3_Utils/src/file_logger.o
LOAD ./L3_Utils/src/freertos_timer.o
LOAD ./L3_Utils/src/rtc_alarm.o
LOAD ./L3_Utils/src/scheduler_task.o
LOAD ./L3_Utils/src/str.o
LOAD ./L3_Utils/src/utilities.o
LOAD ./L2_Drivers/src/adc.o
LOAD ./L2_Drivers/src/can.o
LOAD ./L2_Drivers/src/eint.o
LOAD ./L2_Drivers/src/i2c2.o
LOAD ./L2_Drivers/src/lpc_pwm.o
LOAD ./L2_Drivers/src/lpc_rit.o
LOAD ./L2_Drivers/src/lpc_timers.o
LOAD ./L2_Drivers/src/nrf_stream.o
LOAD ./L2_Drivers/src/rtc.o
LOAD ./L2_Drivers/src/spi_dma.o
LOAD ./L2_Drivers/src/spi_sem.o
LOAD ./L2_Drivers/src/uart0.o
LOAD ./L2_Drivers/src/uart2.o
LOAD ./L2_Drivers/src/uart3.o
LOAD ./L2_Drivers/base/char_dev.o
LOAD ./L2_Drivers/base/i2c_base.o
LOAD ./L2_Drivers/base/uart_dev.o
LOAD ./L1_FreeRTOS/src/croutine.o
LOAD ./L1_FreeRTOS/src/event_groups.o
LOAD ./L1_FreeRTOS/src/list.o
LOAD ./L1_FreeRTOS/src/queue.o
LOAD ./L1_FreeRTOS/src/tasks.o
LOAD ./L1_FreeRTOS/src/timers.o
LOAD ./L1_FreeRTOS/portable/port.o
LOAD ./L1_FreeRTOS/portable/run_time_stats.o
LOAD ./L1_FreeRTOS/hooks/hooks.o
LOAD ./L1_FreeRTOS/MemMang/heap_1.o
LOAD ./L1_FreeRTOS/MemMang/heap_2.o
LOAD ./L1_FreeRTOS/MemMang/heap_3.o
LOAD ./L1_FreeRTOS/MemMang/heap_4.o
LOAD ./L0_LowLevel/source/core_cm3.o
LOAD ./L0_LowLevel/source/low_level_init.o
LOAD ./L0_LowLevel/source/lpc_peripherals.o
LOAD ./L0_LowLevel/source/lpc_sys.o
LOAD ./L0_LowLevel/source/startup.o
LOAD ./L0_LowLevel/source/sys_clock.o
LOAD ./L0_LowLevel/source/uart0_min.o
LOAD c:/sjsu_dev_243_can/toolchain/bin/../lib/gcc/arm-none-eabi/4.8.4/../../../../arm-none-eabi/lib/armv7-m\libstdc++_s.a
LOAD c:/sjsu_dev_243_can/toolchain/bin/../lib/gcc/arm-none-eabi/4.8.4/../../../../arm-none-eabi/lib/armv7-m\libm.a
START GROUP
LOAD c:/sjsu_dev_243_can/toolchain/bin/../lib/gcc/arm-none-eabi/4.8.4/armv7-m\libgcc.a
LOAD c:/sjsu_dev_243_can/toolchain/bin/../lib/gcc/arm-none-eabi/4.8.4/../../../../arm-none-eabi/lib/armv7-m\libc_s.a
END GROUP
START GROUP
LOAD c:/sjsu_dev_243_can/toolchain/bin/../lib/gcc/arm-none-eabi/4.8.4/armv7-m\libgcc.a
LOAD c:/sjsu_dev_243_can/toolchain/bin/../lib/gcc/arm-none-eabi/4.8.4/../../../../arm-none-eabi/lib/armv7-m\libc_s.a
END GROUP
                0x20084000                __top_RamAHB32 = 0x20084000

.text           0x00010000    0x16db0
 FILL mask 0xff
 *(.isr_vector)
 .isr_vector    0x00010000       0xcc ./L0_LowLevel/source/startup.o
                0x00010000                g_pfnVectors
                0x000100cc                . = ALIGN (0x4)
                0x000100cc                __section_table_start = .
                0x000100cc                __data_section_table = .
                0x000100cc        0x4 LONG 0x26db8 LOADADDR (.data)
                0x000100d0        0x4 LONG 0x2007c000 ADDR (.data)
                0x000100d4        0x4 LONG 0x1e0 SIZEOF (.data)
                0x000100d8                __data_section_table_end = .
                0x000100d8                __bss_section_table = .
                0x000100d8        0x4 LONG 0x2007c1e0 ADDR (.bss)
                0x000100dc        0x4 LONG 0x944 SIZEOF (.bss)
                0x000100e0                __bss_section_table_end = .
                0x000100e0                __section_table_end = .
 *(.after_vectors*)
 .after_vectors
                0x000100e0      0x11c ./L0_LowLevel/source/startup.o
                0x000100e0                isr_hard_fault
                0x000100fc                isr_nmi
                0x0001010c                isr_mem_fault
                0x0001011c                isr_bus_fault
                0x0001012c                isr_usage_fault
                0x0001013c                isr_debug_mon
                0x0001014c                TIMER3_IRQHandler
                0x0001014c                UART1_IRQHandler
                0x0001014c                EINT2_IRQHandler
                0x0001014c                PLL0_IRQHandler
                0x0001014c                I2C1_IRQHandler
                0x0001014c                PLL1_IRQHandler
                0x0001014c                SSP0_IRQHandler
                0x0001014c                CANAct_IRQHandler
                0x0001014c                I2S_IRQHandler
                0x0001014c                PWM1_IRQHandler
                0x0001014c                SPI_IRQHandler
                0x0001014c                TIMER2_IRQHandler
                0x0001014c                EINT1_IRQHandler
                0x0001014c                isr_default_handler
                0x0001014c                SSP1_IRQHandler
                0x0001014c                USBAct_IRQHandler
                0x0001014c                USB_IRQHandler
                0x0001014c                BOD_IRQHandler
                0x0001014c                ENET_IRQHandler
                0x0001014c                WDT_IRQHandler
                0x0001014c                I2C0_IRQHandler
                0x0001014c                QEI_IRQHandler
                0x0001014c                EINT0_IRQHandler
                0x0001014c                DMA_IRQHandler
                0x0001014c                TIMER0_IRQHandler
                0x0001014c                MCPWM_IRQHandler
                0x0001015c                isr_sys_tick
                0x0001016e                data_init(unsigned int, unsigned int, unsigned int)
                0x00010180                bss_init(unsigned int, unsigned int)
 *(.text*)
 .text._sbrk    0x000101fc       0x74 ./newlib/memory.o
                0x000101fc                _sbrk
 .text._Znwj    0x00010270        0x4 ./newlib/memory.o
                0x00010270                operator new(unsigned int)
 .text._ZdlPv   0x00010274        0x4 ./newlib/memory.o
                0x00010274                operator delete(void*)
 .text._ZdaPv   0x00010278        0x4 ./newlib/memory.o
                0x00010278                operator delete[](void*)
 .text.sys_get_mem_info
                0x0001027c       0xb0 ./newlib/memory.o
                0x0001027c                sys_get_mem_info
 .text._ZN9__gnu_cxx27__verbose_terminate_handlerEv
                0x0001032c        0x2 ./newlib/memory.o
                0x0001032c                __gnu_cxx::__verbose_terminate_handler()
 *fill*         0x0001032e        0x2 
 .text.sys_set_outchar_func
                0x00010330        0xc ./newlib/newlib_syscalls.o
                0x00010330                sys_set_outchar_func
 .text.sys_set_inchar_func
                0x0001033c        0xc ./newlib/newlib_syscalls.o
                0x0001033c                sys_set_inchar_func
 .text._kill    0x00010348       0x10 ./newlib/newlib_syscalls.o
                0x00010348                _kill
 .text._exit    0x00010358       0x10 ./newlib/newlib_syscalls.o
                0x00010358                _exit
 .text._getpid  0x00010368        0x4 ./newlib/newlib_syscalls.o
                0x00010368                _getpid
 .text._init    0x0001036c        0x4 ./newlib/newlib_syscalls.o
                0x0001036c                _init
 .text._write   0x00010370       0x28 ./newlib/newlib_syscalls.o
                0x00010370                _write
 .text._read    0x00010398       0x2c ./newlib/newlib_syscalls.o
                0x00010398                _read
 .text.syscalls_init
                0x000103c4        0x2 ./newlib/newlib_syscalls.o
                0x000103c4                syscalls_init
 .text._fstat   0x000103c6        0x4 ./newlib/newlib_syscalls.o
                0x000103c6                _fstat
 *fill*         0x000103ca        0x2 
 .text._isatty  0x000103cc       0x24 ./newlib/newlib_syscalls.o
                0x000103cc                _isatty
 .text._lseek   0x000103f0        0x4 ./newlib/newlib_syscalls.o
                0x000103f0                _lseek
 .text._close   0x000103f4        0x4 ./newlib/newlib_syscalls.o
                0x000103f4                _close
 .text._gettimeofday
                0x000103f8       0x7c ./newlib/newlib_time.o
                0x000103f8                _gettimeofday
 .text.u0_dbg_put
                0x00010474       0x20 ./newlib/printf_lib.o
                0x00010474                u0_dbg_put
 .text.u0_dbg_printf
                0x00010494       0x3c ./newlib/printf_lib.o
                0x00010494                u0_dbg_printf
 .text._ZN7Storage13getFlashDriveEv
                0x000104d0       0x48 ./L5_Application/source/cmd_handlers/handlers.o
                0x000104d0                Storage::getFlashDrive()
 .text._ZN7Storage10getSDDriveEv
                0x00010518       0x48 ./L5_Application/source/cmd_handlers/handlers.o
                0x00010518                Storage::getSDDrive()
 .text._Z15taskListHandlerR3strR7CharDevPv
                0x00010560       0xec ./L5_Application/source/cmd_handlers/handlers.o
                0x00010560                taskListHandler(str&, CharDev&, void*)
 .text._Z14memInfoHandlerR3strR7CharDevPv
                0x0001064c       0x22 ./L5_Application/source/cmd_handlers/handlers.o
                0x0001064c                memInfoHandler(str&, CharDev&, void*)
 *fill*         0x0001066e        0x2 
 .text._Z11timeHandlerR3strR7CharDevPv
                0x00010670       0xc4 ./L5_Application/source/cmd_handlers/handlers.o
                0x00010670                timeHandler(str&, CharDev&, void*)
 .text._Z10logHandlerR3strR7CharDevPv
                0x00010734      0x110 ./L5_Application/source/cmd_handlers/handlers.o
                0x00010734                logHandler(str&, CharDev&, void*)
 .text._Z9cpHandlerR3strR7CharDevPv
                0x00010844       0x80 ./L5_Application/source/cmd_handlers/handlers.o
                0x00010844                cpHandler(str&, CharDev&, void*)
 .text._Z10catHandlerR3strR7CharDevPv
                0x000108c4      0x130 ./L5_Application/source/cmd_handlers/handlers.o
                0x000108c4                catHandler(str&, CharDev&, void*)
 .text._Z9lsHandlerR3strR7CharDevPv
                0x000109f4      0x1ac ./L5_Application/source/cmd_handlers/handlers.o
                0x000109f4                lsHandler(str&, CharDev&, void*)
 .text._Z12mkdirHandlerR3strR7CharDevPv
                0x00010ba0       0x3c ./L5_Application/source/cmd_handlers/handlers.o
                0x00010ba0                mkdirHandler(str&, CharDev&, void*)
 .text._Z9rmHandlerR3strR7CharDevPv
                0x00010bdc       0x3c ./L5_Application/source/cmd_handlers/handlers.o
                0x00010bdc                rmHandler(str&, CharDev&, void*)
 .text._Z9mvHandlerR3strR7CharDevPv
                0x00010c18       0x5c ./L5_Application/source/cmd_handlers/handlers.o
                0x00010c18                mvHandler(str&, CharDev&, void*)
 .text._Z14newFileHandlerR3strR7CharDevPv
                0x00010c74       0xb0 ./L5_Application/source/cmd_handlers/handlers.o
                0x00010c74                newFileHandler(str&, CharDev&, void*)
 .text._Z10dcpHandlerR3strR7CharDevPv
                0x00010d24      0x13c ./L5_Application/source/cmd_handlers/handlers.o
                0x00010d24                dcpHandler(str&, CharDev&, void*)
 .text._Z14storageHandlerR3strR7CharDevPv
                0x00010e60       0xb4 ./L5_Application/source/cmd_handlers/handlers.o
                0x00010e60                storageHandler(str&, CharDev&, void*)
 .text._Z13rebootHandlerR3strR7CharDevPv
                0x00010f14       0x30 ./L5_Application/source/cmd_handlers/handlers.o
                0x00010f14                rebootHandler(str&, CharDev&, void*)
 .text._Z14learnIrHandlerR3strR7CharDevPv
                0x00010f44       0x34 ./L5_Application/source/cmd_handlers/handlers.o
                0x00010f44                learnIrHandler(str&, CharDev&, void*)
 .text._ZN17SingletonTemplateI4I2C2E11getInstanceEv
                0x00010f78       0x20 ./L5_Application/source/cmd_handlers/handlers.o
                0x00010f78                SingletonTemplate<I2C2>::getInstance()
 .text._Z12i2cIoHandlerR3strR7CharDevPv
                0x00010f98      0x188 ./L5_Application/source/cmd_handlers/handlers.o
                0x00010f98                i2cIoHandler(str&, CharDev&, void*)
 .text._Z13healthHandlerR3strR7CharDevPv
                0x00011120      0x1a4 ./L5_Application/source/cmd_handlers/handlers.o
                0x00011120                healthHandler(str&, CharDev&, void*)
 .text._Z16flashProgHandlerR3strR7CharDevPv
                0x000112c4       0xac ./L5_Application/source/cmd_handlers/prog_handlers.o
                0x000112c4                flashProgHandler(str&, CharDev&, void*)
 .text._Z14getFileHandlerR3strR7CharDevPv
                0x00011370      0x130 ./L5_Application/source/cmd_handlers/prog_handlers.o
                0x00011370                getFileHandler(str&, CharDev&, void*)
 .text._ZL25wirelessHandlerPrintStatsR7CharDevP12mesh_stats_th
                0x000114a0       0x3c ./L5_Application/source/cmd_handlers/wireless_handlers.o
 .text._ZL14wsStatsHandlerR3strR7CharDevPv
                0x000114dc       0x1e ./L5_Application/source/cmd_handlers/wireless_handlers.o
 *fill*         0x000114fa        0x2 
 .text._ZL11wsTxHandlerR3strR7CharDevPv
                0x000114fc      0x118 ./L5_Application/source/cmd_handlers/wireless_handlers.o
 .text._ZL13wsAddrHandlerR3strR7CharDevPv
                0x00011614       0x34 ./L5_Application/source/cmd_handlers/wireless_handlers.o
 .text._Z12wsRteHandlerR3strR7CharDevPv
                0x00011648       0x74 ./L5_Application/source/cmd_handlers/wireless_handlers.o
                0x00011648                wsRteHandler(str&, CharDev&, void*)
 .text._ZL11wsRxHandlerR3strR7CharDevPv
                0x000116bc       0x80 ./L5_Application/source/cmd_handlers/wireless_handlers.o
 .text._Z15wirelessHandlerR3strR7CharDevPv
                0x0001173c      0x160 ./L5_Application/source/cmd_handlers/wireless_handlers.o
                0x0001173c                wirelessHandler(str&, CharDev&, void*)
 .text._ZN17SingletonTemplateI12NordicStreamE11getInstanceEv
                0x0001189c       0x20 ./L5_Application/source/cmd_handlers/wireless_handlers.o
                0x0001189c                SingletonTemplate<NordicStream>::getInstance()
 .text._ZL15wsFileTxHandlerR3strR7CharDevPv
                0x000118bc      0x220 ./L5_Application/source/cmd_handlers/wireless_handlers.o
 .text._ZL15wsStreamHandlerR3strR7CharDevPv
                0x00011adc      0x120 ./L5_Application/source/cmd_handlers/wireless_handlers.o
 .text._ZN14can_controller14enum_to_stringEv
                0x00011bfc      0x198 ./L5_Application/source/can_common.o
                0x00011bfc                can_controller::enum_to_string()
 .text._ZN14can_controller9can_setupEP12can_msg_id_tj
                0x00011d94       0xc2 ./L5_Application/source/can_common.o
                0x00011d94                can_controller::can_setup(can_msg_id_t*, unsigned int)
 .text._ZN14can_controllerC2E15controller_id_tP12can_msg_id_tj
                0x00011e56       0x22 ./L5_Application/source/can_common.o
                0x00011e56                can_controller::can_controller(controller_id_t, can_msg_id_t*, unsigned int)
                0x00011e56                can_controller::can_controller(controller_id_t, can_msg_id_t*, unsigned int)
 .text._ZN14can_controller12get_rx_countEv
                0x00011e78        0x4 ./L5_Application/source/can_common.o
                0x00011e78                can_controller::get_rx_count()
 .text._ZN14can_controller12get_rx_bytesEv
                0x00011e7c        0x4 ./L5_Application/source/can_common.o
                0x00011e7c                can_controller::get_rx_bytes()
 .text._ZN14can_controller12get_tx_countEv
                0x00011e80        0x4 ./L5_Application/source/can_common.o
                0x00011e80                can_controller::get_tx_count()
 .text._ZN14can_controller12get_tx_bytesEv
                0x00011e84        0x4 ./L5_Application/source/can_common.o
                0x00011e84                can_controller::get_tx_bytes()
 .text._ZN14can_controller12processResetEv
                0x00011e88       0x20 ./L5_Application/source/can_common.o
                0x00011e88                can_controller::processReset()
 .text._ZN17SingletonTemplateI3LEDE11getInstanceEv
                0x00011ea8       0x1c ./L5_Application/source/can_common.o
                0x00011ea8                SingletonTemplate<LED>::getInstance()
 .text._ZN14can_controller8can_sendE15controller_id_t8msg_id_tPht
                0x00011ec4      0x200 ./L5_Application/source/can_common.o
                0x00011ec4                can_controller::can_send(controller_id_t, msg_id_t, unsigned char*, unsigned short)
 .text._ZN14can_controller8can_recvEP15controller_id_tP8msg_id_tPhPt
                0x000120c4      0x22c ./L5_Application/source/can_common.o
                0x000120c4                can_controller::can_recv(controller_id_t*, msg_id_t*, unsigned char*, unsigned short*)
 .text._ZN14can_controller19processBootSequenceEh
                0x000122f0       0x74 ./L5_Application/source/can_common.o
                0x000122f0                can_controller::processBootSequence(unsigned char)
 .text._ZN14scheduler_taskD2Ev
                0x00012364        0xc ./L5_Application/source/controller_bt_android.o
                0x00012364                scheduler_task::~scheduler_task()
                0x00012364                scheduler_task::~scheduler_task()
 .text._ZN14scheduler_task4initEv
                0x00012370        0x4 ./L5_Application/source/controller_bt_android.o
                0x00012370                scheduler_task::init()
 .text._ZN14scheduler_task6regTlmEv
                0x00012374        0x4 ./L5_Application/source/controller_bt_android.o
                0x00012374                scheduler_task::regTlm()
 .text._ZN14scheduler_task9taskEntryEv
                0x00012378        0x4 ./L5_Application/source/controller_bt_android.o
                0x00012378                scheduler_task::taskEntry()
 .text._ZN9debugTaskD2Ev
                0x0001237c        0xc ./L5_Application/source/controller_bt_android.o
                0x0001237c                debugTask::~debugTask()
                0x0001237c                debugTask::~debugTask()
 .text._ZN22periodicCheckpointTaskD2Ev
                0x00012388        0xc ./L5_Application/source/controller_bt_android.o
                0x00012388                periodicCheckpointTask::~periodicCheckpointTask()
                0x00012388                periodicCheckpointTask::~periodicCheckpointTask()
 .text._ZN16canRxProcessTaskD2Ev
                0x00012394        0xc ./L5_Application/source/controller_bt_android.o
                0x00012394                canRxProcessTask::~canRxProcessTask()
                0x00012394                canRxProcessTask::~canRxProcessTask()
 .text._ZN15canRxBufferTaskD2Ev
                0x000123a0        0xc ./L5_Application/source/controller_bt_android.o
                0x000123a0                canRxBufferTask::~canRxBufferTask()
                0x000123a0                canRxBufferTask::~canRxBufferTask()
 .text._ZN14scheduler_taskD0Ev
                0x000123ac       0x14 ./L5_Application/source/controller_bt_android.o
                0x000123ac                scheduler_task::~scheduler_task()
 .text._ZN9debugTaskD0Ev
                0x000123c0       0x14 ./L5_Application/source/controller_bt_android.o
                0x000123c0                debugTask::~debugTask()
 .text._ZN22periodicCheckpointTaskD0Ev
                0x000123d4       0x14 ./L5_Application/source/controller_bt_android.o
                0x000123d4                periodicCheckpointTask::~periodicCheckpointTask()
 .text._ZN16canRxProcessTaskD0Ev
                0x000123e8       0x14 ./L5_Application/source/controller_bt_android.o
                0x000123e8                canRxProcessTask::~canRxProcessTask()
 .text._ZN15canRxBufferTaskD0Ev
                0x000123fc       0x14 ./L5_Application/source/controller_bt_android.o
                0x000123fc                canRxBufferTask::~canRxBufferTask()
 .text._ZN22periodicCheckpointTask3runEPv
                0x00012410       0x2c ./L5_Application/source/controller_bt_android.o
                0x00012410                periodicCheckpointTask::run(void*)
 .text._ZN15canRxBufferTaskC2Eh
                0x0001243c       0x28 ./L5_Application/source/controller_bt_android.o
                0x0001243c                canRxBufferTask::canRxBufferTask(unsigned char)
                0x0001243c                canRxBufferTask::canRxBufferTask(unsigned char)
 .text._ZN16canRxProcessTaskC2Eh
                0x00012464       0x28 ./L5_Application/source/controller_bt_android.o
                0x00012464                canRxProcessTask::canRxProcessTask(unsigned char)
                0x00012464                canRxProcessTask::canRxProcessTask(unsigned char)
 .text._ZN16canRxProcessTask16handle_heartbeatE5msg_t
                0x0001248c       0x70 ./L5_Application/source/controller_bt_android.o
                0x0001248c                canRxProcessTask::handle_heartbeat(msg_t)
 .text._ZN16canRxProcessTask24handle_geo_location_dataE5msg_t
                0x000124fc       0x24 ./L5_Application/source/controller_bt_android.o
                0x000124fc                canRxProcessTask::handle_geo_location_data(msg_t)
 .text._ZN17SingletonTemplateI11LED_DisplayE11getInstanceEv
                0x00012520       0x3c ./L5_Application/source/controller_bt_android.o
                0x00012520                SingletonTemplate<LED_Display>::getInstance()
 .text._ZN9debugTask3runEPv
                0x0001255c      0x138 ./L5_Application/source/controller_bt_android.o
                0x0001255c                debugTask::run(void*)
 .text._Z14controllerInitv
                0x00012694       0xc0 ./L5_Application/source/controller_bt_android.o
                0x00012694                controllerInit()
 .text._ZN15canRxBufferTask3runEPv
                0x00012754       0x88 ./L5_Application/source/controller_bt_android.o
                0x00012754                canRxBufferTask::run(void*)
 .text._ZN16canRxProcessTask3runEPv
                0x000127dc      0x160 ./L5_Application/source/controller_bt_android.o
                0x000127dc                canRxProcessTask::run(void*)
 .text.startup._GLOBAL__sub_I_controller
                0x0001293c       0x2c ./L5_Application/source/controller_bt_android.o
 .text._ZL13hl_print_linev
                0x00012968        0xc ./L5_Application/source/high_level_init.o
 .text.ssp_set_max_clock
                0x00012974       0x2c ./L5_Application/source/high_level_init.o
 .text._ZL16hl_mount_storageR16FileSystemObjectPKc
                0x000129a0       0x94 ./L5_Application/source/high_level_init.o
 .text._ZN17SingletonTemplateI17TemperatureSensorE11getInstanceEv
                0x00012a34       0x28 ./L5_Application/source/high_level_init.o
                0x00012a34                SingletonTemplate<TemperatureSensor>::getInstance()
 .text._ZN17SingletonTemplateI12Light_SensorE11getInstanceEv
                0x00012a5c       0x18 ./L5_Application/source/high_level_init.o
                0x00012a5c                SingletonTemplate<Light_Sensor>::getInstance()
 .text._ZN17SingletonTemplateI8SwitchesE11getInstanceEv
                0x00012a74       0x18 ./L5_Application/source/high_level_init.o
                0x00012a74                SingletonTemplate<Switches>::getInstance()
 .text._Z15high_level_initv
                0x00012a8c      0x54c ./L5_Application/source/high_level_init.o
                0x00012a8c                high_level_init()
 .text._ZN17SingletonTemplateI9IR_SensorE11getInstanceEv
                0x00012fd8       0x18 ./L5_Application/source/remote.o
                0x00012fd8                SingletonTemplate<IR_Sensor>::getInstance()
 .text._ZN12terminalTask6regTlmEv
                0x00012ff0        0x4 ./L5_Application/source/terminal.o
                0x00012ff0                terminalTask::regTlm()
 .text._ZN6VECTORIN12terminalTask9cmdChan_tEE14changeCapacityEj.part.3
                0x00012ff4       0x34 ./L5_Application/source/terminal.o
 .text._ZN12terminalTaskD2Ev
                0x00013028       0x50 ./L5_Application/source/terminal.o
                0x00013028                terminalTask::~terminalTask()
                0x00013028                terminalTask::~terminalTask()
 .text._ZN12terminalTaskD0Ev
                0x00013078       0x12 ./L5_Application/source/terminal.o
                0x00013078                terminalTask::~terminalTask()
 *fill*         0x0001308a        0x2 
 .text._ZN12terminalTaskC2Eh
                0x0001308c       0xb0 ./L5_Application/source/terminal.o
                0x0001308c                terminalTask::terminalTask(unsigned char)
                0x0001308c                terminalTask::terminalTask(unsigned char)
 .text._ZN12terminalTask22handleEchoAndBackspaceEPNS_9cmdChan_tEc
                0x0001313c       0x5c ./L5_Application/source/terminal.o
                0x0001313c                terminalTask::handleEchoAndBackspace(terminalTask::cmdChan_t*, char)
 .text._ZN12terminalTask17addCommandChannelEP7CharDevb
                0x00013198       0x40 ./L5_Application/source/terminal.o
                0x00013198                terminalTask::addCommandChannel(CharDev*, bool)
 .text._ZN12terminalTask10getCommandEv
                0x000131d8      0x13a ./L5_Application/source/terminal.o
                0x000131d8                terminalTask::getCommand()
 *fill*         0x00013312        0x2 
 .text._ZN12terminalTask3runEPv
                0x00013314       0x9c ./L5_Application/source/terminal.o
                0x00013314                terminalTask::run(void*)
 .text._ZN17SingletonTemplateI5Uart0E11getInstanceEv
                0x000133b0       0x20 ./L5_Application/source/terminal.o
                0x000133b0                SingletonTemplate<Uart0>::getInstance()
 .text._ZN5Uart017putcharIntrDrivenEc
                0x000133d0       0x18 ./L5_Application/source/terminal.o
                0x000133d0                Uart0::putcharIntrDriven(char)
 .text._ZN5Uart017getcharIntrDrivenEc
                0x000133e8       0x22 ./L5_Application/source/terminal.o
                0x000133e8                Uart0::getcharIntrDriven(char)
 *fill*         0x0001340a        0x2 
 .text._ZN12terminalTask9taskEntryEv
                0x0001340c      0x27c ./L5_Application/source/terminal.o
                0x0001340c                terminalTask::taskEntry()
 .text._ZN12wirelessTaskD2Ev
                0x00013688        0xc ./L5_Application/main.o
                0x00013688                wirelessTask::~wirelessTask()
                0x00013688                wirelessTask::~wirelessTask()
 .text._ZN12wirelessTaskD0Ev
                0x00013694       0x14 ./L5_Application/main.o
                0x00013694                wirelessTask::~wirelessTask()
 .text._ZN12wirelessTask3runEPv
                0x000136a8        0xa ./L5_Application/main.o
                0x000136a8                wirelessTask::run(void*)
 *fill*         0x000136b2        0x2 
 .text.startup.main
                0x000136b4       0x7c ./L5_Application/main.o
                0x000136b4                main
 .text.mesh_incr_soft_timers_for_arr
                0x00013730       0x26 ./L4_IO/wireless/src/mesh.o
 *fill*         0x00013756        0x2 
 .text.mesh_update_soft_timers
                0x00013758       0x4c ./L4_IO/wireless/src/mesh.o
 .text.mesh_send_packet
                0x000137a4       0x3c ./L4_IO/wireless/src/mesh.o
 .text.mesh_send_retry_packet
                0x000137e0       0x34 ./L4_IO/wireless/src/mesh.o
 .text.mesh_find_rte_tbl_entry
                0x00013814       0x24 ./L4_IO/wireless/src/mesh.o
 .text.mesh_update_rte_scores
                0x00013838       0x28 ./L4_IO/wireless/src/mesh.o
 .text.mesh_get_pnd_pkt_slot
                0x00013860       0x46 ./L4_IO/wireless/src/mesh.o
 *fill*         0x000138a6        0x2 
 .text.mesh_pending_packets_add
                0x000138a8       0x8c ./L4_IO/wireless/src/mesh.o
 .text.mesh_get_rte_to_modify
                0x00013934       0x60 ./L4_IO/wireless/src/mesh.o
 .text.mesh_handle_pnd_pkts_for_arr
                0x00013994      0x184 ./L4_IO/wireless/src/mesh.o
 .text.mesh_set_node_address
                0x00013b18       0x18 ./L4_IO/wireless/src/mesh.o
                0x00013b18                mesh_set_node_address
 .text.mesh_get_node_address
                0x00013b30        0xc ./L4_IO/wireless/src/mesh.o
                0x00013b30                mesh_get_node_address
 .text.mesh_set_retry_count
                0x00013b3c       0x10 ./L4_IO/wireless/src/mesh.o
                0x00013b3c                mesh_set_retry_count
 .text.mesh_form_pkt
                0x00013b4c       0xec ./L4_IO/wireless/src/mesh.o
                0x00013b4c                mesh_form_pkt
 .text.mesh_send_formed_pkt
                0x00013c38       0x5c ./L4_IO/wireless/src/mesh.o
                0x00013c38                mesh_send_formed_pkt
 .text.mesh_init
                0x00013c94      0x104 ./L4_IO/wireless/src/mesh.o
                0x00013c94                mesh_init
 .text.mesh_send
                0x00013d98       0x42 ./L4_IO/wireless/src/mesh.o
                0x00013d98                mesh_send
 .text.mesh_send_ack
                0x00013dda       0x1a ./L4_IO/wireless/src/mesh.o
 .text.mesh_get_routing_entry
                0x00013df4       0x2c ./L4_IO/wireless/src/mesh.o
                0x00013df4                mesh_get_routing_entry
 .text.mesh_get_num_routing_entries
                0x00013e20       0x1c ./L4_IO/wireless/src/mesh.o
                0x00013e20                mesh_get_num_routing_entries
 .text.mesh_service
                0x00013e3c      0x2b0 ./L4_IO/wireless/src/mesh.o
                0x00013e3c                mesh_service
 .text.mesh_get_pnd_pkt_count
                0x000140ec       0x34 ./L4_IO/wireless/src/mesh.o
                0x000140ec                mesh_get_pnd_pkt_count
 .text.mesh_get_max_timeout_before_packet_fails
                0x00014120       0x24 ./L4_IO/wireless/src/mesh.o
                0x00014120                mesh_get_max_timeout_before_packet_fails
 .text.mesh_get_stats
                0x00014144       0x14 ./L4_IO/wireless/src/mesh.o
                0x00014144                mesh_get_stats
 .text.nordic_transfer
                0x00014158      0x124 ./L4_IO/wireless/src/nrf24L01Plus.o
 .text.nordic_readRegister
                0x0001427c       0x20 ./L4_IO/wireless/src/nrf24L01Plus.o
 .text.nordic_writeRegister
                0x0001429c       0x20 ./L4_IO/wireless/src/nrf24L01Plus.o
 .text.nordic_is_tx_fifo_empty
                0x000142bc        0xe ./L4_IO/wireless/src/nrf24L01Plus.o
                0x000142bc                nordic_is_tx_fifo_empty
 .text.nordic_clear_all_intr_flags
                0x000142ca        0x8 ./L4_IO/wireless/src/nrf24L01Plus.o
                0x000142ca                nordic_clear_all_intr_flags
 .text.nordic_queue_tx_fifo
                0x000142d2       0x10 ./L4_IO/wireless/src/nrf24L01Plus.o
                0x000142d2                nordic_queue_tx_fifo
 .text.nordic_standby1_to_tx_mode1
                0x000142e2       0x18 ./L4_IO/wireless/src/nrf24L01Plus.o
                0x000142e2                nordic_standby1_to_tx_mode1
 *fill*         0x000142fa        0x2 
 .text.nordic_rx_to_Stanby1
                0x000142fc       0x10 ./L4_IO/wireless/src/nrf24L01Plus.o
                0x000142fc                nordic_rx_to_Stanby1
 .text.nordic_standby1_to_rx
                0x0001430c       0x24 ./L4_IO/wireless/src/nrf24L01Plus.o
                0x0001430c                nordic_standby1_to_rx
 .text.nordic_clear_packet_sent_flag
                0x00014330        0x8 ./L4_IO/wireless/src/nrf24L01Plus.o
                0x00014330                nordic_clear_packet_sent_flag
 .text.nordic_flush_tx_fifo
                0x00014338        0xe ./L4_IO/wireless/src/nrf24L01Plus.o
                0x00014338                nordic_flush_tx_fifo
 *fill*         0x00014346        0x2 
 .text.nordic_mode1_send_single_packet
                0x00014348       0x4c ./L4_IO/wireless/src/nrf24L01Plus.o
                0x00014348                nordic_mode1_send_single_packet
 .text.nordic_is_packet_available
                0x00014394       0x12 ./L4_IO/wireless/src/nrf24L01Plus.o
                0x00014394                nordic_is_packet_available
 .text.nordic_clear_packet_available_flag
                0x000143a6        0x8 ./L4_IO/wireless/src/nrf24L01Plus.o
                0x000143a6                nordic_clear_packet_available_flag
 .text.nordic_read_rx_fifo
                0x000143ae       0x16 ./L4_IO/wireless/src/nrf24L01Plus.o
                0x000143ae                nordic_read_rx_fifo
 .text.nordic_flush_rx_fifo
                0x000143c4        0xe ./L4_IO/wireless/src/nrf24L01Plus.o
                0x000143c4                nordic_flush_rx_fifo
 .text.nordic_set_intr_signals
                0x000143d2       0x40 ./L4_IO/wireless/src/nrf24L01Plus.o
                0x000143d2                nordic_set_intr_signals
 .text.nordic_set_crc
                0x00014412       0x3a ./L4_IO/wireless/src/nrf24L01Plus.o
                0x00014412                nordic_set_crc
 .text.nordic_power_up
                0x0001444c       0x18 ./L4_IO/wireless/src/nrf24L01Plus.o
                0x0001444c                nordic_power_up
 .text.nordic_power_down
                0x00014464       0x18 ./L4_IO/wireless/src/nrf24L01Plus.o
                0x00014464                nordic_power_down
 .text.nordic_set_channel
                0x0001447c       0x24 ./L4_IO/wireless/src/nrf24L01Plus.o
                0x0001447c                nordic_set_channel
 .text.nordic_set_air_data_rate
                0x000144a0       0x2e ./L4_IO/wireless/src/nrf24L01Plus.o
                0x000144a0                nordic_set_air_data_rate
 .text.nordic_set_power_level
                0x000144ce       0x26 ./L4_IO/wireless/src/nrf24L01Plus.o
                0x000144ce                nordic_set_power_level
 .text.nordic_set_auto_transmit_options
                0x000144f4       0x30 ./L4_IO/wireless/src/nrf24L01Plus.o
                0x000144f4                nordic_set_auto_transmit_options
 .text.nordic_set_payload_for_pipe
                0x00014524       0x18 ./L4_IO/wireless/src/nrf24L01Plus.o
                0x00014524                nordic_set_payload_for_pipe
 .text.nordic_set_addr_width
                0x0001453c       0x16 ./L4_IO/wireless/src/nrf24L01Plus.o
                0x0001453c                nordic_set_addr_width
 .text.nordic_set_tx_address
                0x00014552        0xe ./L4_IO/wireless/src/nrf24L01Plus.o
                0x00014552                nordic_set_tx_address
 .text.nordic_set_rx_pipe0_addr
                0x00014560        0xe ./L4_IO/wireless/src/nrf24L01Plus.o
                0x00014560                nordic_set_rx_pipe0_addr
 *fill*         0x0001456e        0x2 
 .text.nordic_init
                0x00014570       0xc8 ./L4_IO/wireless/src/nrf24L01Plus.o
                0x00014570                nordic_init
 .text.nrf_irq_callback
                0x00014638       0x30 ./L4_IO/wireless/src/wireless.o
 .text.nrf_driver_init
                0x00014668       0x70 ./L4_IO/wireless/src/wireless.o
 .text.nrf_driver_app_recv
                0x000146d8       0x4c ./L4_IO/wireless/src/wireless.o
 .text.nrf_driver_send
                0x00014724       0x5c ./L4_IO/wireless/src/wireless.o
 .text.nrf_driver_receive
                0x00014780       0x22 ./L4_IO/wireless/src/wireless.o
 .text.wireless_get_queued_pkt
                0x000147a2       0x62 ./L4_IO/wireless/src/wireless.o
 .text.nrf_driver_get_timer
                0x00014804       0x28 ./L4_IO/wireless/src/wireless.o
 .text.wireless_init
                0x0001482c       0x4c ./L4_IO/wireless/src/wireless.o
                0x0001482c                wireless_init
 .text.wireless_get_rx_pkt
                0x00014878       0x14 ./L4_IO/wireless/src/wireless.o
                0x00014878                wireless_get_rx_pkt
 .text.wireless_get_ack_pkt
                0x0001488c       0x14 ./L4_IO/wireless/src/wireless.o
                0x0001488c                wireless_get_ack_pkt
 .text.wireless_service
                0x000148a0       0x4c ./L4_IO/wireless/src/wireless.o
                0x000148a0                wireless_service
 .text._ZN11i2c2_device8writeRegEhh
                0x000148ec       0x18 ./L4_IO/src/io_source.o
                0x000148ec                i2c2_device::writeReg(unsigned char, unsigned char)
 .text._ZN11i2c2_device16get16BitRegisterEh
                0x00014904       0x30 ./L4_IO/src/io_source.o
                0x00014904                i2c2_device::get16BitRegister(unsigned char)
 .text._ZN19Acceleration_Sensor4initEv
                0x00014934       0x22 ./L4_IO/src/io_source.o
                0x00014934                Acceleration_Sensor::init()
 *fill*         0x00014956        0x2 
 .text._ZN9IR_Sensor11storeIrCodeEm
                0x00014958       0x1c ./L4_IO/src/io_source.o
                0x00014958                IR_Sensor::storeIrCode(unsigned long)
 .text._ZN9IR_Sensor12decodeIrCodeEv
                0x00014974       0x68 ./L4_IO/src/io_source.o
                0x00014974                IR_Sensor::decodeIrCode()
 .text._ZN9IR_Sensor4initEv
                0x000149dc       0x30 ./L4_IO/src/io_source.o
                0x000149dc                IR_Sensor::init()
 .text._ZN11LED_Display12setLeftDigitEc
                0x00014a0c       0x18 ./L4_IO/src/io_source.o
                0x00014a0c                LED_Display::setLeftDigit(char)
 .text._ZN11LED_Display13setRightDigitEc
                0x00014a24       0x18 ./L4_IO/src/io_source.o
                0x00014a24                LED_Display::setRightDigit(char)
 .text._ZN11LED_Display4initEv
                0x00014a3c       0x3a ./L4_IO/src/io_source.o
                0x00014a3c                LED_Display::init()
 .text._ZN11LED_Display9setNumberEc
                0x00014a76       0x3e ./L4_IO/src/io_source.o
                0x00014a76                LED_Display::setNumber(char)
 .text._ZN3LED4initEv
                0x00014ab4        0x4 ./L4_IO/src/io_source.o
                0x00014ab4                LED::init()
 .text._ZN3LED6setAllEc
                0x00014ab8       0x40 ./L4_IO/src/io_source.o
                0x00014ab8                LED::setAll(char)
 .text._ZN3LED2onEi
                0x00014af8       0x16 ./L4_IO/src/io_source.o
                0x00014af8                LED::on(int)
 .text._ZN3LED3offEi
                0x00014b0e       0x16 ./L4_IO/src/io_source.o
                0x00014b0e                LED::off(int)
 .text._ZN3LED3setEib
                0x00014b24        0xa ./L4_IO/src/io_source.o
                0x00014b24                LED::set(int, bool)
 .text._ZNK3LED9getValuesEv
                0x00014b2e        0x4 ./L4_IO/src/io_source.o
                0x00014b2e                LED::getValues() const
 .text._ZN12Light_Sensor4initEv
                0x00014b32        0x4 ./L4_IO/src/io_source.o
                0x00014b32                Light_Sensor::init()
 .text._ZN12Light_Sensor11getRawValueEv
                0x00014b36        0x6 ./L4_IO/src/io_source.o
                0x00014b36                Light_Sensor::getRawValue()
 .text._ZN8Switches4initEv
                0x00014b3c        0x4 ./L4_IO/src/io_source.o
                0x00014b3c                Switches::init()
 .text._ZN8Switches15getSwitchValuesEv
                0x00014b40       0x18 ./L4_IO/src/io_source.o
                0x00014b40                Switches::getSwitchValues()
 .text._ZN8I2C_Temp4initEv
                0x00014b58       0x24 ./L4_IO/src/io_source.o
                0x00014b58                I2C_Temp::init()
 .text._ZN8I2C_Temp10getCelsiusEv
                0x00014b7c       0x32 ./L4_IO/src/io_source.o
                0x00014b7c                I2C_Temp::getCelsius()
 *fill*         0x00014bae        0x2 
 .text._ZN8I2C_Temp12getFarenheitEv
                0x00014bb0       0x24 ./L4_IO/src/io_source.o
                0x00014bb0                I2C_Temp::getFarenheit()
 .text._ZN7Storage4copyEPKcS1_PjS2_S2_
                0x00014bd4       0xfc ./L4_IO/src/storage.o
                0x00014bd4                Storage::copy(char const*, char const*, unsigned int*, unsigned int*, unsigned int*)
 .text._ZN7Storage4readEPKcPvjj
                0x00014cd0       0x46 ./L4_IO/src/storage.o
                0x00014cd0                Storage::read(char const*, void*, unsigned int, unsigned int)
 .text._ZN7Storage5writeEPKcPvjj
                0x00014d16       0x46 ./L4_IO/src/storage.o
                0x00014d16                Storage::write(char const*, void*, unsigned int, unsigned int)
 .text._ZN7Storage6appendEPKcPvjj
                0x00014d5c       0x4a ./L4_IO/src/storage.o
                0x00014d5c                Storage::append(char const*, void*, unsigned int, unsigned int)
 *fill*         0x00014da6        0x2 
 .text.ff_convert
                0x00014da8       0x38 ./L4_IO/fat/option/ccsbcs.o
                0x00014da8                ff_convert
 .text.ff_wtoupper
                0x00014de0       0x24 ./L4_IO/fat/option/ccsbcs.o
                0x00014de0                ff_wtoupper
 .text.ff_cre_syncobj
                0x00014e04       0x14 ./L4_IO/fat/option/reentrant.o
                0x00014e04                ff_cre_syncobj
 .text.ff_del_syncobj
                0x00014e18        0x4 ./L4_IO/fat/option/reentrant.o
                0x00014e18                ff_del_syncobj
 .text.ff_req_grant
                0x00014e1c       0x26 ./L4_IO/fat/option/reentrant.o
                0x00014e1c                ff_req_grant
 .text.ff_rel_grant
                0x00014e42       0x1e ./L4_IO/fat/option/reentrant.o
                0x00014e42                ff_rel_grant
 .text.disk_initialize
                0x00014e60       0x26 ./L4_IO/fat/disk/diskio.o
                0x00014e60                disk_initialize
 .text.disk_status
                0x00014e86        0xe ./L4_IO/fat/disk/diskio.o
                0x00014e86                disk_status
 .text.disk_read
                0x00014e94       0x38 ./L4_IO/fat/disk/diskio.o
                0x00014e94                disk_read
 .text.disk_write
                0x00014ecc       0x38 ./L4_IO/fat/disk/diskio.o
                0x00014ecc                disk_write
 .text.disk_ioctl
                0x00014f04       0x32 ./L4_IO/fat/disk/diskio.o
                0x00014f04                disk_ioctl
 .text.sys_get_uptime_ms
                0x00014f36       0x12 ./L4_IO/fat/disk/sd.o
 .text.ssp_set_max_clock.constprop.2
                0x00014f48       0x30 ./L4_IO/fat/disk/sd.o
 .text.ssp1_exchange_byte
                0x00014f78       0x18 ./L4_IO/fat/disk/sd.o
 .text.wait_ready
                0x00014f90       0x34 ./L4_IO/fat/disk/sd.o
                0x00014f90                wait_ready
 .text.power_off
                0x00014fc4       0x24 ./L4_IO/fat/disk/sd.o
                0x00014fc4                power_off
 .text.rcvr_datablock
                0x00014fe8       0x8e ./L4_IO/fat/disk/sd.o
                0x00014fe8                rcvr_datablock
 .text.xmit_datablock
                0x00015076       0x52 ./L4_IO/fat/disk/sd.o
                0x00015076                xmit_datablock
 .text.send_cmd
                0x000150c8       0x98 ./L4_IO/fat/disk/sd.o
                0x000150c8                send_cmd
 .text.sd_update_card_status
                0x00015160       0x24 ./L4_IO/fat/disk/sd.o
                0x00015160                sd_update_card_status
 .text.sd_initialize
                0x00015184      0x17c ./L4_IO/fat/disk/sd.o
                0x00015184                sd_initialize
 .text.sd_status
                0x00015300       0x10 ./L4_IO/fat/disk/sd.o
                0x00015300                sd_status
 .text.sd_read  0x00015310       0x9c ./L4_IO/fat/disk/sd.o
                0x00015310                sd_read
 .text.sd_write
                0x000153ac       0xb8 ./L4_IO/fat/disk/sd.o
                0x000153ac                sd_write
 .text.sd_ioctl
                0x00015464      0x244 ./L4_IO/fat/disk/sd.o
                0x00015464                sd_ioctl
 .text._ZL24flash_get_mem_size_bytesv
                0x000156a8       0x20 ./L4_IO/fat/disk/spi_flash.o
 .text._ZL37flash_perform_page_io_of_fatfs_sectorPFvPhmmES_m
                0x000156c8       0x6c ./L4_IO/fat/disk/spi_flash.o
 .text.ssp1_exchange_data
                0x00015734       0xe0 ./L4_IO/fat/disk/spi_flash.o
 .text._ZL18flash_send_op_addr14flash_opcode_tm
                0x00015814       0x24 ./L4_IO/fat/disk/spi_flash.o
 .text._ZL15flash_read_pagePhmm
                0x00015838       0x44 ./L4_IO/fat/disk/spi_flash.o
 .text._ZL20flash_wait_for_readyv
                0x0001587c       0x44 ./L4_IO/fat/disk/spi_flash.o
 .text.flash_initialize
                0x000158c0       0x9c ./L4_IO/fat/disk/spi_flash.o
                0x000158c0                flash_initialize
 .text.flash_read_sectors
                0x0001595c       0x50 ./L4_IO/fat/disk/spi_flash.o
                0x0001595c                flash_read_sectors
 .text.flash_write_sectors
                0x000159ac       0x4c ./L4_IO/fat/disk/spi_flash.o
                0x000159ac                flash_write_sectors
 .text.flash_ioctl
                0x000159f8       0x38 ./L4_IO/fat/disk/spi_flash.o
                0x000159f8                flash_ioctl
 .text.flash_write_permanent_id
                0x00015a30       0x40 ./L4_IO/fat/disk/spi_flash.o
                0x00015a30                flash_write_permanent_id
 .text.flash_read_permanent_id
                0x00015a70       0x28 ./L4_IO/fat/disk/spi_flash.o
                0x00015a70                flash_read_permanent_id
 .text.flash_get_page_count
                0x00015a98       0x20 ./L4_IO/fat/disk/spi_flash.o
                0x00015a98                flash_get_page_count
 .text.flash_get_page_size
                0x00015ab8        0xc ./L4_IO/fat/disk/spi_flash.o
                0x00015ab8                flash_get_page_size
 .text.flash_supports_metadata
                0x00015ac4       0x10 ./L4_IO/fat/disk/spi_flash.o
                0x00015ac4                flash_supports_metadata
 .text._ZL16flash_write_pagePhmm
                0x00015ad4       0x8c ./L4_IO/fat/disk/spi_flash.o
 .text.flash_get_page_write_count
                0x00015b60       0x54 ./L4_IO/fat/disk/spi_flash.o
                0x00015b60                flash_get_page_write_count
 .text.flash_chip_erase
                0x00015bb4       0x28 ./L4_IO/fat/disk/spi_flash.o
                0x00015bb4                flash_chip_erase
 .text.get_fattime
                0x00015bdc       0x52 ./L4_IO/fat/fatfs_time.o
                0x00015bdc                get_fattime
 .text.mem_cpy  0x00015c2e       0x2e ./L4_IO/fat/ff.o
 .text.mem_set  0x00015c5c        0xe ./L4_IO/fat/ff.o
 .text.sum_sfn  0x00015c6a       0x1e ./L4_IO/fat/ff.o
 .text.get_ldnumber
                0x00015c88       0x40 ./L4_IO/fat/ff.o
 .text.get_fileinfo
                0x00015cc8       0xb0 ./L4_IO/fat/ff.o
 .text.sync_window
                0x00015d78       0x4a ./L4_IO/fat/ff.o
 *fill*         0x00015dc2        0x2 
 .text.sync_fs  0x00015dc4       0x78 ./L4_IO/fat/ff.o
 .text.move_window
                0x00015e3c       0x32 ./L4_IO/fat/ff.o
 *fill*         0x00015e6e        0x2 
 .text.check_fs
                0x00015e70       0x4c ./L4_IO/fat/ff.o
 .text.find_volume
                0x00015ebc      0x21c ./L4_IO/fat/ff.o
 .text.validate
                0x000160d8       0x3a ./L4_IO/fat/ff.o
 .text.unlock_fs
                0x00016112       0x1a ./L4_IO/fat/ff.o
 .text.clust2sect
                0x0001612c       0x16 ./L4_IO/fat/ff.o
                0x0001612c                clust2sect
 .text.get_fat  0x00016142       0xa6 ./L4_IO/fat/ff.o
                0x00016142                get_fat
 .text.dir_sdi  0x000161e8       0x7e ./L4_IO/fat/ff.o
 .text.put_fat  0x00016266       0xce ./L4_IO/fat/ff.o
                0x00016266                put_fat
 .text.create_chain
                0x00016334       0xa2 ./L4_IO/fat/ff.o
 .text.dir_next
                0x000163d6       0xee ./L4_IO/fat/ff.o
 .text.dir_find.part.9
                0x000164c4      0x128 ./L4_IO/fat/ff.o
 .text.follow_path
                0x000165ec      0x26c ./L4_IO/fat/ff.o
 .text.dir_register
                0x00016858      0x20c ./L4_IO/fat/ff.o
 .text.dir_remove
                0x00016a64       0x5a ./L4_IO/fat/ff.o
 *fill*         0x00016abe        0x2 
 .text.dir_read.constprop.11
                0x00016ac0       0xe8 ./L4_IO/fat/ff.o
 .text.remove_chain
                0x00016ba8       0x58 ./L4_IO/fat/ff.o
 .text.f_mount  0x00016c00       0x7c ./L4_IO/fat/ff.o
                0x00016c00                f_mount
 .text.f_open   0x00016c7c      0x124 ./L4_IO/fat/ff.o
                0x00016c7c                f_open
 .text.f_read   0x00016da0      0x17c ./L4_IO/fat/ff.o
                0x00016da0                f_read
 .text.f_write  0x00016f1c      0x1bc ./L4_IO/fat/ff.o
                0x00016f1c                f_write
 .text.f_sync   0x000170d8       0x8c ./L4_IO/fat/ff.o
                0x000170d8                f_sync
 .text.f_close  0x00017164       0x24 ./L4_IO/fat/ff.o
                0x00017164                f_close
 .text.f_lseek  0x00017188      0x15a ./L4_IO/fat/ff.o
                0x00017188                f_lseek
 .text.f_opendir
                0x000172e2       0x7e ./L4_IO/fat/ff.o
                0x000172e2                f_opendir
 .text.f_readdir
                0x00017360       0x5e ./L4_IO/fat/ff.o
                0x00017360                f_readdir
 .text.f_getfree
                0x000173be       0xca ./L4_IO/fat/ff.o
                0x000173be                f_getfree
 .text.f_unlink
                0x00017488       0xba ./L4_IO/fat/ff.o
                0x00017488                f_unlink
 .text.f_mkdir  0x00017542      0x156 ./L4_IO/fat/ff.o
                0x00017542                f_mkdir
 .text.f_rename
                0x00017698      0x120 ./L4_IO/fat/ff.o
                0x00017698                f_rename
 .text.f_mkfs   0x000177b8      0x484 ./L4_IO/fat/ff.o
                0x000177b8                f_mkfs
 .text.c_list_for_each_elm
                0x00017c3c       0x32 ./L3_Utils/src/c_list.o
                0x00017c3c                c_list_for_each_elm
 *fill*         0x00017c6e        0x2 
 .text._ZN16CommandProcessor10addHandlerEPFbR3strR7CharDevPvEPKcS8_S4_
                0x00017c70       0x78 ./L3_Utils/src/command_handler.o
                0x00017c70                CommandProcessor::addHandler(bool (*)(str&, CharDev&, void*), char const*, char const*, void*)
 .text._ZN16CommandProcessor24getRegisteredCommandListER7CharDev
                0x00017ce8       0x9c ./L3_Utils/src/command_handler.o
                0x00017ce8                CommandProcessor::getRegisteredCommandList(CharDev&)
 .text._ZN16CommandProcessor11getHelpTextER3strR7CharDev
                0x00017d84       0x74 ./L3_Utils/src/command_handler.o
                0x00017d84                CommandProcessor::getHelpText(str&, CharDev&)
 .text._ZN16CommandProcessor15prepareCmdParamER3strPKc
                0x00017df8       0x3c ./L3_Utils/src/command_handler.o
                0x00017df8                CommandProcessor::prepareCmdParam(str&, char const*)
 .text._ZN16CommandProcessor13handleCommandER3strR7CharDev
                0x00017e34      0x13c ./L3_Utils/src/command_handler.o
                0x00017e34                CommandProcessor::handleCommand(str&, CharDev&)
 .text.logger_get_buffer_ptr
                0x00017f70       0x44 ./L3_Utils/src/file_logger.o
 .text.logger_write_to_file
                0x00017fb4       0xb4 ./L3_Utils/src/file_logger.o
 .text.logger_task
                0x00018068       0xcc ./L3_Utils/src/file_logger.o
 .text.logger_write_log_message
                0x00018134       0x4c ./L3_Utils/src/file_logger.o
 .text.logger_send_flush_request
                0x00018180       0x34 ./L3_Utils/src/file_logger.o
                0x00018180                logger_send_flush_request
 .text.logger_init
                0x000181b4       0xdc ./L3_Utils/src/file_logger.o
                0x000181b4                logger_init
 .text.logger_set_printf
                0x00018290       0x1c ./L3_Utils/src/file_logger.o
                0x00018290                logger_set_printf
 .text.logger_log
                0x000182ac      0x140 ./L3_Utils/src/file_logger.o
                0x000182ac                logger_log
 .text.logger_log_raw
                0x000183ec       0x40 ./L3_Utils/src/file_logger.o
                0x000183ec                logger_log_raw
 .text.for_each_recur_alarm_callback
                0x0001842c       0x26 ./L3_Utils/src/rtc_alarm.o
 .text.for_each_alarm_callback
                0x00018452       0x5e ./L3_Utils/src/rtc_alarm.o
 .text.RTC_IRQHandler
                0x000184b0       0xa4 ./L3_Utils/src/rtc_alarm.o
                0x000184b0                RTC_IRQHandler
 .text._ZL9printlinePKcS0_
                0x00018554       0xb4 ./L3_Utils/src/scheduler_task.o
 .text._ZL9dbg_printPKcS0_
                0x00018608       0x78 ./L3_Utils/src/scheduler_task.o
 .text._Z24scheduler_c_task_privatePv
                0x00018680      0x11c ./L3_Utils/src/scheduler_task.o
                0x00018680                scheduler_c_task_private(void*)
 .text._Z18scheduler_init_allb
                0x0001879c       0xf0 ./L3_Utils/src/scheduler_task.o
                0x0001879c                scheduler_init_all(bool)
 .text._Z18scheduler_add_taskP14scheduler_task
                0x0001888c       0x20 ./L3_Utils/src/scheduler_task.o
                0x0001888c                scheduler_add_task(scheduler_task*)
 .text._Z15scheduler_startbb
                0x000188ac       0x44 ./L3_Utils/src/scheduler_task.o
                0x000188ac                scheduler_start(bool, bool)
 .text._ZN14scheduler_taskC2EPKcmhPv
                0x000188f0       0x34 ./L3_Utils/src/scheduler_task.o
                0x000188f0                scheduler_task::scheduler_task(char const*, unsigned long, unsigned char, void*)
                0x000188f0                scheduler_task::scheduler_task(char const*, unsigned long, unsigned char, void*)
 .text._ZN14scheduler_task15getSharedObjectEh
                0x00018924       0x18 ./L3_Utils/src/scheduler_task.o
                0x00018924                scheduler_task::getSharedObject(unsigned char)
 .text._ZN3strC2EPci
                0x0001893c       0x2a ./L3_Utils/src/str.o
                0x0001893c                str::str(char*, int)
                0x0001893c                str::str(char*, int)
 .text._ZN3strD2Ev
                0x00018966       0x24 ./L3_Utils/src/str.o
                0x00018966                str::~str()
                0x00018966                str::~str()
 .text._ZNK3str6getLenEv
                0x0001898a        0x6 ./L3_Utils/src/str.o
                0x0001898a                str::getLen() const
 .text._ZNK3str11getCapacityEv
                0x00018990        0x4 ./L3_Utils/src/str.o
                0x00018990                str::getCapacity() const
 .text._ZN3str5clearEv
                0x00018994        0x8 ./L3_Utils/src/str.o
                0x00018994                str::clear()
 .text._ZN3str5scanfEPKcz
                0x0001899c       0x1c ./L3_Utils/src/str.o
                0x0001899c                str::scanf(char const*, ...)
 .text._ZN3str8tokenizeEPKciz
                0x000189b8       0x4c ./L3_Utils/src/str.o
                0x000189b8                str::tokenize(char const*, int, ...)
 .text._ZNK3str9compareToEPKc
                0x00018a04       0x16 ./L3_Utils/src/str.o
                0x00018a04                str::compareTo(char const*) const
 .text._ZNK3str19compareToIgnoreCaseEPKc
                0x00018a1a       0x12 ./L3_Utils/src/str.o
                0x00018a1a                str::compareToIgnoreCase(char const*) const
 .text._ZNK3str22firstIndexOfIgnoreCaseEPKc
                0x00018a2c       0x90 ./L3_Utils/src/str.o
                0x00018a2c                str::firstIndexOfIgnoreCase(char const*) const
 .text._ZNK3str18containsIgnoreCaseEPKc
                0x00018abc        0xe ./L3_Utils/src/str.o
                0x00018abc                str::containsIgnoreCase(char const*) const
 .text._ZNK3str12firstIndexOfEPKc
                0x00018aca       0x16 ./L3_Utils/src/str.o
                0x00018aca                str::firstIndexOf(char const*) const
 .text._ZNK3str10beginsWithEPKc
                0x00018ae0       0x30 ./L3_Utils/src/str.o
                0x00018ae0                str::beginsWith(char const*) const
 .text._ZNK3str20beginsWithIgnoreCaseEPKc
                0x00018b10       0x30 ./L3_Utils/src/str.o
                0x00018b10                str::beginsWithIgnoreCase(char const*) const
 .text._ZNK3str29beginsWithWholeWordIgnoreCaseEPKcc
                0x00018b40       0x3c ./L3_Utils/src/str.o
                0x00018b40                str::beginsWithWholeWordIgnoreCase(char const*, char) const
 .text._ZN3str10eraseFirstEi
                0x00018b7c       0x28 ./L3_Utils/src/str.o
                0x00018b7c                str::eraseFirst(int)
 .text._ZN3str9eraseLastEi
                0x00018ba4       0x20 ./L3_Utils/src/str.o
                0x00018ba4                str::eraseLast(int)
 .text._ZN3str10eraseAfterEii
                0x00018bc4       0x38 ./L3_Utils/src/str.o
                0x00018bc4                str::eraseAfter(int, int)
 .text._ZN3str5eraseEPKc
                0x00018bfc       0x28 ./L3_Utils/src/str.o
                0x00018bfc                str::erase(char const*)
 .text._ZN3str15eraseFirstWordsEic
                0x00018c24       0x2a ./L3_Utils/src/str.o
                0x00018c24                str::eraseFirstWords(int, char)
 .text._ZN3str9trimStartEPKc
                0x00018c4e       0x40 ./L3_Utils/src/str.o
                0x00018c4e                str::trimStart(char const*)
 .text._ZN3str7trimEndEPKc
                0x00018c8e       0x3c ./L3_Utils/src/str.o
                0x00018c8e                str::trimEnd(char const*)
 .text._ZNK3streqEPKc
                0x00018cca        0x4 ./L3_Utils/src/str.o
                0x00018cca                str::operator==(char const*) const
 .text._ZNK3strclEv
                0x00018cce        0x4 ./L3_Utils/src/str.o
                0x00018cce                str::operator()() const
 .text._ZNK3strcviEv
                0x00018cd2        0x6 ./L3_Utils/src/str.o
                0x00018cd2                str::operator int() const
 .text._ZN3strixEi
                0x00018cd8       0x14 ./L3_Utils/src/str.o
                0x00018cd8                str::operator[](int)
 .text._ZN3str13reAllocateMemEi
                0x00018cec       0x4c ./L3_Utils/src/str.o
                0x00018cec                str::reAllocateMem(int)
 .text._ZN3str4initEi
                0x00018d38       0x10 ./L3_Utils/src/str.o
                0x00018d38                str::init(int)
 .text._ZN3strC2Ei
                0x00018d48        0xc ./L3_Utils/src/str.o
                0x00018d48                str::str(int)
                0x00018d48                str::str(int)
 .text._ZN3str7reserveEi
                0x00018d54        0xe ./L3_Utils/src/str.o
                0x00018d54                str::reserve(int)
 .text._ZN3str6printfEPKcz
                0x00018d62       0x42 ./L3_Utils/src/str.o
                0x00018d62                str::printf(char const*, ...)
 .text._ZN3str26ensureMemoryToInsertNCharsEi
                0x00018da4       0x22 ./L3_Utils/src/str.o
                0x00018da4                str::ensureMemoryToInsertNChars(int)
 .text._ZN3str11insertAtEndEPKc
                0x00018dc6       0x22 ./L3_Utils/src/str.o
                0x00018dc6                str::insertAtEnd(char const*)
 .text._ZN3strpLEc
                0x00018de8       0x1a ./L3_Utils/src/str.o
                0x00018de8                str::operator+=(char)
 .text._ZN3str8copyFromEPKc
                0x00018e02       0x3c ./L3_Utils/src/str.o
                0x00018e02                str::copyFrom(char const*)
 .text._ZN3straSEPKc
                0x00018e3e        0x4 ./L3_Utils/src/str.o
                0x00018e3e                str::operator=(char const*)
 .text.delay_us
                0x00018e42       0x1c ./L3_Utils/src/utilities.o
                0x00018e42                delay_us
 .text.is_freertos_running
                0x00018e5e        0xe ./L3_Utils/src/utilities.o
                0x00018e5e                is_freertos_running
 .text.delay_ms
                0x00018e6c       0x22 ./L3_Utils/src/utilities.o
                0x00018e6c                delay_ms
 *fill*         0x00018e8e        0x2 
 .text.adc0_start_conversion
                0x00018e90       0x24 ./L2_Drivers/src/adc.o
 .text.ADC_IRQHandler
                0x00018eb4       0x3c ./L2_Drivers/src/adc.o
                0x00018eb4                ADC_IRQHandler
 .text.adc0_init
                0x00018ef0       0x74 ./L2_Drivers/src/adc.o
                0x00018ef0                adc0_init
 .text.adc0_get_reading
                0x00018f64       0x78 ./L2_Drivers/src/adc.o
                0x00018f64                adc0_get_reading
 .text.CAN_tx_now
                0x00018fdc       0x32 ./L2_Drivers/src/can.o
 *fill*         0x0001900e        0x2 
 .text.CAN_handle_isr
                0x00019010       0x8c ./L2_Drivers/src/can.o
 .text.CAN_IRQHandler
                0x0001909c       0x28 ./L2_Drivers/src/can.o
                0x0001909c                CAN_IRQHandler
 .text.CAN_init
                0x000190c4      0x174 ./L2_Drivers/src/can.o
                0x000190c4                CAN_init
 .text.CAN_rx   0x00019238       0x8c ./L2_Drivers/src/can.o
                0x00019238                CAN_rx
 .text.CAN_is_bus_off
                0x000192c4       0x1c ./L2_Drivers/src/can.o
                0x000192c4                CAN_is_bus_off
 .text.CAN_tx   0x000192e0       0x9c ./L2_Drivers/src/can.o
                0x000192e0                CAN_tx
 .text.CAN_reset_bus
                0x0001937c       0x18 ./L2_Drivers/src/can.o
                0x0001937c                CAN_reset_bus
 .text.CAN_bypass_filter_accept_all_msgs
                0x00019394        0xc ./L2_Drivers/src/can.o
                0x00019394                CAN_bypass_filter_accept_all_msgs
 .text.CAN_gen_sid
                0x000193a0       0x34 ./L2_Drivers/src/can.o
                0x000193a0                CAN_gen_sid
 .text.CAN_setup_filter
                0x000193d4      0x130 ./L2_Drivers/src/can.o
                0x000193d4                CAN_setup_filter
 .text.handle_eint_list
                0x00019504       0x2c ./L2_Drivers/src/eint.o
 .text.eint3_enable.isra.0
                0x00019530       0x38 ./L2_Drivers/src/eint.o
 .text.EINT3_IRQHandler
                0x00019568       0x80 ./L2_Drivers/src/eint.o
                0x00019568                EINT3_IRQHandler
 .text.eint3_enable_port0
                0x000195e8       0x30 ./L2_Drivers/src/eint.o
                0x000195e8                eint3_enable_port0
 .text._ZN4I2C24initEj
                0x00019618       0x6c ./L2_Drivers/src/i2c2.o
                0x00019618                I2C2::init(unsigned int)
 .text._ZN4I2C2C2Ev
                0x00019684       0x14 ./L2_Drivers/src/i2c2.o
                0x00019684                I2C2::I2C2()
                0x00019684                I2C2::I2C2()
 .text.I2C2_IRQHandler
                0x00019698       0x24 ./L2_Drivers/src/i2c2.o
                0x00019698                I2C2_IRQHandler
 .text.RIT_IRQHandler
                0x000196bc       0x1c ./L2_Drivers/src/lpc_rit.o
                0x000196bc                RIT_IRQHandler
 .text.lpc_timer_get_struct
                0x000196d8       0x20 ./L2_Drivers/src/lpc_timers.o
 .text.lpc_timer_enable
                0x000196f8       0x50 ./L2_Drivers/src/lpc_timers.o
                0x000196f8                lpc_timer_enable
 .text._ZN12NordicStream5flushEv
                0x00019748       0x60 ./L2_Drivers/src/nrf_stream.o
                0x00019748                NordicStream::flush()
 .text._ZN12NordicStreamD2Ev
                0x000197a8       0x14 ./L2_Drivers/src/nrf_stream.o
                0x000197a8                NordicStream::~NordicStream()
                0x000197a8                NordicStream::~NordicStream()
 .text._ZN12NordicStreamD0Ev
                0x000197bc       0x12 ./L2_Drivers/src/nrf_stream.o
                0x000197bc                NordicStream::~NordicStream()
 .text._ZN12NordicStream7putCharEcj
                0x000197ce       0x22 ./L2_Drivers/src/nrf_stream.o
                0x000197ce                NordicStream::putChar(char, unsigned int)
 .text._ZN12NordicStream7getCharEPcj
                0x000197f0       0x38 ./L2_Drivers/src/nrf_stream.o
                0x000197f0                NordicStream::getChar(char*, unsigned int)
 .text._ZN12NordicStreamC2Ev
                0x00019828       0x40 ./L2_Drivers/src/nrf_stream.o
                0x00019828                NordicStream::NordicStream()
                0x00019828                NordicStream::NordicStream()
 .text.rtc_gettime
                0x00019868       0x54 ./L2_Drivers/src/rtc.o
                0x00019868                rtc_gettime
 .text.rtc_settime
                0x000198bc       0x68 ./L2_Drivers/src/rtc.o
                0x000198bc                rtc_settime
 .text.rtc_init
                0x00019924       0xd0 ./L2_Drivers/src/rtc.o
                0x00019924                rtc_init
 .text.rtc_get_date_time_str
                0x000199f4       0x14 ./L2_Drivers/src/rtc.o
                0x000199f4                rtc_get_date_time_str
 .text.ssp1_dma_init
                0x00019a08       0x1c ./L2_Drivers/src/spi_dma.o
                0x00019a08                ssp1_dma_init
 .text.ssp1_dma_transfer_block
                0x00019a24       0xc4 ./L2_Drivers/src/spi_dma.o
                0x00019a24                ssp1_dma_transfer_block
 .text.spi1_lock
                0x00019ae8       0x30 ./L2_Drivers/src/spi_sem.o
                0x00019ae8                spi1_lock
 .text.spi1_unlock
                0x00019b18       0x24 ./L2_Drivers/src/spi_sem.o
                0x00019b18                spi1_unlock
 .text._ZN7UartDevD2Ev
                0x00019b3c       0x14 ./L2_Drivers/src/uart0.o
                0x00019b3c                UartDev::~UartDev()
                0x00019b3c                UartDev::~UartDev()
 .text._ZN5Uart0D2Ev
                0x00019b50       0x14 ./L2_Drivers/src/uart0.o
                0x00019b50                Uart0::~Uart0()
                0x00019b50                Uart0::~Uart0()
 .text._ZN7UartDevD0Ev
                0x00019b64       0x12 ./L2_Drivers/src/uart0.o
                0x00019b64                UartDev::~UartDev()
 .text._ZN5Uart0D0Ev
                0x00019b76       0x12 ./L2_Drivers/src/uart0.o
                0x00019b76                Uart0::~Uart0()
 .text._ZN5Uart04initEjii
                0x00019b88       0x44 ./L2_Drivers/src/uart0.o
                0x00019b88                Uart0::init(unsigned int, int, int)
 .text._ZN5Uart0C2Ev
                0x00019bcc       0x1c ./L2_Drivers/src/uart0.o
                0x00019bcc                Uart0::Uart0()
                0x00019bcc                Uart0::Uart0()
 .text.UART0_IRQHandler
                0x00019be8       0x24 ./L2_Drivers/src/uart0.o
                0x00019be8                UART0_IRQHandler
 .text._ZN5Uart2D2Ev
                0x00019c0c       0x14 ./L2_Drivers/src/uart2.o
                0x00019c0c                Uart2::~Uart2()
                0x00019c0c                Uart2::~Uart2()
 .text._ZN5Uart2D0Ev
                0x00019c20       0x12 ./L2_Drivers/src/uart2.o
                0x00019c20                Uart2::~Uart2()
 *fill*         0x00019c32        0x2 
 .text._ZN5Uart2C2Ev
                0x00019c34       0x1c ./L2_Drivers/src/uart2.o
                0x00019c34                Uart2::Uart2()
                0x00019c34                Uart2::Uart2()
 .text.UART2_IRQHandler
                0x00019c50       0x24 ./L2_Drivers/src/uart2.o
                0x00019c50                UART2_IRQHandler
 .text._ZN5Uart3D2Ev
                0x00019c74       0x14 ./L2_Drivers/src/uart3.o
                0x00019c74                Uart3::~Uart3()
                0x00019c74                Uart3::~Uart3()
 .text._ZN5Uart3D0Ev
                0x00019c88       0x12 ./L2_Drivers/src/uart3.o
                0x00019c88                Uart3::~Uart3()
 *fill*         0x00019c9a        0x2 
 .text._ZN5Uart3C2Ev
                0x00019c9c       0x1c ./L2_Drivers/src/uart3.o
                0x00019c9c                Uart3::Uart3()
                0x00019c9c                Uart3::Uart3()
 .text.UART3_IRQHandler
                0x00019cb8       0x24 ./L2_Drivers/src/uart3.o
                0x00019cb8                UART3_IRQHandler
 .text._ZN7CharDev5flushEv
                0x00019cdc        0x4 ./L2_Drivers/base/char_dev.o
                0x00019cdc                CharDev::flush()
 .text._ZN7CharDevD2Ev
                0x00019ce0       0x18 ./L2_Drivers/base/char_dev.o
                0x00019ce0                CharDev::~CharDev()
                0x00019ce0                CharDev::~CharDev()
 .text._ZN7CharDevD0Ev
                0x00019cf8       0x12 ./L2_Drivers/base/char_dev.o
                0x00019cf8                CharDev::~CharDev()
 .text._ZN7CharDev3putEPKcj
                0x00019d0a       0x28 ./L2_Drivers/base/char_dev.o
                0x00019d0a                CharDev::put(char const*, unsigned int)
 *fill*         0x00019d32        0x2 
 .text._ZN7CharDev7putlineEPKcj
                0x00019d34       0x1c ./L2_Drivers/base/char_dev.o
                0x00019d34                CharDev::putline(char const*, unsigned int)
 .text._ZN7CharDev4getsEPcij
                0x00019d50       0x52 ./L2_Drivers/base/char_dev.o
                0x00019d50                CharDev::gets(char*, int, unsigned int)
 .text._ZN7CharDev6printfEPKcz
                0x00019da2       0x7a ./L2_Drivers/base/char_dev.o
                0x00019da2                CharDev::printf(char const*, ...)
 .text._ZN7CharDevC2Ev
                0x00019e1c       0x20 ./L2_Drivers/base/char_dev.o
                0x00019e1c                CharDev::CharDev()
                0x00019e1c                CharDev::CharDev()
 .text._ZN8I2C_Base8transferEccPcj
                0x00019e3c       0xe6 ./L2_Drivers/base/i2c_base.o
                0x00019e3c                I2C_Base::transfer(char, char, char*, unsigned int)
 .text._ZN8I2C_Base13readRegistersEccPcj
                0x00019f22        0x8 ./L2_Drivers/base/i2c_base.o
                0x00019f22                I2C_Base::readRegisters(char, char, char*, unsigned int)
 .text._ZN8I2C_Base7readRegEcc
                0x00019f2a       0x1a ./L2_Drivers/base/i2c_base.o
                0x00019f2a                I2C_Base::readReg(char, char)
 .text._ZN8I2C_Base14writeRegistersEccPcj
                0x00019f44        0x8 ./L2_Drivers/base/i2c_base.o
                0x00019f44                I2C_Base::writeRegisters(char, char, char*, unsigned int)
 .text._ZN8I2C_Base8writeRegEccc
                0x00019f4c       0x16 ./L2_Drivers/base/i2c_base.o
                0x00019f4c                I2C_Base::writeReg(char, char, char)
 .text._ZN8I2C_Base19checkDeviceResponseEc
                0x00019f62       0x16 ./L2_Drivers/base/i2c_base.o
                0x00019f62                I2C_Base::checkDeviceResponse(char)
 .text._ZN8I2C_BaseC2EP15LPC_I2C_TypeDef
                0x00019f78       0x5c ./L2_Drivers/base/i2c_base.o
                0x00019f78                I2C_Base::I2C_Base(LPC_I2C_TypeDef*)
                0x00019f78                I2C_Base::I2C_Base(LPC_I2C_TypeDef*)
 .text._ZN8I2C_Base4initEjj
                0x00019fd4       0x8c ./L2_Drivers/base/i2c_base.o
                0x00019fd4                I2C_Base::init(unsigned int, unsigned int)
 .text._ZN8I2C_Base15i2cStateMachineEv
                0x0001a060      0x122 ./L2_Drivers/base/i2c_base.o
                0x0001a060                I2C_Base::i2cStateMachine()
 *fill*         0x0001a182        0x2 
 .text._ZN8I2C_Base15handleInterruptEv
                0x0001a184       0x30 ./L2_Drivers/base/i2c_base.o
                0x0001a184                I2C_Base::handleInterrupt()
 .text._ZN7UartDev7putCharEcj
                0x0001a1b4       0x5a ./L2_Drivers/base/uart_dev.o
                0x0001a1b4                UartDev::putChar(char, unsigned int)
 .text._ZN7UartDev5flushEv
                0x0001a20e       0x20 ./L2_Drivers/base/uart_dev.o
                0x0001a20e                UartDev::flush()
 .text._ZN7UartDev7getCharEPcj
                0x0001a22e       0x78 ./L2_Drivers/base/uart_dev.o
                0x0001a22e                UartDev::getChar(char*, unsigned int)
 *fill*         0x0001a2a6        0x2 
 .text._ZN7UartDev11setBaudRateEj
                0x0001a2a8       0x3c ./L2_Drivers/base/uart_dev.o
                0x0001a2a8                UartDev::setBaudRate(unsigned int)
 .text._ZN7UartDev15handleInterruptEv
                0x0001a2e4       0xb4 ./L2_Drivers/base/uart_dev.o
                0x0001a2e4                UartDev::handleInterrupt()
 .text._ZN7UartDevC2EPj
                0x0001a398       0x28 ./L2_Drivers/base/uart_dev.o
                0x0001a398                UartDev::UartDev(unsigned int*)
                0x0001a398                UartDev::UartDev(unsigned int*)
 .text._ZN7UartDev4initEjjii
                0x0001a3c0       0xb0 ./L2_Drivers/base/uart_dev.o
                0x0001a3c0                UartDev::init(unsigned int, unsigned int, int, int)
 .text.vListInitialise
                0x0001a470       0x16 ./L1_FreeRTOS/src/list.o
                0x0001a470                vListInitialise
 .text.vListInitialiseItem
                0x0001a486        0x6 ./L1_FreeRTOS/src/list.o
                0x0001a486                vListInitialiseItem
 .text.vListInsertEnd
                0x0001a48c       0x18 ./L1_FreeRTOS/src/list.o
                0x0001a48c                vListInsertEnd
 .text.vListInsert
                0x0001a4a4       0x30 ./L1_FreeRTOS/src/list.o
                0x0001a4a4                vListInsert
 .text.uxListRemove
                0x0001a4d4       0x20 ./L1_FreeRTOS/src/list.o
                0x0001a4d4                uxListRemove
 .text.prvCopyDataToQueue
                0x0001a4f4       0x66 ./L1_FreeRTOS/src/queue.o
 .text.prvNotifyQueueSetContainer
                0x0001a55a       0x34 ./L1_FreeRTOS/src/queue.o
 .text.prvCopyDataFromQueue
                0x0001a58e       0x26 ./L1_FreeRTOS/src/queue.o
 .text.prvUnlockQueue
                0x0001a5b4       0x78 ./L1_FreeRTOS/src/queue.o
 .text.xQueueGenericReset
                0x0001a62c       0x5a ./L1_FreeRTOS/src/queue.o
                0x0001a62c                xQueueGenericReset
 .text.xQueueGenericCreate
                0x0001a686       0x50 ./L1_FreeRTOS/src/queue.o
                0x0001a686                xQueueGenericCreate
 .text.xQueueCreateCountingSemaphore
                0x0001a6d6       0x12 ./L1_FreeRTOS/src/queue.o
                0x0001a6d6                xQueueCreateCountingSemaphore
 .text.xQueueGenericSend
                0x0001a6e8       0xe2 ./L1_FreeRTOS/src/queue.o
                0x0001a6e8                xQueueGenericSend
 .text.xQueueCreateMutex
                0x0001a7ca       0x4c ./L1_FreeRTOS/src/queue.o
                0x0001a7ca                xQueueCreateMutex
 .text.xQueueGenericSendFromISR
                0x0001a816       0x72 ./L1_FreeRTOS/src/queue.o
                0x0001a816                xQueueGenericSendFromISR
 .text.xQueueGenericReceive
                0x0001a888      0x102 ./L1_FreeRTOS/src/queue.o
                0x0001a888                xQueueGenericReceive
 .text.xQueueReceiveFromISR
                0x0001a98a       0x52 ./L1_FreeRTOS/src/queue.o
                0x0001a98a                xQueueReceiveFromISR
 .text.uxQueueMessagesWaiting
                0x0001a9dc       0x12 ./L1_FreeRTOS/src/queue.o
                0x0001a9dc                uxQueueMessagesWaiting
 .text.uxQueueMessagesWaitingFromISR
                0x0001a9ee        0x4 ./L1_FreeRTOS/src/queue.o
                0x0001a9ee                uxQueueMessagesWaitingFromISR
 .text.xQueueSelectFromSet
                0x0001a9f2       0x18 ./L1_FreeRTOS/src/queue.o
                0x0001a9f2                xQueueSelectFromSet
 .text.prvResetRunTimeStatsInList
                0x0001aa0a       0x2e ./L1_FreeRTOS/src/tasks.o
 .text.prvIdleTask
                0x0001aa38       0x18 ./L1_FreeRTOS/src/tasks.o
 .text.prvListTaskWithinSingleList
                0x0001aa50       0x8e ./L1_FreeRTOS/src/tasks.o
 *fill*         0x0001aade        0x2 
 .text.prvResetNextTaskUnblockTime
                0x0001aae0       0x24 ./L1_FreeRTOS/src/tasks.o
 .text.prvAddCurrentTaskToDelayedList
                0x0001ab04       0x50 ./L1_FreeRTOS/src/tasks.o
 .text.xTaskGenericCreate
                0x0001ab54      0x188 ./L1_FreeRTOS/src/tasks.o
                0x0001ab54                xTaskGenericCreate
 .text.vTaskStartScheduler
                0x0001acdc       0x54 ./L1_FreeRTOS/src/tasks.o
                0x0001acdc                vTaskStartScheduler
 .text.vTaskEndScheduler
                0x0001ad30       0x18 ./L1_FreeRTOS/src/tasks.o
                0x0001ad30                vTaskEndScheduler
 .text.vTaskSuspendAll
                0x0001ad48       0x10 ./L1_FreeRTOS/src/tasks.o
                0x0001ad48                vTaskSuspendAll
 .text.xTaskGetTickCount
                0x0001ad58       0x18 ./L1_FreeRTOS/src/tasks.o
                0x0001ad58                xTaskGetTickCount
 .text.xTaskGetTickCountFromISR
                0x0001ad70       0x18 ./L1_FreeRTOS/src/tasks.o
                0x0001ad70                xTaskGetTickCountFromISR
 .text.uxTaskGetNumberOfTasks
                0x0001ad88        0xc ./L1_FreeRTOS/src/tasks.o
                0x0001ad88                uxTaskGetNumberOfTasks
 .text.xTaskIncrementTick
                0x0001ad94       0xfc ./L1_FreeRTOS/src/tasks.o
                0x0001ad94                xTaskIncrementTick
 .text.xTaskResumeAll
                0x0001ae90       0xc0 ./L1_FreeRTOS/src/tasks.o
                0x0001ae90                xTaskResumeAll
 .text.vTaskDelayUntil
                0x0001af50       0x78 ./L1_FreeRTOS/src/tasks.o
                0x0001af50                vTaskDelayUntil
 .text.vTaskDelay
                0x0001afc8       0x54 ./L1_FreeRTOS/src/tasks.o
                0x0001afc8                vTaskDelay
 .text.uxTaskGetSystemState
                0x0001b01c       0x8c ./L1_FreeRTOS/src/tasks.o
                0x0001b01c                uxTaskGetSystemState
 .text.vTaskSwitchContext
                0x0001b0a8       0xc0 ./L1_FreeRTOS/src/tasks.o
                0x0001b0a8                vTaskSwitchContext
 .text.vTaskSuspend
                0x0001b168       0xa0 ./L1_FreeRTOS/src/tasks.o
                0x0001b168                vTaskSuspend
 .text.vTaskPlaceOnEventList
                0x0001b208       0x5c ./L1_FreeRTOS/src/tasks.o
                0x0001b208                vTaskPlaceOnEventList
 .text.xTaskRemoveFromEventList
                0x0001b264       0x6c ./L1_FreeRTOS/src/tasks.o
                0x0001b264                xTaskRemoveFromEventList
 .text.vTaskSetTimeOutState
                0x0001b2d0       0x18 ./L1_FreeRTOS/src/tasks.o
                0x0001b2d0                vTaskSetTimeOutState
 .text.xTaskCheckForTimeOut
                0x0001b2e8       0x4c ./L1_FreeRTOS/src/tasks.o
                0x0001b2e8                xTaskCheckForTimeOut
 .text.vTaskMissedYield
                0x0001b334        0xc ./L1_FreeRTOS/src/tasks.o
                0x0001b334                vTaskMissedYield
 .text.uxTaskGetStackHighWaterMark
                0x0001b340       0x20 ./L1_FreeRTOS/src/tasks.o
                0x0001b340                uxTaskGetStackHighWaterMark
 .text.xTaskGetCurrentTaskHandle
                0x0001b360        0xc ./L1_FreeRTOS/src/tasks.o
                0x0001b360                xTaskGetCurrentTaskHandle
 .text.xTaskGetSchedulerState
                0x0001b36c       0x20 ./L1_FreeRTOS/src/tasks.o
                0x0001b36c                xTaskGetSchedulerState
 .text.vTaskPriorityInherit
                0x0001b38c       0x94 ./L1_FreeRTOS/src/tasks.o
                0x0001b38c                vTaskPriorityInherit
 .text.vTaskPriorityDisinherit
                0x0001b420       0x68 ./L1_FreeRTOS/src/tasks.o
                0x0001b420                vTaskPriorityDisinherit
 .text.vTaskResetRunTimeStats
                0x0001b488       0x68 ./L1_FreeRTOS/src/tasks.o
                0x0001b488                vTaskResetRunTimeStats
 .text.vRunTimeStatIsrEntry
                0x0001b4f0       0x28 ./L1_FreeRTOS/src/tasks.o
                0x0001b4f0                vRunTimeStatIsrEntry
 .text.vRunTimeStatIsrExit
                0x0001b518       0x10 ./L1_FreeRTOS/src/tasks.o
                0x0001b518                vRunTimeStatIsrExit
 .text.prvPortStartFirstTask
                0x0001b528       0x14 ./L1_FreeRTOS/portable/port.o
 .text.pxPortInitialiseStack
                0x0001b53c       0x16 ./L1_FreeRTOS/portable/port.o
                0x0001b53c                pxPortInitialiseStack
 *fill*         0x0001b552        0x2 
 .text.vPortSVCHandler
                0x0001b554       0x20 ./L1_FreeRTOS/portable/port.o
                0x0001b554                vPortSVCHandler
 .text.vPortEndScheduler
                0x0001b574        0x2 ./L1_FreeRTOS/portable/port.o
                0x0001b574                vPortEndScheduler
 *fill*         0x0001b576        0x2 
 .text.vPortYield
                0x0001b578       0x18 ./L1_FreeRTOS/portable/port.o
                0x0001b578                vPortYield
 .text.ulPortSetInterruptMask
                0x0001b590       0x10 ./L1_FreeRTOS/portable/port.o
                0x0001b590                ulPortSetInterruptMask
 .text.vPortEnterCritical
                0x0001b5a0       0x1c ./L1_FreeRTOS/portable/port.o
                0x0001b5a0                vPortEnterCritical
 .text.vPortClearInterruptMask
                0x0001b5bc        0x6 ./L1_FreeRTOS/portable/port.o
                0x0001b5bc                vPortClearInterruptMask
 *fill*         0x0001b5c2        0x2 
 .text.vPortExitCritical
                0x0001b5c4       0x14 ./L1_FreeRTOS/portable/port.o
                0x0001b5c4                vPortExitCritical
 .text.xPortPendSVHandler
                0x0001b5d8       0x3c ./L1_FreeRTOS/portable/port.o
                0x0001b5d8                xPortPendSVHandler
 .text.xPortSysTickHandler
                0x0001b614       0x24 ./L1_FreeRTOS/portable/port.o
                0x0001b614                xPortSysTickHandler
 .text.vPortSetupTimerInterrupt
                0x0001b638       0x14 ./L1_FreeRTOS/portable/port.o
                0x0001b638                vPortSetupTimerInterrupt
 .text.xPortStartScheduler
                0x0001b64c       0x30 ./L1_FreeRTOS/portable/port.o
                0x0001b64c                xPortStartScheduler
 .text.vConfigureTimerForRunTimeStats
                0x0001b67c       0x14 ./L1_FreeRTOS/portable/run_time_stats.o
                0x0001b67c                vConfigureTimerForRunTimeStats
 .text.uxGetTimerForRunTimeStats
                0x0001b690       0x14 ./L1_FreeRTOS/portable/run_time_stats.o
                0x0001b690                uxGetTimerForRunTimeStats
 .text.resetRunTimeCounter
                0x0001b6a4       0x14 ./L1_FreeRTOS/portable/run_time_stats.o
                0x0001b6a4                resetRunTimeCounter
 .text.vApplicationIdleHook
                0x0001b6b8        0x4 ./L1_FreeRTOS/hooks/hooks.o
                0x0001b6b8                vApplicationIdleHook
 .text.vApplicationStackOverflowHook
                0x0001b6bc       0x38 ./L1_FreeRTOS/hooks/hooks.o
                0x0001b6bc                vApplicationStackOverflowHook
 .text.vApplicationMallocFailedHook
                0x0001b6f4       0x24 ./L1_FreeRTOS/hooks/hooks.o
                0x0001b6f4                vApplicationMallocFailedHook
 .text.pvPortMalloc
                0x0001b718       0x1e ./L1_FreeRTOS/MemMang/heap_3.o
                0x0001b718                pvPortMalloc
 .text.vPortFree
                0x0001b736       0x1a ./L1_FreeRTOS/MemMang/heap_3.o
                0x0001b736                vPortFree
 .text.__set_PSP
                0x0001b750        0x6 ./L0_LowLevel/source/core_cm3.o
                0x0001b750                __set_PSP
 .text.__set_MSP
                0x0001b756        0x6 ./L0_LowLevel/source/core_cm3.o
                0x0001b756                __set_MSP
 .text.__set_BASEPRI
                0x0001b75c        0x6 ./L0_LowLevel/source/core_cm3.o
                0x0001b75c                __set_BASEPRI
 *fill*         0x0001b762        0x2 
 .text.sys_get_boot_type
                0x0001b764        0xc ./L0_LowLevel/source/low_level_init.o
                0x0001b764                sys_get_boot_type
 .text.sys_get_boot_time
                0x0001b770       0x14 ./L0_LowLevel/source/low_level_init.o
                0x0001b770                sys_get_boot_time
 .text._Z14low_level_initv
                0x0001b784      0x238 ./L0_LowLevel/source/low_level_init.o
                0x0001b784                low_level_init()
 .text.lpc_pconp
                0x0001b9bc       0x30 ./L0_LowLevel/source/lpc_peripherals.o
                0x0001b9bc                lpc_pconp
 .text.lpc_pclk
                0x0001b9ec       0x48 ./L0_LowLevel/source/lpc_peripherals.o
                0x0001b9ec                lpc_pclk
 .text.lpc_sys_setup_system_timer
                0x0001ba34       0x54 ./L0_LowLevel/source/lpc_sys.o
                0x0001ba34                lpc_sys_setup_system_timer
 .text.sys_get_uptime_us
                0x0001ba88       0x28 ./L0_LowLevel/source/lpc_sys.o
                0x0001ba88                sys_get_uptime_us
 .text.sys_get_mem_info_str
                0x0001bab0       0x38 ./L0_LowLevel/source/lpc_sys.o
                0x0001bab0                sys_get_mem_info_str
 .text.TIMER1_IRQHandler
                0x0001bae8       0xbc ./L0_LowLevel/source/lpc_sys.o
                0x0001bae8                TIMER1_IRQHandler
 .text.isr_forwarder_routine
                0x0001bba4       0x3c ./L0_LowLevel/source/startup.o
 .text.isr_hard_fault_handler
                0x0001bbe0       0x58 ./L0_LowLevel/source/startup.o
                0x0001bbe0                isr_hard_fault_handler
 .text._ZL19sys_clock_pll0_feedv
                0x0001bc38       0x14 ./L0_LowLevel/source/sys_clock.o
 .text._ZL23sys_clock_configure_plljjPiS_S_.constprop.0
                0x0001bc4c       0x78 ./L0_LowLevel/source/sys_clock.o
 .text._Z19sys_clock_configurev
                0x0001bcc4       0xb0 ./L0_LowLevel/source/sys_clock.o
                0x0001bcc4                sys_clock_configure()
 .text.sys_get_cpu_clock
                0x0001bd74       0xb4 ./L0_LowLevel/source/sys_clock.o
                0x0001bd74                sys_get_cpu_clock
 .text.uart0_init
                0x0001be28       0x60 ./L0_LowLevel/source/uart0_min.o
                0x0001be28                uart0_init
 .text.uart0_getchar
                0x0001be88       0x18 ./L0_LowLevel/source/uart0_min.o
                0x0001be88                uart0_getchar
 .text.uart0_putchar
                0x0001bea0       0x1c ./L0_LowLevel/source/uart0_min.o
                0x0001bea0                uart0_putchar
 .text.uart0_puts
                0x0001bebc       0x1c ./L0_LowLevel/source/uart0_min.o
                0x0001bebc                uart0_puts
 .text._ZN10__cxxabiv121__vmi_class_type_infoD2Ev
                0x0001bed8       0x14 c:/sjsu_dev_243_can/toolchain/bin/../lib/gcc/arm-none-eabi/4.8.4/../../../../arm-none-eabi/lib/armv7-m\libstdc++_s.a(vmi_class_type_info.o)
                0x0001bed8                __cxxabiv1::__vmi_class_type_info::~__vmi_class_type_info()
                0x0001bed8                __cxxabiv1::__vmi_class_type_info::~__vmi_class_type_info()
 .text._ZN10__cxxabiv121__vmi_class_type_infoD0Ev
                0x0001beec       0x12 c:/sjsu_dev_243_can/toolchain/bin/../lib/gcc/arm-none-eabi/4.8.4/../../../../arm-none-eabi/lib/armv7-m\libstdc++_s.a(vmi_class_type_info.o)
                0x0001beec                __cxxabiv1::__vmi_class_type_info::~__vmi_class_type_info()
 .text._ZNK10__cxxabiv121__vmi_class_type_info20__do_find_public_srcEiPKvPKNS_17__class_type_infoES2_
                0x0001befe       0x7a c:/sjsu_dev_243_can/toolchain/bin/../lib/gcc/arm-none-eabi/4.8.4/../../../../arm-none-eabi/lib/armv7-m\libstdc++_s.a(vmi_class_type_info.o)
                0x0001befe                __cxxabiv1::__vmi_class_type_info::__do_find_public_src(int, void const*, __cxxabiv1::__class_type_info const*, void const*) const
 .text._ZNK10__cxxabiv117__class_type_info17__find_public_srcEiPKvPKS0_S2_
                0x0001bf78       0x28 c:/sjsu_dev_243_can/toolchain/bin/../lib/gcc/arm-none-eabi/4.8.4/../../../../arm-none-eabi/lib/armv7-m\libstdc++_s.a(vmi_class_type_info.o)
                0x0001bf78                __cxxabiv1::__class_type_info::__find_public_src(int, void const*, __cxxabiv1::__class_type_info const*, void const*) const
 .text._ZNK10__cxxabiv121__vmi_class_type_info12__do_dyncastEiNS_17__class_type_info10__sub_kindEPKS1_PKvS4_S6_RNS1_16__dyncast_resultE
                0x0001bfa0      0x270 c:/sjsu_dev_243_can/toolchain/bin/../lib/gcc/arm-none-eabi/4.8.4/../../../../arm-none-eabi/lib/armv7-m\libstdc++_s.a(vmi_class_type_info.o)
                0x0001bfa0                __cxxabiv1::__vmi_class_type_info::__do_dyncast(int, __cxxabiv1::__class_type_info::__sub_kind, __cxxabiv1::__class_type_info const*, void const*, __cxxabiv1::__class_type_info const*, void const*, __cxxabiv1::__class_type_info::__dyncast_result&) const
 .text._ZNK10__cxxabiv121__vmi_class_type_info11__do_upcastEPKNS_17__class_type_infoEPKvRNS1_15__upcast_resultE
                0x0001c210      0x126 c:/sjsu_dev_243_can/toolchain/bin/../lib/gcc/arm-none-eabi/4.8.4/../../../../arm-none-eabi/lib/armv7-m\libstdc++_s.a(vmi_class_type_info.o)
                0x0001c210                __cxxabiv1::__vmi_class_type_info::__do_upcast(__cxxabiv1::__class_type_info const*, void const*, __cxxabiv1::__class_type_info::__upcast_result&) const
 *fill*         0x0001c336        0x2 
 .text.__cxa_pure_virtual
                0x0001c338       0x14 c:/sjsu_dev_243_can/toolchain/bin/../lib/gcc/arm-none-eabi/4.8.4/../../../../arm-none-eabi/lib/armv7-m\libstdc++_s.a(pure.o)