Archive member included because of file (symbol)

c:/sjsu_dev/toolchain/bin/../lib/gcc/arm-none-eabi/4.8.4/../../../../arm-none-eabi/lib/armv7-m\libstdc++_s.a(vmi_class_type_info.o)
                              ./L2_Drivers/src/nrf_stream.o (vtable for __cxxabiv1::__vmi_class_type_info)
c:/sjsu_dev/toolchain/bin/../lib/gcc/arm-none-eabi/4.8.4/../../../../arm-none-eabi/lib/armv7-m\libstdc++_s.a(pure.o)
                              ./L5_Application/source/controller_motor.o (__cxa_pure_virtual)
c:/sjsu_dev/toolchain/bin/../lib/gcc/arm-none-eabi/4.8.4/../../../../arm-none-eabi/lib/armv7-m\libstdc++_s.a(guard.o)
                              ./L5_Application/source/cmd_handlers/handlers.o (__cxa_guard_acquire)
c:/sjsu_dev/toolchain/bin/../lib/gcc/arm-none-eabi/4.8.4/../../../../arm-none-eabi/lib/armv7-m\libstdc++_s.a(tinfo.o)
                              c:/sjsu_dev/toolchain/bin/../lib/gcc/arm-none-eabi/4.8.4/../../../../arm-none-eabi/lib/armv7-m\libstdc++_s.a(vmi_class_type_info.o) (std::type_info::__is_pointer_p() const)
c:/sjsu_dev/toolchain/bin/../lib/gcc/arm-none-eabi/4.8.4/../../../../arm-none-eabi/lib/armv7-m\libstdc++_s.a(class_type_info.o)
                              c:/sjsu_dev/toolchain/bin/../lib/gcc/arm-none-eabi/4.8.4/../../../../arm-none-eabi/lib/armv7-m\libstdc++_s.a(vmi_class_type_info.o) (__cxxabiv1::__class_type_info::__do_upcast(__cxxabiv1::__class_type_info const*, void**) const)
c:/sjsu_dev/toolchain/bin/../lib/gcc/arm-none-eabi/4.8.4/../../../../arm-none-eabi/lib/armv7-m\libstdc++_s.a(si_class_type_info.o)
                              ./L5_Application/source/controller_motor.o (vtable for __cxxabiv1::__si_class_type_info)
c:/sjsu_dev/toolchain/bin/../lib/gcc/arm-none-eabi/4.8.4/../../../../arm-none-eabi/lib/armv7-m\libstdc++_s.a(eh_terminate.o)
                              c:/sjsu_dev/toolchain/bin/../lib/gcc/arm-none-eabi/4.8.4/../../../../arm-none-eabi/lib/armv7-m\libstdc++_s.a(pure.o) (std::terminate())
c:/sjsu_dev/toolchain/bin/../lib/gcc/arm-none-eabi/4.8.4/../../../../arm-none-eabi/lib/armv7-m\libstdc++_s.a(eh_term_handler.o)
                              c:/sjsu_dev/toolchain/bin/../lib/gcc/arm-none-eabi/4.8.4/../../../../arm-none-eabi/lib/armv7-m\libstdc++_s.a(eh_terminate.o) (__cxxabiv1::__terminate_handler)
c:/sjsu_dev/toolchain/bin/../lib/gcc/arm-none-eabi/4.8.4/../../../../arm-none-eabi/lib/armv7-m\libstdc++_s.a(eh_unex_handler.o)
                              c:/sjsu_dev/toolchain/bin/../lib/gcc/arm-none-eabi/4.8.4/../../../../arm-none-eabi/lib/armv7-m\libstdc++_s.a(eh_terminate.o) (__cxxabiv1::__unexpected_handler)
c:/sjsu_dev/toolchain/bin/../lib/gcc/arm-none-eabi/4.8.4/armv7-m\libgcc.a(_ashldi3.o)
                              ./L0_LowLevel/source/lpc_peripherals.o (__aeabi_llsl)
c:/sjsu_dev/toolchain/bin/../lib/gcc/arm-none-eabi/4.8.4/armv7-m\libgcc.a(_arm_addsubdf3.o)
                              ./L5_Application/source/encoder_dp.o (__aeabi_dsub)
c:/sjsu_dev/toolchain/bin/../lib/gcc/arm-none-eabi/4.8.4/armv7-m\libgcc.a(_arm_fixunsdfsi.o)
                              ./L2_Drivers/base/uart_dev.o (__aeabi_d2uiz)
c:/sjsu_dev/toolchain/bin/../lib/gcc/arm-none-eabi/4.8.4/armv7-m\libgcc.a(_arm_truncdfsf2.o)
                              ./L5_Application/source/encoder_dp.o (__aeabi_d2f)
c:/sjsu_dev/toolchain/bin/../lib/gcc/arm-none-eabi/4.8.4/armv7-m\libgcc.a(_arm_addsubsf3.o)
                              ./L5_Application/source/cmd_handlers/handlers.o (__aeabi_fsub)
c:/sjsu_dev/toolchain/bin/../lib/gcc/arm-none-eabi/4.8.4/armv7-m\libgcc.a(_arm_muldivsf3.o)
                              ./L5_Application/source/cmd_handlers/handlers.o (__aeabi_fmul)
c:/sjsu_dev/toolchain/bin/../lib/gcc/arm-none-eabi/4.8.4/armv7-m\libgcc.a(_arm_cmpsf2.o)
                              ./L3_Utils/src/str.o (__aeabi_fcmplt)
c:/sjsu_dev/toolchain/bin/../lib/gcc/arm-none-eabi/4.8.4/armv7-m\libgcc.a(_arm_fixsfsi.o)
                              ./L5_Application/source/cmd_handlers/handlers.o (__aeabi_f2iz)
c:/sjsu_dev/toolchain/bin/../lib/gcc/arm-none-eabi/4.8.4/armv7-m\libgcc.a(_arm_fixunssfsi.o)
                              ./L5_Application/source/controller_motor.o (__aeabi_f2uiz)
c:/sjsu_dev/toolchain/bin/../lib/gcc/arm-none-eabi/4.8.4/armv7-m\libgcc.a(_aeabi_uldivmod.o)
                              ./L5_Application/source/cmd_handlers/handlers.o (__aeabi_uldivmod)
c:/sjsu_dev/toolchain/bin/../lib/gcc/arm-none-eabi/4.8.4/armv7-m\libgcc.a(bpabi.o)
                              c:/sjsu_dev/toolchain/bin/../lib/gcc/arm-none-eabi/4.8.4/armv7-m\libgcc.a(_aeabi_uldivmod.o) (__gnu_uldivmod_helper)
c:/sjsu_dev/toolchain/bin/../lib/gcc/arm-none-eabi/4.8.4/armv7-m\libgcc.a(_dvmd_tls.o)
                              c:/sjsu_dev/toolchain/bin/../lib/gcc/arm-none-eabi/4.8.4/armv7-m\libgcc.a(_aeabi_uldivmod.o) (__aeabi_ldiv0)
c:/sjsu_dev/toolchain/bin/../lib/gcc/arm-none-eabi/4.8.4/armv7-m\libgcc.a(_divdi3.o)
[...]
Memory Configuration

Name             Origin             Length             Attributes
MFlash512        0x00010000         0x00070000         xr
RamLoc32         0x10000000         0x00008000         xrw
RamAHB32         0x2007c000         0x00008000         xrw
*default*        0x00000000         0xffffffff

Linker script and memory map

LOAD ./newlib/malloc_lock.o
LOAD ./newlib/memory.o
LOAD ./newlib/newlib_syscalls.o
LOAD ./newlib/newlib_time.o
LOAD ./newlib/printf_lib.o
LOAD ./L5_Application/source/cmd_handlers/handlers.o
LOAD ./L5_Application/source/cmd_handlers/prog_handlers.o
LOAD ./L5_Application/source/cmd_handlers/wireless_handlers.o
LOAD ./L5_Application/source/can_common.o
LOAD ./L5_Application/source/controller_bt_android.o
LOAD ./L5_Application/source/controller_dummy.o
LOAD ./L5_Application/source/controller_geo.o
LOAD ./L5_Application/source/controller_io.o
LOAD ./L5_Application/source/controller_master.o
LOAD ./L5_Application/source/controller_motor.o
LOAD ./L5_Application/source/controller_sensor.o
LOAD ./L5_Application/source/encoder_dp.o
LOAD ./L5_Application/source/high_level_init.o
LOAD ./L5_Application/source/remote.o
LOAD ./L5_Application/source/terminal.o
LOAD ./L5_Application/examples/examples.o
LOAD ./L5_Application/examples/rn_xv_task.o
LOAD ./L5_Application/main.o
LOAD ./L4_IO/wireless/src/mesh.o
LOAD ./L4_IO/wireless/src/nrf24L01Plus.o
LOAD ./L4_IO/wireless/src/wireless.o
LOAD ./L4_IO/src/gpio.o
LOAD ./L4_IO/src/io_source.o
LOAD ./L4_IO/src/storage.o
LOAD ./L4_IO/fat/option/ccsbcs.o
LOAD ./L4_IO/fat/option/reentrant.o
LOAD ./L4_IO/fat/disk/diskio.o
LOAD ./L4_IO/fat/disk/sd.o
LOAD ./L4_IO/fat/disk/spi_flash.o
LOAD ./L4_IO/fat/fatfs_time.o
LOAD ./L4_IO/fat/ff.o
LOAD ./L3_Utils/tlm/src/c_tlm_binary.o
LOAD ./L3_Utils/tlm/src/c_tlm_comp.o
LOAD ./L3_Utils/tlm/src/c_tlm_stream.o
LOAD ./L3_Utils/tlm/src/c_tlm_var.o
LOAD ./L3_Utils/src/c_list.o
LOAD ./L3_Utils/src/command_handler.o
LOAD ./L3_Utils/src/file_logger.o
LOAD ./L3_Utils/src/freertos_timer.o
LOAD ./L3_Utils/src/rtc_alarm.o
LOAD ./L3_Utils/src/scheduler_task.o
LOAD ./L3_Utils/src/str.o
LOAD ./L3_Utils/src/utilities.o
LOAD ./L2_Drivers/src/adc.o
LOAD ./L2_Drivers/src/can.o
LOAD ./L2_Drivers/src/eint.o
LOAD ./L2_Drivers/src/i2c2.o
LOAD ./L2_Drivers/src/lpc_pwm.o
LOAD ./L2_Drivers/src/lpc_rit.o
LOAD ./L2_Drivers/src/lpc_timers.o
LOAD ./L2_Drivers/src/nrf_stream.o
LOAD ./L2_Drivers/src/rtc.o
LOAD ./L2_Drivers/src/spi_dma.o
LOAD ./L2_Drivers/src/spi_sem.o
LOAD ./L2_Drivers/src/uart0.o
LOAD ./L2_Drivers/src/uart2.o
LOAD ./L2_Drivers/src/uart3.o
LOAD ./L2_Drivers/base/char_dev.o
LOAD ./L2_Drivers/base/i2c_base.o
LOAD ./L2_Drivers/base/uart_dev.o
LOAD ./L1_FreeRTOS/src/croutine.o
LOAD ./L1_FreeRTOS/src/event_groups.o
LOAD ./L1_FreeRTOS/src/list.o
LOAD ./L1_FreeRTOS/src/queue.o
LOAD ./L1_FreeRTOS/src/tasks.o
LOAD ./L1_FreeRTOS/src/timers.o
LOAD ./L1_FreeRTOS/portable/port.o
LOAD ./L1_FreeRTOS/portable/run_time_stats.o
LOAD ./L1_FreeRTOS/hooks/hooks.o
LOAD ./L1_FreeRTOS/MemMang/heap_1.o
LOAD ./L1_FreeRTOS/MemMang/heap_2.o
LOAD ./L1_FreeRTOS/MemMang/heap_3.o
LOAD ./L1_FreeRTOS/MemMang/heap_4.o
LOAD ./L0_LowLevel/source/core_cm3.o
LOAD ./L0_LowLevel/source/low_level_init.o
LOAD ./L0_LowLevel/source/lpc_peripherals.o
LOAD ./L0_LowLevel/source/lpc_sys.o
LOAD ./L0_LowLevel/source/startup.o
LOAD ./L0_LowLevel/source/sys_clock.o
LOAD ./L0_LowLevel/source/uart0_min.o
LOAD c:/sjsu_dev/toolchain/bin/../lib/gcc/arm-none-eabi/4.8.4/../../../../arm-none-eabi/lib/armv7-m\libstdc++_s.a
LOAD c:/sjsu_dev/toolchain/bin/../lib/gcc/arm-none-eabi/4.8.4/../../../../arm-none-eabi/lib/armv7-m\libm.a
START GROUP
LOAD c:/sjsu_dev/toolchain/bin/../lib/gcc/arm-none-eabi/4.8.4/armv7-m\libgcc.a
LOAD c:/sjsu_dev/toolchain/bin/../lib/gcc/arm-none-eabi/4.8.4/../../../../arm-none-eabi/lib/armv7-m\libc_s.a
END GROUP
START GROUP
LOAD c:/sjsu_dev/toolchain/bin/../lib/gcc/arm-none-eabi/4.8.4/armv7-m\libgcc.a
LOAD c:/sjsu_dev/toolchain/bin/../lib/gcc/arm-none-eabi/4.8.4/../../../../arm-none-eabi/lib/armv7-m\libc_s.a
END GROUP
                0x20084000                __top_RamAHB32 = 0x20084000

.text           0x00010000    0x17430
 FILL mask 0xff
 *(.isr_vector)
 .isr_vector    0x00010000       0xcc ./L0_LowLevel/source/startup.o
                0x00010000                g_pfnVectors
                0x000100cc                . = ALIGN (0x4)
                0x000100cc                __section_table_start = .
                0x000100cc                __data_section_table = .
                0x000100cc        0x4 LONG 0x27438 LOADADDR (.data)
                0x000100d0        0x4 LONG 0x2007c000 ADDR (.data)
                0x000100d4        0x4 LONG 0x1cc SIZEOF (.data)
                0x000100d8                __data_section_table_end = .
                0x000100d8                __bss_section_table = .
                0x000100d8        0x4 LONG 0x2007c1d0 ADDR (.bss)
                0x000100dc        0x4 LONG 0x954 SIZEOF (.bss)
                0x000100e0                __bss_section_table_end = .
                0x000100e0                __section_table_end = .
 *(.after_vectors*)
 .after_vectors
                0x000100e0      0x11c ./L0_LowLevel/source/startup.o
                0x000100e0                isr_hard_fault
                0x000100fc                isr_nmi
                0x0001010c                isr_mem_fault
                0x0001011c                isr_bus_fault
                0x0001012c                isr_usage_fault
                0x0001013c                isr_debug_mon
                0x0001014c                UART1_IRQHandler
                0x0001014c                EINT2_IRQHandler
                0x0001014c                PLL0_IRQHandler
                0x0001014c                I2C1_IRQHandler
                0x0001014c                PLL1_IRQHandler
                0x0001014c                SSP0_IRQHandler
                0x0001014c                CANAct_IRQHandler
                0x0001014c                I2S_IRQHandler
                0x0001014c                TIMER0_IRQHandler
                0x0001014c                PWM1_IRQHandler
                0x0001014c                USBAct_IRQHandler
                0x0001014c                EINT1_IRQHandler
                0x0001014c                isr_default_handler
                0x0001014c                SSP1_IRQHandler
                0x0001014c                ENET_IRQHandler
                0x0001014c                USB_IRQHandler
                0x0001014c                BOD_IRQHandler
                0x0001014c                MCPWM_IRQHandler
                0x0001014c                WDT_IRQHandler
                0x0001014c                I2C0_IRQHandler
                0x0001014c                QEI_IRQHandler
                0x0001014c                EINT0_IRQHandler
                0x0001014c                DMA_IRQHandler
                0x0001014c                SPI_IRQHandler
                0x0001014c                TIMER2_IRQHandler
                0x0001015c                isr_sys_tick
                0x0001016e                data_init(unsigned int, unsigned int, unsigned int)
                0x00010180                bss_init(unsigned int, unsigned int)
 *(.text*)
 .text._sbrk    0x000101fc       0x74 ./newlib/memory.o
                0x000101fc                _sbrk
 .text._Znwj    0x00010270        0x4 ./newlib/memory.o
                0x00010270                operator new(unsigned int)
 .text._ZdlPv   0x00010274        0x4 ./newlib/memory.o
                0x00010274                operator delete(void*)
 .text._ZdaPv   0x00010278        0x4 ./newlib/memory.o
                0x00010278                operator delete[](void*)
 .text.sys_get_mem_info
                0x0001027c       0xb0 ./newlib/memory.o
                0x0001027c                sys_get_mem_info
 .text._ZN9__gnu_cxx27__verbose_terminate_handlerEv
                0x0001032c        0x2 ./newlib/memory.o
                0x0001032c                __gnu_cxx::__verbose_terminate_handler()
 *fill*         0x0001032e        0x2 
 .text.sys_set_outchar_func
                0x00010330        0xc ./newlib/newlib_syscalls.o
                0x00010330                sys_set_outchar_func
 .text.sys_set_inchar_func
                0x0001033c        0xc ./newlib/newlib_syscalls.o
                0x0001033c                sys_set_inchar_func
 .text._kill    0x00010348       0x10 ./newlib/newlib_syscalls.o
                0x00010348                _kill
 .text._exit    0x00010358       0x10 ./newlib/newlib_syscalls.o
                0x00010358                _exit
 .text._getpid  0x00010368        0x4 ./newlib/newlib_syscalls.o
                0x00010368                _getpid
 .text._init    0x0001036c        0x4 ./newlib/newlib_syscalls.o
                0x0001036c                _init
 .text._write   0x00010370       0x28 ./newlib/newlib_syscalls.o
                0x00010370                _write
 .text._read    0x00010398       0x2c ./newlib/newlib_syscalls.o
                0x00010398                _read
 .text.syscalls_init
                0x000103c4        0x2 ./newlib/newlib_syscalls.o
                0x000103c4                syscalls_init
 .text._fstat   0x000103c6        0x4 ./newlib/newlib_syscalls.o
                0x000103c6                _fstat
 *fill*         0x000103ca        0x2 
 .text._isatty  0x000103cc       0x24 ./newlib/newlib_syscalls.o
                0x000103cc                _isatty
 .text._lseek   0x000103f0        0x4 ./newlib/newlib_syscalls.o
                0x000103f0                _lseek
 .text._close   0x000103f4        0x4 ./newlib/newlib_syscalls.o
                0x000103f4                _close
 .text._gettimeofday
                0x000103f8       0x7c ./newlib/newlib_time.o
                0x000103f8                _gettimeofday
 .text.u0_dbg_put
                0x00010474       0x20 ./newlib/printf_lib.o
                0x00010474                u0_dbg_put
 .text.u0_dbg_printf
                0x00010494       0x3c ./newlib/printf_lib.o
                0x00010494                u0_dbg_printf
 .text._ZN7Storage13getFlashDriveEv
                0x000104d0       0x48 ./L5_Application/source/cmd_handlers/handlers.o
                0x000104d0                Storage::getFlashDrive()
 .text._ZN7Storage10getSDDriveEv
                0x00010518       0x48 ./L5_Application/source/cmd_handlers/handlers.o
                0x00010518                Storage::getSDDrive()
 .text._Z15taskListHandlerR3strR7CharDevPv
                0x00010560       0xec ./L5_Application/source/cmd_handlers/handlers.o
                0x00010560                taskListHandler(str&, CharDev&, void*)
 .text._Z14memInfoHandlerR3strR7CharDevPv
                0x0001064c       0x22 ./L5_Application/source/cmd_handlers/handlers.o
                0x0001064c                memInfoHandler(str&, CharDev&, void*)
 *fill*         0x0001066e        0x2 
 .text._Z11timeHandlerR3strR7CharDevPv
                0x00010670       0xc4 ./L5_Application/source/cmd_handlers/handlers.o
                0x00010670                timeHandler(str&, CharDev&, void*)
 .text._Z10logHandlerR3strR7CharDevPv
                0x00010734      0x110 ./L5_Application/source/cmd_handlers/handlers.o
                0x00010734                logHandler(str&, CharDev&, void*)
 .text._Z9cpHandlerR3strR7CharDevPv
                0x00010844       0x80 ./L5_Application/source/cmd_handlers/handlers.o
                0x00010844                cpHandler(str&, CharDev&, void*)
 .text._Z10catHandlerR3strR7CharDevPv
                0x000108c4      0x130 ./L5_Application/source/cmd_handlers/handlers.o
                0x000108c4                catHandler(str&, CharDev&, void*)
 .text._Z9lsHandlerR3strR7CharDevPv
                0x000109f4      0x1ac ./L5_Application/source/cmd_handlers/handlers.o
                0x000109f4                lsHandler(str&, CharDev&, void*)
 .text._Z12mkdirHandlerR3strR7CharDevPv
                0x00010ba0       0x3c ./L5_Application/source/cmd_handlers/handlers.o
                0x00010ba0                mkdirHandler(str&, CharDev&, void*)
 .text._Z9rmHandlerR3strR7CharDevPv
                0x00010bdc       0x3c ./L5_Application/source/cmd_handlers/handlers.o
                0x00010bdc                rmHandler(str&, CharDev&, void*)
 .text._Z9mvHandlerR3strR7CharDevPv
                0x00010c18       0x5c ./L5_Application/source/cmd_handlers/handlers.o
                0x00010c18                mvHandler(str&, CharDev&, void*)
 .text._Z14newFileHandlerR3strR7CharDevPv
                0x00010c74       0xb0 ./L5_Application/source/cmd_handlers/handlers.o
                0x00010c74                newFileHandler(str&, CharDev&, void*)
 .text._Z10dcpHandlerR3strR7CharDevPv
                0x00010d24      0x13c ./L5_Application/source/cmd_handlers/handlers.o
                0x00010d24                dcpHandler(str&, CharDev&, void*)
 .text._Z14storageHandlerR3strR7CharDevPv
                0x00010e60       0xb4 ./L5_Application/source/cmd_handlers/handlers.o
                0x00010e60                storageHandler(str&, CharDev&, void*)
 .text._Z13rebootHandlerR3strR7CharDevPv
                0x00010f14       0x30 ./L5_Application/source/cmd_handlers/handlers.o
                0x00010f14                rebootHandler(str&, CharDev&, void*)
 .text._Z14learnIrHandlerR3strR7CharDevPv
                0x00010f44       0x34 ./L5_Application/source/cmd_handlers/handlers.o
                0x00010f44                learnIrHandler(str&, CharDev&, void*)
 .text._ZN17SingletonTemplateI4I2C2E11getInstanceEv
                0x00010f78       0x20 ./L5_Application/source/cmd_handlers/handlers.o
                0x00010f78                SingletonTemplate<I2C2>::getInstance()
 .text._Z12i2cIoHandlerR3strR7CharDevPv
                0x00010f98      0x188 ./L5_Application/source/cmd_handlers/handlers.o
                0x00010f98                i2cIoHandler(str&, CharDev&, void*)
 .text._Z13healthHandlerR3strR7CharDevPv
                0x00011120      0x1a4 ./L5_Application/source/cmd_handlers/handlers.o
                0x00011120                healthHandler(str&, CharDev&, void*)
 .text._Z16flashProgHandlerR3strR7CharDevPv
                0x000112c4       0xac ./L5_Application/source/cmd_handlers/prog_handlers.o
                0x000112c4                flashProgHandler(str&, CharDev&, void*)
 .text._Z14getFileHandlerR3strR7CharDevPv
                0x00011370      0x130 ./L5_Application/source/cmd_handlers/prog_handlers.o
                0x00011370                getFileHandler(str&, CharDev&, void*)
 .text._ZL25wirelessHandlerPrintStatsR7CharDevP12mesh_stats_th
                0x000114a0       0x3c ./L5_Application/source/cmd_handlers/wireless_handlers.o
 .text._ZL14wsStatsHandlerR3strR7CharDevPv
                0x000114dc       0x1e ./L5_Application/source/cmd_handlers/wireless_handlers.o
 *fill*         0x000114fa        0x2 
 .text._ZL11wsTxHandlerR3strR7CharDevPv
                0x000114fc      0x118 ./L5_Application/source/cmd_handlers/wireless_handlers.o
 .text._ZL13wsAddrHandlerR3strR7CharDevPv
                0x00011614       0x34 ./L5_Application/source/cmd_handlers/wireless_handlers.o
 .text._Z12wsRteHandlerR3strR7CharDevPv
                0x00011648       0x74 ./L5_Application/source/cmd_handlers/wireless_handlers.o
                0x00011648                wsRteHandler(str&, CharDev&, void*)
 .text._ZL11wsRxHandlerR3strR7CharDevPv
                0x000116bc       0x80 ./L5_Application/source/cmd_handlers/wireless_handlers.o
 .text._Z15wirelessHandlerR3strR7CharDevPv
                0x0001173c      0x160 ./L5_Application/source/cmd_handlers/wireless_handlers.o
                0x0001173c                wirelessHandler(str&, CharDev&, void*)
 .text._ZN17SingletonTemplateI12NordicStreamE11getInstanceEv
                0x0001189c       0x20 ./L5_Application/source/cmd_handlers/wireless_handlers.o
                0x0001189c                SingletonTemplate<NordicStream>::getInstance()
 .text._ZL15wsFileTxHandlerR3strR7CharDevPv
                0x000118bc      0x220 ./L5_Application/source/cmd_handlers/wireless_handlers.o
 .text._ZL15wsStreamHandlerR3strR7CharDevPv
                0x00011adc      0x120 ./L5_Application/source/cmd_handlers/wireless_handlers.o
 .text._ZN14can_controller14enum_to_stringEv
                0x00011bfc      0x198 ./L5_Application/source/can_common.o
                0x00011bfc                can_controller::enum_to_string()
 .text._ZN14can_controller9can_setupEP12can_msg_id_tj
                0x00011d94       0xc2 ./L5_Application/source/can_common.o
                0x00011d94                can_controller::can_setup(can_msg_id_t*, unsigned int)
 .text._ZN14can_controllerC2E15controller_id_tP12can_msg_id_tj
                0x00011e56       0x22 ./L5_Application/source/can_common.o
                0x00011e56                can_controller::can_controller(controller_id_t, can_msg_id_t*, unsigned int)
                0x00011e56                can_controller::can_controller(controller_id_t, can_msg_id_t*, unsigned int)
 .text._ZN14can_controller12get_rx_countEv
                0x00011e78        0x4 ./L5_Application/source/can_common.o
                0x00011e78                can_controller::get_rx_count()
 .text._ZN14can_controller12get_rx_bytesEv
                0x00011e7c        0x4 ./L5_Application/source/can_common.o
                0x00011e7c                can_controller::get_rx_bytes()
 .text._ZN14can_controller12get_tx_countEv
                0x00011e80        0x4 ./L5_Application/source/can_common.o
                0x00011e80                can_controller::get_tx_count()
 .text._ZN14can_controller12get_tx_bytesEv
                0x00011e84        0x4 ./L5_Application/source/can_common.o
                0x00011e84                can_controller::get_tx_bytes()
 .text._ZN14can_controller12processResetEv
                0x00011e88       0x20 ./L5_Application/source/can_common.o
                0x00011e88                can_controller::processReset()
 .text._ZN17SingletonTemplateI3LEDE11getInstanceEv
                0x00011ea8       0x1c ./L5_Application/source/can_common.o
                0x00011ea8                SingletonTemplate<LED>::getInstance()
 .text._ZN14can_controller8can_sendE15controller_id_t8msg_id_tPht
                0x00011ec4      0x200 ./L5_Application/source/can_common.o
                0x00011ec4                can_controller::can_send(controller_id_t, msg_id_t, unsigned char*, unsigned short)
 .text._ZN14can_controller8can_recvEP15controller_id_tP8msg_id_tPhPt
                0x000120c4      0x1c8 ./L5_Application/source/can_common.o
                0x000120c4                can_controller::can_recv(controller_id_t*, msg_id_t*, unsigned char*, unsigned short*)
 .text._ZN14can_controller19processBootSequenceEh
                0x0001228c       0x74 ./L5_Application/source/can_common.o
                0x0001228c                can_controller::processBootSequence(unsigned char)
 .text._ZN14scheduler_taskD2Ev
                0x00012300        0xc ./L5_Application/source/controller_motor.o
                0x00012300                scheduler_task::~scheduler_task()
                0x00012300                scheduler_task::~scheduler_task()
 .text._ZN14scheduler_task4initEv
                0x0001230c        0x4 ./L5_Application/source/controller_motor.o
                0x0001230c                scheduler_task::init()
 .text._ZN14scheduler_task6regTlmEv
                0x00012310        0x4 ./L5_Application/source/controller_motor.o
                0x00012310                scheduler_task::regTlm()
 .text._ZN14scheduler_task9taskEntryEv
                0x00012314        0x4 ./L5_Application/source/controller_motor.o
                0x00012314                scheduler_task::taskEntry()
 .text._ZN9debugTaskD2Ev
                0x00012318        0xc ./L5_Application/source/controller_motor.o
                0x00012318                debugTask::~debugTask()
                0x00012318                debugTask::~debugTask()
 .text._ZN19periodicEncoderTaskD2Ev
                0x00012324        0xc ./L5_Application/source/controller_motor.o
                0x00012324                periodicEncoderTask::~periodicEncoderTask()
                0x00012324                periodicEncoderTask::~periodicEncoderTask()
 .text._ZN16canRxProcessTaskD2Ev
                0x00012330        0xc ./L5_Application/source/controller_motor.o
                0x00012330                canRxProcessTask::~canRxProcessTask()
                0x00012330                canRxProcessTask::~canRxProcessTask()
 .text._ZN15canRxBufferTaskD2Ev
                0x0001233c        0xc ./L5_Application/source/controller_motor.o
                0x0001233c                canRxBufferTask::~canRxBufferTask()
                0x0001233c                canRxBufferTask::~canRxBufferTask()
 .text._ZN14scheduler_taskD0Ev
                0x00012348       0x14 ./L5_Application/source/controller_motor.o
                0x00012348                scheduler_task::~scheduler_task()
 .text._ZN9debugTaskD0Ev
                0x0001235c       0x14 ./L5_Application/source/controller_motor.o
                0x0001235c                debugTask::~debugTask()
 .text._ZN19periodicEncoderTaskD0Ev
                0x00012370       0x14 ./L5_Application/source/controller_motor.o
                0x00012370                periodicEncoderTask::~periodicEncoderTask()
 .text._ZN16canRxProcessTaskD0Ev
                0x00012384       0x14 ./L5_Application/source/controller_motor.o
                0x00012384                canRxProcessTask::~canRxProcessTask()
 .text._ZN15canRxBufferTaskD0Ev
                0x00012398       0x14 ./L5_Application/source/controller_motor.o
                0x00012398                canRxBufferTask::~canRxBufferTask()
 .text._ZN19periodicEncoderTask3runEPv
                0x000123ac       0x24 ./L5_Application/source/controller_motor.o
                0x000123ac                periodicEncoderTask::run(void*)
 .text._ZN15canRxBufferTaskC2Eh
                0x000123d0       0x28 ./L5_Application/source/controller_motor.o
                0x000123d0                canRxBufferTask::canRxBufferTask(unsigned char)
                0x000123d0                canRxBufferTask::canRxBufferTask(unsigned char)
 .text._ZN16canRxProcessTaskC2Eh
                0x000123f8       0x2c ./L5_Application/source/controller_motor.o
                0x000123f8                canRxProcessTask::canRxProcessTask(unsigned char)
                0x000123f8                canRxProcessTask::canRxProcessTask(unsigned char)
 .text._ZN16canRxProcessTask16handle_heartbeatE5msg_t
                0x00012424       0x70 ./L5_Application/source/controller_motor.o
                0x00012424                canRxProcessTask::handle_heartbeat(msg_t)
 .text._ZN16canRxProcessTask24handle_speed_dir_commandE5msg_t
                0x00012494      0x22c ./L5_Application/source/controller_motor.o
                0x00012494                canRxProcessTask::handle_speed_dir_command(msg_t)
 .text._ZN16canRxProcessTask17handle_drive_modeE5msg_t
                0x000126c0       0x1c ./L5_Application/source/controller_motor.o
                0x000126c0                canRxProcessTask::handle_drive_mode(msg_t)
 .text._ZN17SingletonTemplateI11LED_DisplayE11getInstanceEv
                0x000126dc       0x3c ./L5_Application/source/controller_motor.o
                0x000126dc                SingletonTemplate<LED_Display>::getInstance()
 .text._ZN9debugTask3runEPv
                0x00012718      0x170 ./L5_Application/source/controller_motor.o
                0x00012718                debugTask::run(void*)
 .text._Z14controllerInitv
                0x00012888       0xf4 ./L5_Application/source/controller_motor.o
                0x00012888                controllerInit()
 .text._ZN15canRxBufferTask3runEPv
                0x0001297c       0x88 ./L5_Application/source/controller_motor.o
                0x0001297c                canRxBufferTask::run(void*)
 .text._ZN16canRxProcessTask3runEPv
                0x00012a04       0xb4 ./L5_Application/source/controller_motor.o
                0x00012a04                canRxProcessTask::run(void*)
 .text.startup._GLOBAL__sub_I_curr_pwm
                0x00012ab8       0x2c ./L5_Application/source/controller_motor.o
 .text._ZN11encoderTask3runEPv
                0x00012ae4        0x4 ./L5_Application/source/encoder_dp.o
                0x00012ae4                encoderTask::run(void*)
 .text._ZN11encoderTaskD2Ev
                0x00012ae8        0xc ./L5_Application/source/encoder_dp.o
                0x00012ae8                encoderTask::~encoderTask()
                0x00012ae8                encoderTask::~encoderTask()
 .text._ZN11encoderTaskD0Ev
                0x00012af4       0x14 ./L5_Application/source/encoder_dp.o
                0x00012af4                encoderTask::~encoderTask()
 .text._Z11initEchoInt11eint_intr_t
                0x00012b08       0x10 ./L5_Application/source/encoder_dp.o
                0x00012b08                initEchoInt(eint_intr_t)
 .text._Z7init_iov
                0x00012b18       0x64 ./L5_Application/source/encoder_dp.o
                0x00012b18                init_io()
 .text.TIMER3_IRQHandler
                0x00012b7c       0x60 ./L5_Application/source/encoder_dp.o
                0x00012b7c                TIMER3_IRQHandler
 .text._ZN11encoderTaskC2Ev
                0x00012bdc       0x28 ./L5_Application/source/encoder_dp.o
                0x00012bdc                encoderTask::encoderTask()
                0x00012bdc                encoderTask::encoderTask()
 .text._Z9motorInitv
                0x00012c04       0x4c ./L5_Application/source/encoder_dp.o
                0x00012c04                motorInit()
 .text._Z11pwm_dcmotorf
                0x00012c50       0x24 ./L5_Application/source/encoder_dp.o
                0x00012c50                pwm_dcmotor(float)
 .text._Z14pwm_servomotorf
                0x00012c74       0x1a ./L5_Application/source/encoder_dp.o
                0x00012c74                pwm_servomotor(float)
 *fill*         0x00012c8e        0x2 
 .text._Z11reverseInitv
                0x00012c90       0x88 ./L5_Application/source/encoder_dp.o
                0x00012c90                reverseInit()
 .text._Z12ext_callbackv
                0x00012d18       0x4c ./L5_Application/source/encoder_dp.o
                0x00012d18                ext_callback()
 .text._ZN11encoderTask4initEv
                0x00012d64       0x20 ./L5_Application/source/encoder_dp.o
                0x00012d64                encoderTask::init()
 .text._ZL13hl_print_linev
                0x00012d84        0xc ./L5_Application/source/high_level_init.o
 .text.ssp_set_max_clock
                0x00012d90       0x2c ./L5_Application/source/high_level_init.o
 .text._ZL16hl_mount_storageR16FileSystemObjectPKc
                0x00012dbc       0x94 ./L5_Application/source/high_level_init.o
 .text._ZN17SingletonTemplateI17TemperatureSensorE11getInstanceEv
                0x00012e50       0x28 ./L5_Application/source/high_level_init.o
                0x00012e50                SingletonTemplate<TemperatureSensor>::getInstance()
 .text._ZN17SingletonTemplateI12Light_SensorE11getInstanceEv
                0x00012e78       0x18 ./L5_Application/source/high_level_init.o
                0x00012e78                SingletonTemplate<Light_Sensor>::getInstance()
 .text._ZN17SingletonTemplateI8SwitchesE11getInstanceEv
                0x00012e90       0x18 ./L5_Application/source/high_level_init.o
                0x00012e90                SingletonTemplate<Switches>::getInstance()
 .text._Z15high_level_initv
                0x00012ea8      0x54c ./L5_Application/source/high_level_init.o
                0x00012ea8                high_level_init()
 .text._ZN17SingletonTemplateI9IR_SensorE11getInstanceEv
                0x000133f4       0x18 ./L5_Application/source/remote.o
                0x000133f4                SingletonTemplate<IR_Sensor>::getInstance()
 .text._ZN12terminalTask6regTlmEv
                0x0001340c        0x4 ./L5_Application/source/terminal.o
                0x0001340c                terminalTask::regTlm()
 .text._ZN6VECTORIN12terminalTask9cmdChan_tEE14changeCapacityEj.part.3
                0x00013410       0x34 ./L5_Application/source/terminal.o
 .text._ZN12terminalTaskD2Ev
                0x00013444       0x50 ./L5_Application/source/terminal.o
                0x00013444                terminalTask::~terminalTask()
                0x00013444                terminalTask::~terminalTask()
 .text._ZN12terminalTaskD0Ev
                0x00013494       0x12 ./L5_Application/source/terminal.o
                0x00013494                terminalTask::~terminalTask()
 *fill*         0x000134a6        0x2 
 .text._ZN12terminalTaskC2Eh
                0x000134a8       0xb0 ./L5_Application/source/terminal.o
                0x000134a8                terminalTask::terminalTask(unsigned char)
                0x000134a8                terminalTask::terminalTask(unsigned char)
 .text._ZN12terminalTask22handleEchoAndBackspaceEPNS_9cmdChan_tEc
                0x00013558       0x5c ./L5_Application/source/terminal.o
                0x00013558                terminalTask::handleEchoAndBackspace(terminalTask::cmdChan_t*, char)
 .text._ZN12terminalTask17addCommandChannelEP7CharDevb
                0x000135b4       0x40 ./L5_Application/source/terminal.o
                0x000135b4                terminalTask::addCommandChannel(CharDev*, bool)
 .text._ZN12terminalTask10getCommandEv
                0x000135f4      0x13a ./L5_Application/source/terminal.o
                0x000135f4                terminalTask::getCommand()
 *fill*         0x0001372e        0x2 
 .text._ZN12terminalTask3runEPv
                0x00013730       0x9c ./L5_Application/source/terminal.o
                0x00013730                terminalTask::run(void*)
 .text._ZN17SingletonTemplateI5Uart0E11getInstanceEv
                0x000137cc       0x20 ./L5_Application/source/terminal.o
                0x000137cc                SingletonTemplate<Uart0>::getInstance()
 .text._ZN5Uart017putcharIntrDrivenEc
                0x000137ec       0x18 ./L5_Application/source/terminal.o
                0x000137ec                Uart0::putcharIntrDriven(char)
 .text._ZN5Uart017getcharIntrDrivenEc
                0x00013804       0x22 ./L5_Application/source/terminal.o
                0x00013804                Uart0::getcharIntrDriven(char)
 *fill*         0x00013826        0x2 
 .text._ZN12terminalTask9taskEntryEv
                0x00013828      0x27c ./L5_Application/source/terminal.o
                0x00013828                terminalTask::taskEntry()
 .text._ZN12wirelessTaskD2Ev
                0x00013aa4        0xc ./L5_Application/main.o
                0x00013aa4                wirelessTask::~wirelessTask()
                0x00013aa4                wirelessTask::~wirelessTask()
 .text._ZN12wirelessTaskD0Ev
                0x00013ab0       0x14 ./L5_Application/main.o
                0x00013ab0                wirelessTask::~wirelessTask()
 .text._ZN12wirelessTask3runEPv
                0x00013ac4        0xa ./L5_Application/main.o
                0x00013ac4                wirelessTask::run(void*)
 *fill*         0x00013ace        0x2 
 .text.startup.main
                0x00013ad0       0x7c ./L5_Application/main.o
                0x00013ad0                main
 .text.mesh_incr_soft_timers_for_arr
                0x00013b4c       0x26 ./L4_IO/wireless/src/mesh.o
 *fill*         0x00013b72        0x2 
 .text.mesh_update_soft_timers
                0x00013b74       0x4c ./L4_IO/wireless/src/mesh.o
 .text.mesh_send_packet
                0x00013bc0       0x3c ./L4_IO/wireless/src/mesh.o
 .text.mesh_send_retry_packet
                0x00013bfc       0x34 ./L4_IO/wireless/src/mesh.o
 .text.mesh_find_rte_tbl_entry
                0x00013c30       0x24 ./L4_IO/wireless/src/mesh.o
 .text.mesh_update_rte_scores
                0x00013c54       0x28 ./L4_IO/wireless/src/mesh.o
 .text.mesh_get_pnd_pkt_slot
                0x00013c7c       0x46 ./L4_IO/wireless/src/mesh.o
 *fill*         0x00013cc2        0x2 
 .text.mesh_pending_packets_add
                0x00013cc4       0x8c ./L4_IO/wireless/src/mesh.o
 .text.mesh_get_rte_to_modify
                0x00013d50       0x60 ./L4_IO/wireless/src/mesh.o
 .text.mesh_handle_pnd_pkts_for_arr
                0x00013db0      0x184 ./L4_IO/wireless/src/mesh.o
 .text.mesh_set_node_address
                0x00013f34       0x18 ./L4_IO/wireless/src/mesh.o
                0x00013f34                mesh_set_node_address
 .text.mesh_get_node_address
                0x00013f4c        0xc ./L4_IO/wireless/src/mesh.o
                0x00013f4c                mesh_get_node_address
 .text.mesh_set_retry_count
                0x00013f58       0x10 ./L4_IO/wireless/src/mesh.o
                0x00013f58                mesh_set_retry_count
 .text.mesh_form_pkt
                0x00013f68       0xec ./L4_IO/wireless/src/mesh.o
                0x00013f68                mesh_form_pkt
 .text.mesh_send_formed_pkt
                0x00014054       0x5c ./L4_IO/wireless/src/mesh.o
                0x00014054                mesh_send_formed_pkt
 .text.mesh_init
                0x000140b0      0x104 ./L4_IO/wireless/src/mesh.o
                0x000140b0                mesh_init
 .text.mesh_send
                0x000141b4       0x42 ./L4_IO/wireless/src/mesh.o
                0x000141b4                mesh_send
 .text.mesh_send_ack
                0x000141f6       0x1a ./L4_IO/wireless/src/mesh.o
 .text.mesh_get_routing_entry
                0x00014210       0x2c ./L4_IO/wireless/src/mesh.o
                0x00014210                mesh_get_routing_entry
 .text.mesh_get_num_routing_entries
                0x0001423c       0x1c ./L4_IO/wireless/src/mesh.o
                0x0001423c                mesh_get_num_routing_entries
 .text.mesh_service
                0x00014258      0x2b0 ./L4_IO/wireless/src/mesh.o
                0x00014258                mesh_service
 .text.mesh_get_pnd_pkt_count
                0x00014508       0x34 ./L4_IO/wireless/src/mesh.o
                0x00014508                mesh_get_pnd_pkt_count
 .text.mesh_get_max_timeout_before_packet_fails
                0x0001453c       0x24 ./L4_IO/wireless/src/mesh.o
                0x0001453c                mesh_get_max_timeout_before_packet_fails
 .text.mesh_get_stats
                0x00014560       0x14 ./L4_IO/wireless/src/mesh.o
                0x00014560                mesh_get_stats
 .text.nordic_transfer
                0x00014574      0x124 ./L4_IO/wireless/src/nrf24L01Plus.o
 .text.nordic_readRegister
                0x00014698       0x20 ./L4_IO/wireless/src/nrf24L01Plus.o
 .text.nordic_writeRegister
                0x000146b8       0x20 ./L4_IO/wireless/src/nrf24L01Plus.o
 .text.nordic_is_tx_fifo_empty
                0x000146d8        0xe ./L4_IO/wireless/src/nrf24L01Plus.o
                0x000146d8                nordic_is_tx_fifo_empty
 .text.nordic_clear_all_intr_flags
                0x000146e6        0x8 ./L4_IO/wireless/src/nrf24L01Plus.o
                0x000146e6                nordic_clear_all_intr_flags
 .text.nordic_queue_tx_fifo
                0x000146ee       0x10 ./L4_IO/wireless/src/nrf24L01Plus.o
                0x000146ee                nordic_queue_tx_fifo
 .text.nordic_standby1_to_tx_mode1
                0x000146fe       0x18 ./L4_IO/wireless/src/nrf24L01Plus.o
                0x000146fe                nordic_standby1_to_tx_mode1
 *fill*         0x00014716        0x2 
 .text.nordic_rx_to_Stanby1
                0x00014718       0x10 ./L4_IO/wireless/src/nrf24L01Plus.o
                0x00014718                nordic_rx_to_Stanby1
 .text.nordic_standby1_to_rx
                0x00014728       0x24 ./L4_IO/wireless/src/nrf24L01Plus.o
                0x00014728                nordic_standby1_to_rx
 .text.nordic_clear_packet_sent_flag
                0x0001474c        0x8 ./L4_IO/wireless/src/nrf24L01Plus.o
                0x0001474c                nordic_clear_packet_sent_flag
 .text.nordic_flush_tx_fifo
                0x00014754        0xe ./L4_IO/wireless/src/nrf24L01Plus.o
                0x00014754                nordic_flush_tx_fifo
 *fill*         0x00014762        0x2 
 .text.nordic_mode1_send_single_packet
                0x00014764       0x4c ./L4_IO/wireless/src/nrf24L01Plus.o
                0x00014764                nordic_mode1_send_single_packet
 .text.nordic_is_packet_available
                0x000147b0       0x12 ./L4_IO/wireless/src/nrf24L01Plus.o
                0x000147b0                nordic_is_packet_available
 .text.nordic_clear_packet_available_flag
                0x000147c2        0x8 ./L4_IO/wireless/src/nrf24L01Plus.o
                0x000147c2                nordic_clear_packet_available_flag
 .text.nordic_read_rx_fifo
                0x000147ca       0x16 ./L4_IO/wireless/src/nrf24L01Plus.o
                0x000147ca                nordic_read_rx_fifo
 .text.nordic_flush_rx_fifo
                0x000147e0        0xe ./L4_IO/wireless/src/nrf24L01Plus.o
                0x000147e0                nordic_flush_rx_fifo
 .text.nordic_set_intr_signals
                0x000147ee       0x40 ./L4_IO/wireless/src/nrf24L01Plus.o
                0x000147ee                nordic_set_intr_signals
 .text.nordic_set_crc
                0x0001482e       0x3a ./L4_IO/wireless/src/nrf24L01Plus.o
                0x0001482e                nordic_set_crc
 .text.nordic_power_up
                0x00014868       0x18 ./L4_IO/wireless/src/nrf24L01Plus.o
                0x00014868                nordic_power_up
 .text.nordic_power_down
                0x00014880       0x18 ./L4_IO/wireless/src/nrf24L01Plus.o
                0x00014880                nordic_power_down
 .text.nordic_set_channel
                0x00014898       0x24 ./L4_IO/wireless/src/nrf24L01Plus.o
                0x00014898                nordic_set_channel
 .text.nordic_set_air_data_rate
                0x000148bc       0x2e ./L4_IO/wireless/src/nrf24L01Plus.o
                0x000148bc                nordic_set_air_data_rate
 .text.nordic_set_power_level
                0x000148ea       0x26 ./L4_IO/wireless/src/nrf24L01Plus.o
                0x000148ea                nordic_set_power_level
 .text.nordic_set_auto_transmit_options
                0x00014910       0x30 ./L4_IO/wireless/src/nrf24L01Plus.o
                0x00014910                nordic_set_auto_transmit_options
 .text.nordic_set_payload_for_pipe
                0x00014940       0x18 ./L4_IO/wireless/src/nrf24L01Plus.o
                0x00014940                nordic_set_payload_for_pipe
 .text.nordic_set_addr_width
                0x00014958       0x16 ./L4_IO/wireless/src/nrf24L01Plus.o
                0x00014958                nordic_set_addr_width
 .text.nordic_set_tx_address
                0x0001496e        0xe ./L4_IO/wireless/src/nrf24L01Plus.o
                0x0001496e                nordic_set_tx_address
 .text.nordic_set_rx_pipe0_addr
                0x0001497c        0xe ./L4_IO/wireless/src/nrf24L01Plus.o
                0x0001497c                nordic_set_rx_pipe0_addr
 *fill*         0x0001498a        0x2 
 .text.nordic_init
                0x0001498c       0xc8 ./L4_IO/wireless/src/nrf24L01Plus.o
                0x0001498c                nordic_init
 .text.nrf_irq_callback
                0x00014a54       0x30 ./L4_IO/wireless/src/wireless.o
 .text.nrf_driver_init
                0x00014a84       0x70 ./L4_IO/wireless/src/wireless.o
 .text.nrf_driver_app_recv
                0x00014af4       0x4c ./L4_IO/wireless/src/wireless.o
 .text.nrf_driver_send
                0x00014b40       0x5c ./L4_IO/wireless/src/wireless.o
 .text.nrf_driver_receive
                0x00014b9c       0x22 ./L4_IO/wireless/src/wireless.o
 .text.wireless_get_queued_pkt
                0x00014bbe       0x62 ./L4_IO/wireless/src/wireless.o
 .text.nrf_driver_get_timer
                0x00014c20       0x28 ./L4_IO/wireless/src/wireless.o
 .text.wireless_init
                0x00014c48       0x4c ./L4_IO/wireless/src/wireless.o
                0x00014c48                wireless_init
 .text.wireless_get_rx_pkt
                0x00014c94       0x14 ./L4_IO/wireless/src/wireless.o
                0x00014c94                wireless_get_rx_pkt
 .text.wireless_get_ack_pkt
                0x00014ca8       0x14 ./L4_IO/wireless/src/wireless.o
                0x00014ca8                wireless_get_ack_pkt
 .text.wireless_service
                0x00014cbc       0x4c ./L4_IO/wireless/src/wireless.o
                0x00014cbc                wireless_service
 .text._ZN11i2c2_device8writeRegEhh
                0x00014d08       0x18 ./L4_IO/src/io_source.o
                0x00014d08                i2c2_device::writeReg(unsigned char, unsigned char)
 .text._ZN11i2c2_device16get16BitRegisterEh
                0x00014d20       0x30 ./L4_IO/src/io_source.o
                0x00014d20                i2c2_device::get16BitRegister(unsigned char)
 .text._ZN19Acceleration_Sensor4initEv
                0x00014d50       0x22 ./L4_IO/src/io_source.o
                0x00014d50                Acceleration_Sensor::init()
 *fill*         0x00014d72        0x2 
 .text._ZN9IR_Sensor11storeIrCodeEm
                0x00014d74       0x1c ./L4_IO/src/io_source.o
                0x00014d74                IR_Sensor::storeIrCode(unsigned long)
 .text._ZN9IR_Sensor12decodeIrCodeEv
                0x00014d90       0x68 ./L4_IO/src/io_source.o
                0x00014d90                IR_Sensor::decodeIrCode()
 .text._ZN9IR_Sensor4initEv
                0x00014df8       0x30 ./L4_IO/src/io_source.o
                0x00014df8                IR_Sensor::init()
 .text._ZN11LED_Display12setLeftDigitEc
                0x00014e28       0x18 ./L4_IO/src/io_source.o
                0x00014e28                LED_Display::setLeftDigit(char)
 .text._ZN11LED_Display13setRightDigitEc
                0x00014e40       0x18 ./L4_IO/src/io_source.o
                0x00014e40                LED_Display::setRightDigit(char)
 .text._ZN11LED_Display4initEv
                0x00014e58       0x3a ./L4_IO/src/io_source.o
                0x00014e58                LED_Display::init()
 .text._ZN11LED_Display9setNumberEc
                0x00014e92       0x3e ./L4_IO/src/io_source.o
                0x00014e92                LED_Display::setNumber(char)
 .text._ZN3LED4initEv
                0x00014ed0        0x4 ./L4_IO/src/io_source.o
                0x00014ed0                LED::init()
 .text._ZN3LED6setAllEc
                0x00014ed4       0x40 ./L4_IO/src/io_source.o
                0x00014ed4                LED::setAll(char)
 .text._ZN3LED2onEi
                0x00014f14       0x16 ./L4_IO/src/io_source.o
                0x00014f14                LED::on(int)
 .text._ZN3LED3offEi
                0x00014f2a       0x16 ./L4_IO/src/io_source.o
                0x00014f2a                LED::off(int)
 .text._ZN3LED3setEib
                0x00014f40        0xa ./L4_IO/src/io_source.o
                0x00014f40                LED::set(int, bool)
 .text._ZNK3LED9getValuesEv
                0x00014f4a        0x4 ./L4_IO/src/io_source.o
                0x00014f4a                LED::getValues() const
 .text._ZN12Light_Sensor4initEv
                0x00014f4e        0x4 ./L4_IO/src/io_source.o
                0x00014f4e                Light_Sensor::init()
 .text._ZN12Light_Sensor11getRawValueEv
                0x00014f52        0x6 ./L4_IO/src/io_source.o
                0x00014f52                Light_Sensor::getRawValue()
 .text._ZN8Switches4initEv
                0x00014f58        0x4 ./L4_IO/src/io_source.o
                0x00014f58                Switches::init()
 .text._ZN8Switches15getSwitchValuesEv
                0x00014f5c       0x18 ./L4_IO/src/io_source.o
                0x00014f5c                Switches::getSwitchValues()
 .text._ZN8I2C_Temp4initEv
                0x00014f74       0x24 ./L4_IO/src/io_source.o
                0x00014f74                I2C_Temp::init()
 .text._ZN8I2C_Temp10getCelsiusEv
                0x00014f98       0x32 ./L4_IO/src/io_source.o
                0x00014f98                I2C_Temp::getCelsius()
 *fill*         0x00014fca        0x2 
 .text._ZN8I2C_Temp12getFarenheitEv
                0x00014fcc       0x24 ./L4_IO/src/io_source.o
                0x00014fcc                I2C_Temp::getFarenheit()
 .text._ZN7Storage4copyEPKcS1_PjS2_S2_
                0x00014ff0       0xfc ./L4_IO/src/storage.o
                0x00014ff0                Storage::copy(char const*, char const*, unsigned int*, unsigned int*, unsigned int*)
 .text._ZN7Storage4readEPKcPvjj
                0x000150ec       0x46 ./L4_IO/src/storage.o
                0x000150ec                Storage::read(char const*, void*, unsigned int, unsigned int)
 .text._ZN7Storage5writeEPKcPvjj
                0x00015132       0x46 ./L4_IO/src/storage.o
                0x00015132                Storage::write(char const*, void*, unsigned int, unsigned int)
 .text._ZN7Storage6appendEPKcPvjj
                0x00015178       0x4a ./L4_IO/src/storage.o
                0x00015178                Storage::append(char const*, void*, unsigned int, unsigned int)
 *fill*         0x000151c2        0x2 
 .text.ff_convert
                0x000151c4       0x38 ./L4_IO/fat/option/ccsbcs.o
                0x000151c4                ff_convert
 .text.ff_wtoupper
                0x000151fc       0x24 ./L4_IO/fat/option/ccsbcs.o
                0x000151fc                ff_wtoupper
 .text.ff_cre_syncobj
                0x00015220       0x14 ./L4_IO/fat/option/reentrant.o
                0x00015220                ff_cre_syncobj
 .text.ff_del_syncobj
                0x00015234        0x4 ./L4_IO/fat/option/reentrant.o
                0x00015234                ff_del_syncobj
 .text.ff_req_grant
                0x00015238       0x26 ./L4_IO/fat/option/reentrant.o
                0x00015238                ff_req_grant
 .text.ff_rel_grant
                0x0001525e       0x1e ./L4_IO/fat/option/reentrant.o
                0x0001525e                ff_rel_grant
 .text.disk_initialize
                0x0001527c       0x26 ./L4_IO/fat/disk/diskio.o
                0x0001527c                disk_initialize
 .text.disk_status
                0x000152a2        0xe ./L4_IO/fat/disk/diskio.o
                0x000152a2                disk_status
 .text.disk_read
                0x000152b0       0x38 ./L4_IO/fat/disk/diskio.o
                0x000152b0                disk_read
 .text.disk_write
                0x000152e8       0x38 ./L4_IO/fat/disk/diskio.o
                0x000152e8                disk_write
 .text.disk_ioctl
                0x00015320       0x32 ./L4_IO/fat/disk/diskio.o
                0x00015320                disk_ioctl
 .text.sys_get_uptime_ms
                0x00015352       0x12 ./L4_IO/fat/disk/sd.o
 .text.ssp_set_max_clock.constprop.2
                0x00015364       0x30 ./L4_IO/fat/disk/sd.o
 .text.ssp1_exchange_byte
                0x00015394       0x18 ./L4_IO/fat/disk/sd.o
 .text.wait_ready
                0x000153ac       0x34 ./L4_IO/fat/disk/sd.o
                0x000153ac                wait_ready
 .text.power_off
                0x000153e0       0x24 ./L4_IO/fat/disk/sd.o
                0x000153e0                power_off
 .text.rcvr_datablock
                0x00015404       0x8e ./L4_IO/fat/disk/sd.o
                0x00015404                rcvr_datablock
 .text.xmit_datablock
                0x00015492       0x52 ./L4_IO/fat/disk/sd.o
                0x00015492                xmit_datablock
 .text.send_cmd
                0x000154e4       0x98 ./L4_IO/fat/disk/sd.o
                0x000154e4                send_cmd
 .text.sd_update_card_status
                0x0001557c       0x24 ./L4_IO/fat/disk/sd.o
                0x0001557c                sd_update_card_status
 .text.sd_initialize
                0x000155a0      0x17c ./L4_IO/fat/disk/sd.o
                0x000155a0                sd_initialize
 .text.sd_status
                0x0001571c       0x10 ./L4_IO/fat/disk/sd.o
                0x0001571c                sd_status
 .text.sd_read  0x0001572c       0x9c ./L4_IO/fat/disk/sd.o
                0x0001572c                sd_read
 .text.sd_write
                0x000157c8       0xb8 ./L4_IO/fat/disk/sd.o
                0x000157c8                sd_write
 .text.sd_ioctl
                0x00015880      0x244 ./L4_IO/fat/disk/sd.o
                0x00015880                sd_ioctl
 .text._ZL24flash_get_mem_size_bytesv
                0x00015ac4       0x20 ./L4_IO/fat/disk/spi_flash.o
 .text._ZL37flash_perform_page_io_of_fatfs_sectorPFvPhmmES_m
                0x00015ae4       0x6c ./L4_IO/fat/disk/spi_flash.o
 .text.ssp1_exchange_data
                0x00015b50       0xe0 ./L4_IO/fat/disk/spi_flash.o
 .text._ZL18flash_send_op_addr14flash_opcode_tm
                0x00015c30       0x24 ./L4_IO/fat/disk/spi_flash.o
 .text._ZL15flash_read_pagePhmm
                0x00015c54       0x44 ./L4_IO/fat/disk/spi_flash.o
 .text._ZL20flash_wait_for_readyv
                0x00015c98       0x44 ./L4_IO/fat/disk/spi_flash.o
 .text.flash_initialize
                0x00015cdc       0x9c ./L4_IO/fat/disk/spi_flash.o
                0x00015cdc                flash_initialize
 .text.flash_read_sectors
                0x00015d78       0x50 ./L4_IO/fat/disk/spi_flash.o
                0x00015d78                flash_read_sectors
 .text.flash_write_sectors
                0x00015dc8       0x4c ./L4_IO/fat/disk/spi_flash.o
                0x00015dc8                flash_write_sectors
 .text.flash_ioctl
                0x00015e14       0x38 ./L4_IO/fat/disk/spi_flash.o
                0x00015e14                flash_ioctl
 .text.flash_write_permanent_id
                0x00015e4c       0x40 ./L4_IO/fat/disk/spi_flash.o
                0x00015e4c                flash_write_permanent_id
 .text.flash_read_permanent_id
                0x00015e8c       0x28 ./L4_IO/fat/disk/spi_flash.o
                0x00015e8c                flash_read_permanent_id
 .text.flash_get_page_count
                0x00015eb4       0x20 ./L4_IO/fat/disk/spi_flash.o
                0x00015eb4                flash_get_page_count
 .text.flash_get_page_size
                0x00015ed4        0xc ./L4_IO/fat/disk/spi_flash.o
                0x00015ed4                flash_get_page_size
 .text.flash_supports_metadata
                0x00015ee0       0x10 ./L4_IO/fat/disk/spi_flash.o
                0x00015ee0                flash_supports_metadata
 .text._ZL16flash_write_pagePhmm
                0x00015ef0       0x8c ./L4_IO/fat/disk/spi_flash.o
 .text.flash_get_page_write_count
                0x00015f7c       0x54 ./L4_IO/fat/disk/spi_flash.o
                0x00015f7c                flash_get_page_write_count
 .text.flash_chip_erase
                0x00015fd0       0x28 ./L4_IO/fat/disk/spi_flash.o
                0x00015fd0                flash_chip_erase
 .text.get_fattime
                0x00015ff8       0x52 ./L4_IO/fat/fatfs_time.o
                0x00015ff8                get_fattime
 .text.mem_cpy  0x0001604a       0x2e ./L4_IO/fat/ff.o
 .text.mem_set  0x00016078        0xe ./L4_IO/fat/ff.o
 .text.sum_sfn  0x00016086       0x1e ./L4_IO/fat/ff.o
 .text.get_ldnumber
                0x000160a4       0x40 ./L4_IO/fat/ff.o
 .text.get_fileinfo
                0x000160e4       0xb0 ./L4_IO/fat/ff.o
 .text.sync_window
                0x00016194       0x4a ./L4_IO/fat/ff.o
 *fill*         0x000161de        0x2 
 .text.sync_fs  0x000161e0       0x78 ./L4_IO/fat/ff.o
 .text.move_window
                0x00016258       0x32 ./L4_IO/fat/ff.o
 *fill*         0x0001628a        0x2 
 .text.check_fs
                0x0001628c       0x4c ./L4_IO/fat/ff.o
 .text.find_volume
                0x000162d8      0x21c ./L4_IO/fat/ff.o
 .text.validate
                0x000164f4       0x3a ./L4_IO/fat/ff.o
 .text.unlock_fs
                0x0001652e       0x1a ./L4_IO/fat/ff.o
 .text.clust2sect
                0x00016548       0x16 ./L4_IO/fat/ff.o
                0x00016548                clust2sect
 .text.get_fat  0x0001655e       0xa6 ./L4_IO/fat/ff.o
                0x0001655e                get_fat
 .text.dir_sdi  0x00016604       0x7e ./L4_IO/fat/ff.o
 .text.put_fat  0x00016682       0xce ./L4_IO/fat/ff.o
                0x00016682                put_fat
 .text.create_chain
                0x00016750       0xa2 ./L4_IO/fat/ff.o
 .text.dir_next
                0x000167f2       0xee ./L4_IO/fat/ff.o
 .text.dir_find.part.9
                0x000168e0      0x128 ./L4_IO/fat/ff.o
 .text.follow_path
                0x00016a08      0x26c ./L4_IO/fat/ff.o
 .text.dir_register
                0x00016c74      0x20c ./L4_IO/fat/ff.o
 .text.dir_remove
                0x00016e80       0x5a ./L4_IO/fat/ff.o
 *fill*         0x00016eda        0x2 
 .text.dir_read.constprop.11
                0x00016edc       0xe8 ./L4_IO/fat/ff.o
 .text.remove_chain
                0x00016fc4       0x58 ./L4_IO/fat/ff.o
 .text.f_mount  0x0001701c       0x7c ./L4_IO/fat/ff.o
                0x0001701c                f_mount
 .text.f_open   0x00017098      0x124 ./L4_IO/fat/ff.o
                0x00017098                f_open
 .text.f_read   0x000171bc      0x17c ./L4_IO/fat/ff.o
                0x000171bc                f_read
 .text.f_write  0x00017338      0x1bc ./L4_IO/fat/ff.o
                0x00017338                f_write
 .text.f_sync   0x000174f4       0x8c ./L4_IO/fat/ff.o
                0x000174f4                f_sync
 .text.f_close  0x00017580       0x24 ./L4_IO/fat/ff.o
                0x00017580                f_close
 .text.f_lseek  0x000175a4      0x15a ./L4_IO/fat/ff.o
                0x000175a4                f_lseek
 .text.f_opendir
                0x000176fe       0x7e ./L4_IO/fat/ff.o
                0x000176fe                f_opendir
 .text.f_readdir
                0x0001777c       0x5e ./L4_IO/fat/ff.o
                0x0001777c                f_readdir
 .text.f_getfree
                0x000177da       0xca ./L4_IO/fat/ff.o
                0x000177da                f_getfree
 .text.f_unlink
                0x000178a4       0xba ./L4_IO/fat/ff.o
                0x000178a4                f_unlink
 .text.f_mkdir  0x0001795e      0x156 ./L4_IO/fat/ff.o
                0x0001795e                f_mkdir
 .text.f_rename
                0x00017ab4      0x120 ./L4_IO/fat/ff.o
                0x00017ab4                f_rename
 .text.f_mkfs   0x00017bd4      0x484 ./L4_IO/fat/ff.o
                0x00017bd4                f_mkfs
 .text.c_list_for_each_elm
                0x00018058       0x32 ./L3_Utils/src/c_list.o
                0x00018058                c_list_for_each_elm
 *fill*         0x0001808a        0x2 
 .text._ZN16CommandProcessor10addHandlerEPFbR3strR7CharDevPvEPKcS8_S4_
                0x0001808c       0x78 ./L3_Utils/src/command_handler.o
                0x0001808c                CommandProcessor::addHandler(bool (*)(str&, CharDev&, void*), char const*, char const*, void*)
 .text._ZN16CommandProcessor24getRegisteredCommandListER7CharDev
                0x00018104       0x9c ./L3_Utils/src/command_handler.o
                0x00018104                CommandProcessor::getRegisteredCommandList(CharDev&)
 .text._ZN16CommandProcessor11getHelpTextER3strR7CharDev
                0x000181a0       0x74 ./L3_Utils/src/command_handler.o
                0x000181a0                CommandProcessor::getHelpText(str&, CharDev&)
 .text._ZN16CommandProcessor15prepareCmdParamER3strPKc
                0x00018214       0x3c ./L3_Utils/src/command_handler.o
                0x00018214                CommandProcessor::prepareCmdParam(str&, char const*)
 .text._ZN16CommandProcessor13handleCommandER3strR7CharDev
                0x00018250      0x13c ./L3_Utils/src/command_handler.o
                0x00018250                CommandProcessor::handleCommand(str&, CharDev&)
 .text.logger_get_buffer_ptr
                0x0001838c       0x44 ./L3_Utils/src/file_logger.o
 .text.logger_write_to_file
                0x000183d0       0xb4 ./L3_Utils/src/file_logger.o
 .text.logger_task
                0x00018484       0xcc ./L3_Utils/src/file_logger.o
 .text.logger_write_log_message
                0x00018550       0x4c ./L3_Utils/src/file_logger.o
 .text.logger_send_flush_request
                0x0001859c       0x34 ./L3_Utils/src/file_logger.o
                0x0001859c                logger_send_flush_request
 .text.logger_init
                0x000185d0       0xdc ./L3_Utils/src/file_logger.o
                0x000185d0                logger_init
 .text.logger_set_printf
                0x000186ac       0x1c ./L3_Utils/src/file_logger.o
                0x000186ac                logger_set_printf
 .text.logger_log
                0x000186c8      0x140 ./L3_Utils/src/file_logger.o
                0x000186c8                logger_log
 .text.logger_log_raw
                0x00018808       0x40 ./L3_Utils/src/file_logger.o
                0x00018808                logger_log_raw
 .text.for_each_recur_alarm_callback
                0x00018848       0x26 ./L3_Utils/src/rtc_alarm.o
 .text.for_each_alarm_callback
                0x0001886e       0x5e ./L3_Utils/src/rtc_alarm.o
 .text.RTC_IRQHandler
                0x000188cc       0xa4 ./L3_Utils/src/rtc_alarm.o
                0x000188cc                RTC_IRQHandler
 .text._ZL9printlinePKcS0_
                0x00018970       0xb4 ./L3_Utils/src/scheduler_task.o
 .text._ZL9dbg_printPKcS0_
                0x00018a24       0x78 ./L3_Utils/src/scheduler_task.o
 .text._Z24scheduler_c_task_privatePv
                0x00018a9c      0x11c ./L3_Utils/src/scheduler_task.o
                0x00018a9c                scheduler_c_task_private(void*)
 .text._Z18scheduler_init_allb
                0x00018bb8       0xf0 ./L3_Utils/src/scheduler_task.o
                0x00018bb8                scheduler_init_all(bool)
 .text._Z18scheduler_add_taskP14scheduler_task
                0x00018ca8       0x20 ./L3_Utils/src/scheduler_task.o
                0x00018ca8                scheduler_add_task(scheduler_task*)
 .text._Z15scheduler_startbb
                0x00018cc8       0x44 ./L3_Utils/src/scheduler_task.o
                0x00018cc8                scheduler_start(bool, bool)
 .text._ZN14scheduler_taskC2EPKcmhPv
                0x00018d0c       0x34 ./L3_Utils/src/scheduler_task.o
                0x00018d0c                scheduler_task::scheduler_task(char const*, unsigned long, unsigned char, void*)
                0x00018d0c                scheduler_task::scheduler_task(char const*, unsigned long, unsigned char, void*)
 .text._ZN14scheduler_task15getSharedObjectEh
                0x00018d40       0x18 ./L3_Utils/src/scheduler_task.o
                0x00018d40                scheduler_task::getSharedObject(unsigned char)
 .text._ZN3strC2EPci
                0x00018d58       0x2a ./L3_Utils/src/str.o
                0x00018d58                str::str(char*, int)
                0x00018d58                str::str(char*, int)
 .text._ZN3strD2Ev
                0x00018d82       0x24 ./L3_Utils/src/str.o
                0x00018d82                str::~str()
                0x00018d82                str::~str()
 .text._ZNK3str6getLenEv
                0x00018da6        0x6 ./L3_Utils/src/str.o
                0x00018da6                str::getLen() const
 .text._ZNK3str11getCapacityEv
                0x00018dac        0x4 ./L3_Utils/src/str.o
                0x00018dac                str::getCapacity() const
 .text._ZN3str5clearEv
                0x00018db0        0x8 ./L3_Utils/src/str.o
                0x00018db0                str::clear()
 .text._ZN3str5scanfEPKcz
                0x00018db8       0x1c ./L3_Utils/src/str.o
                0x00018db8                str::scanf(char const*, ...)
 .text._ZN3str8tokenizeEPKciz
                0x00018dd4       0x4c ./L3_Utils/src/str.o
                0x00018dd4                str::tokenize(char const*, int, ...)
 .text._ZNK3str9compareToEPKc
                0x00018e20       0x16 ./L3_Utils/src/str.o
                0x00018e20                str::compareTo(char const*) const
 .text._ZNK3str19compareToIgnoreCaseEPKc
                0x00018e36       0x12 ./L3_Utils/src/str.o
                0x00018e36                str::compareToIgnoreCase(char const*) const
 .text._ZNK3str22firstIndexOfIgnoreCaseEPKc
                0x00018e48       0x90 ./L3_Utils/src/str.o
                0x00018e48                str::firstIndexOfIgnoreCase(char const*) const
 .text._ZNK3str18containsIgnoreCaseEPKc
                0x00018ed8        0xe ./L3_Utils/src/str.o
                0x00018ed8                str::containsIgnoreCase(char const*) const
 .text._ZNK3str12firstIndexOfEPKc
                0x00018ee6       0x16 ./L3_Utils/src/str.o
                0x00018ee6                str::firstIndexOf(char const*) const
 .text._ZNK3str10beginsWithEPKc
                0x00018efc       0x30 ./L3_Utils/src/str.o
                0x00018efc                str::beginsWith(char const*) const
 .text._ZNK3str20beginsWithIgnoreCaseEPKc
                0x00018f2c       0x30 ./L3_Utils/src/str.o
                0x00018f2c                str::beginsWithIgnoreCase(char const*) const
 .text._ZNK3str29beginsWithWholeWordIgnoreCaseEPKcc
                0x00018f5c       0x3c ./L3_Utils/src/str.o
                0x00018f5c                str::beginsWithWholeWordIgnoreCase(char const*, char) const
 .text._ZN3str10eraseFirstEi
                0x00018f98       0x28 ./L3_Utils/src/str.o
                0x00018f98                str::eraseFirst(int)
 .text._ZN3str9eraseLastEi
                0x00018fc0       0x20 ./L3_Utils/src/str.o
                0x00018fc0                str::eraseLast(int)
 .text._ZN3str10eraseAfterEii
                0x00018fe0       0x38 ./L3_Utils/src/str.o
                0x00018fe0                str::eraseAfter(int, int)
 .text._ZN3str5eraseEPKc
                0x00019018       0x28 ./L3_Utils/src/str.o
                0x00019018                str::erase(char const*)
 .text._ZN3str15eraseFirstWordsEic
                0x00019040       0x2a ./L3_Utils/src/str.o
                0x00019040                str::eraseFirstWords(int, char)
 .text._ZN3str9trimStartEPKc
                0x0001906a       0x40 ./L3_Utils/src/str.o
                0x0001906a                str::trimStart(char const*)
 .text._ZN3str7trimEndEPKc
                0x000190aa       0x3c ./L3_Utils/src/str.o
                0x000190aa                str::trimEnd(char const*)
 .text._ZNK3streqEPKc
                0x000190e6        0x4 ./L3_Utils/src/str.o
                0x000190e6                str::operator==(char const*) const
 .text._ZNK3strclEv
                0x000190ea        0x4 ./L3_Utils/src/str.o
                0x000190ea                str::operator()() const
 .text._ZNK3strcviEv
                0x000190ee        0x6 ./L3_Utils/src/str.o
                0x000190ee                str::operator int() const
 .text._ZN3strixEi
                0x000190f4       0x14 ./L3_Utils/src/str.o
                0x000190f4                str::operator[](int)
 .text._ZN3str13reAllocateMemEi
                0x00019108       0x4c ./L3_Utils/src/str.o
                0x00019108                str::reAllocateMem(int)
 .text._ZN3str4initEi
                0x00019154       0x10 ./L3_Utils/src/str.o
                0x00019154                str::init(int)
 .text._ZN3strC2Ei
                0x00019164        0xc ./L3_Utils/src/str.o
                0x00019164                str::str(int)
                0x00019164                str::str(int)
 .text._ZN3str7reserveEi
                0x00019170        0xe ./L3_Utils/src/str.o
                0x00019170                str::reserve(int)
 .text._ZN3str6printfEPKcz
                0x0001917e       0x42 ./L3_Utils/src/str.o
                0x0001917e                str::printf(char const*, ...)
 .text._ZN3str26ensureMemoryToInsertNCharsEi
                0x000191c0       0x22 ./L3_Utils/src/str.o
                0x000191c0                str::ensureMemoryToInsertNChars(int)
 .text._ZN3str11insertAtEndEPKc
                0x000191e2       0x22 ./L3_Utils/src/str.o
                0x000191e2                str::insertAtEnd(char const*)
 .text._ZN3strpLEc
                0x00019204       0x1a ./L3_Utils/src/str.o
                0x00019204                str::operator+=(char)
 .text._ZN3str8copyFromEPKc
                0x0001921e       0x3c ./L3_Utils/src/str.o
                0x0001921e                str::copyFrom(char const*)
 .text._ZN3straSEPKc
                0x0001925a        0x4 ./L3_Utils/src/str.o
                0x0001925a                str::operator=(char const*)
 .text.delay_us
                0x0001925e       0x1c ./L3_Utils/src/utilities.o
                0x0001925e                delay_us
 .text.is_freertos_running
                0x0001927a        0xe ./L3_Utils/src/utilities.o
                0x0001927a                is_freertos_running
 .text.delay_ms
                0x00019288       0x22 ./L3_Utils/src/utilities.o
                0x00019288                delay_ms
 *fill*         0x000192aa        0x2 
 .text.adc0_start_conversion
                0x000192ac       0x24 ./L2_Drivers/src/adc.o
 .text.ADC_IRQHandler
                0x000192d0       0x3c ./L2_Drivers/src/adc.o
                0x000192d0                ADC_IRQHandler
 .text.adc0_init
                0x0001930c       0x74 ./L2_Drivers/src/adc.o
                0x0001930c                adc0_init
 .text.adc0_get_reading
                0x00019380       0x78 ./L2_Drivers/src/adc.o
                0x00019380                adc0_get_reading
 .text.CAN_tx_now
                0x000193f8       0x32 ./L2_Drivers/src/can.o
 *fill*         0x0001942a        0x2 
 .text.CAN_handle_isr
                0x0001942c       0x8c ./L2_Drivers/src/can.o
 .text.CAN_IRQHandler
                0x000194b8       0x28 ./L2_Drivers/src/can.o
                0x000194b8                CAN_IRQHandler
 .text.CAN_init
                0x000194e0      0x174 ./L2_Drivers/src/can.o
                0x000194e0                CAN_init
 .text.CAN_rx   0x00019654       0x8c ./L2_Drivers/src/can.o
                0x00019654                CAN_rx
 .text.CAN_is_bus_off
                0x000196e0       0x1c ./L2_Drivers/src/can.o
                0x000196e0                CAN_is_bus_off
 .text.CAN_tx   0x000196fc       0x9c ./L2_Drivers/src/can.o
                0x000196fc                CAN_tx
 .text.CAN_reset_bus
                0x00019798       0x18 ./L2_Drivers/src/can.o
                0x00019798                CAN_reset_bus
 .text.CAN_bypass_filter_accept_all_msgs
                0x000197b0        0xc ./L2_Drivers/src/can.o
                0x000197b0                CAN_bypass_filter_accept_all_msgs
 .text.CAN_gen_sid
                0x000197bc       0x34 ./L2_Drivers/src/can.o
                0x000197bc                CAN_gen_sid
 .text.CAN_setup_filter
                0x000197f0      0x130 ./L2_Drivers/src/can.o
                0x000197f0                CAN_setup_filter
 .text.handle_eint_list
                0x00019920       0x2c ./L2_Drivers/src/eint.o
 .text.eint3_enable.isra.0
                0x0001994c       0x38 ./L2_Drivers/src/eint.o
 .text.EINT3_IRQHandler
                0x00019984       0x80 ./L2_Drivers/src/eint.o
                0x00019984                EINT3_IRQHandler
 .text.eint3_enable_port0
                0x00019a04       0x30 ./L2_Drivers/src/eint.o
                0x00019a04                eint3_enable_port0
 .text._ZN4I2C24initEj
                0x00019a34       0x6c ./L2_Drivers/src/i2c2.o
                0x00019a34                I2C2::init(unsigned int)
 .text._ZN4I2C2C2Ev
                0x00019aa0       0x14 ./L2_Drivers/src/i2c2.o
                0x00019aa0                I2C2::I2C2()
                0x00019aa0                I2C2::I2C2()
 .text.I2C2_IRQHandler
                0x00019ab4       0x24 ./L2_Drivers/src/i2c2.o
                0x00019ab4                I2C2_IRQHandler
 .text._ZN3PWMC2ENS_7pwmTypeEj
                0x00019ad8       0x84 ./L2_Drivers/src/lpc_pwm.o
                0x00019ad8                PWM::PWM(PWM::pwmType, unsigned int)
                0x00019ad8                PWM::PWM(PWM::pwmType, unsigned int)
 .text._ZN3PWM3setEf
                0x00019b5c       0x80 ./L2_Drivers/src/lpc_pwm.o
                0x00019b5c                PWM::set(float)
 .text.RIT_IRQHandler
                0x00019bdc       0x1c ./L2_Drivers/src/lpc_rit.o
                0x00019bdc                RIT_IRQHandler
 .text.lpc_timer_get_struct
                0x00019bf8       0x20 ./L2_Drivers/src/lpc_timers.o
 .text.lpc_timer_enable
                0x00019c18       0x50 ./L2_Drivers/src/lpc_timers.o
                0x00019c18                lpc_timer_enable
 .text._ZN12NordicStream5flushEv
                0x00019c68       0x60 ./L2_Drivers/src/nrf_stream.o
                0x00019c68                NordicStream::flush()
 .text._ZN12NordicStreamD2Ev
                0x00019cc8       0x14 ./L2_Drivers/src/nrf_stream.o
                0x00019cc8                NordicStream::~NordicStream()
                0x00019cc8                NordicStream::~NordicStream()
 .text._ZN12NordicStreamD0Ev
                0x00019cdc       0x12 ./L2_Drivers/src/nrf_stream.o
                0x00019cdc                NordicStream::~NordicStream()
 .text._ZN12NordicStream7putCharEcj
                0x00019cee       0x22 ./L2_Drivers/src/nrf_stream.o
                0x00019cee                NordicStream::putChar(char, unsigned int)
 .text._ZN12NordicStream7getCharEPcj
                0x00019d10       0x38 ./L2_Drivers/src/nrf_stream.o
                0x00019d10                NordicStream::getChar(char*, unsigned int)
 .text._ZN12NordicStreamC2Ev
                0x00019d48       0x40 ./L2_Drivers/src/nrf_stream.o
                0x00019d48                NordicStream::NordicStream()
                0x00019d48                NordicStream::NordicStream()
 .text.rtc_gettime
                0x00019d88       0x54 ./L2_Drivers/src/rtc.o
                0x00019d88                rtc_gettime
 .text.rtc_settime
                0x00019ddc       0x68 ./L2_Drivers/src/rtc.o
                0x00019ddc                rtc_settime
 .text.rtc_init
                0x00019e44       0xd0 ./L2_Drivers/src/rtc.o
                0x00019e44                rtc_init
 .text.rtc_get_date_time_str
                0x00019f14       0x14 ./L2_Drivers/src/rtc.o
                0x00019f14                rtc_get_date_time_str
 .text.ssp1_dma_init
                0x00019f28       0x1c ./L2_Drivers/src/spi_dma.o
                0x00019f28                ssp1_dma_init
 .text.ssp1_dma_transfer_block
                0x00019f44       0xc4 ./L2_Drivers/src/spi_dma.o
                0x00019f44                ssp1_dma_transfer_block
 .text.spi1_lock
                0x0001a008       0x30 ./L2_Drivers/src/spi_sem.o
                0x0001a008                spi1_lock
 .text.spi1_unlock
                0x0001a038       0x24 ./L2_Drivers/src/spi_sem.o
                0x0001a038                spi1_unlock
 .text._ZN7UartDevD2Ev
                0x0001a05c       0x14 ./L2_Drivers/src/uart0.o
                0x0001a05c                UartDev::~UartDev()
                0x0001a05c                UartDev::~UartDev()
 .text._ZN5Uart0D2Ev
                0x0001a070       0x14 ./L2_Drivers/src/uart0.o
                0x0001a070                Uart0::~Uart0()
                0x0001a070                Uart0::~Uart0()
 .text._ZN7UartDevD0Ev
                0x0001a084       0x12 ./L2_Drivers/src/uart0.o
                0x0001a084                UartDev::~UartDev()
 .text._ZN5Uart0D0Ev
                0x0001a096       0x12 ./L2_Drivers/src/uart0.o
                0x0001a096                Uart0::~Uart0()
 .text._ZN5Uart04initEjii
                0x0001a0a8       0x44 ./L2_Drivers/src/uart0.o
                0x0001a0a8                Uart0::init(unsigned int, int, int)
 .text._ZN5Uart0C2Ev
                0x0001a0ec       0x1c ./L2_Drivers/src/uart0.o
                0x0001a0ec                Uart0::Uart0()
                0x0001a0ec                Uart0::Uart0()
 .text.UART0_IRQHandler
                0x0001a108       0x24 ./L2_Drivers/src/uart0.o
                0x0001a108                UART0_IRQHandler
 .text._ZN5Uart2D2Ev
                0x0001a12c       0x14 ./L2_Drivers/src/uart2.o
                0x0001a12c                Uart2::~Uart2()
                0x0001a12c                Uart2::~Uart2()
 .text._ZN5Uart2D0Ev
                0x0001a140       0x12 ./L2_Drivers/src/uart2.o
                0x0001a140                Uart2::~Uart2()
 *fill*         0x0001a152        0x2 
 .text._ZN5Uart2C2Ev
                0x0001a154       0x1c ./L2_Drivers/src/uart2.o
                0x0001a154                Uart2::Uart2()
                0x0001a154                Uart2::Uart2()
 .text.UART2_IRQHandler
                0x0001a170       0x24 ./L2_Drivers/src/uart2.o
                0x0001a170                UART2_IRQHandler
 .text._ZN5Uart3D2Ev
                0x0001a194       0x14 ./L2_Drivers/src/uart3.o
                0x0001a194                Uart3::~Uart3()
                0x0001a194                Uart3::~Uart3()
 .text._ZN5Uart3D0Ev
                0x0001a1a8       0x12 ./L2_Drivers/src/uart3.o
                0x0001a1a8                Uart3::~Uart3()
 *fill*         0x0001a1ba        0x2 
 .text._ZN5Uart3C2Ev
                0x0001a1bc       0x1c ./L2_Drivers/src/uart3.o
                0x0001a1bc                Uart3::Uart3()
                0x0001a1bc                Uart3::Uart3()
 .text.UART3_IRQHandler
                0x0001a1d8       0x24 ./L2_Drivers/src/uart3.o
                0x0001a1d8                UART3_IRQHandler
 .text._ZN7CharDev5flushEv
                0x0001a1fc        0x4 ./L2_Drivers/base/char_dev.o
                0x0001a1fc                CharDev::flush()
 .text._ZN7CharDevD2Ev
                0x0001a200       0x18 ./L2_Drivers/base/char_dev.o
                0x0001a200                CharDev::~CharDev()
                0x0001a200                CharDev::~CharDev()
 .text._ZN7CharDevD0Ev
                0x0001a218       0x12 ./L2_Drivers/base/char_dev.o
                0x0001a218                CharDev::~CharDev()
 .text._ZN7CharDev3putEPKcj
                0x0001a22a       0x28 ./L2_Drivers/base/char_dev.o
                0x0001a22a                CharDev::put(char const*, unsigned int)
 *fill*         0x0001a252        0x2 
 .text._ZN7CharDev7putlineEPKcj
                0x0001a254       0x1c ./L2_Drivers/base/char_dev.o
                0x0001a254                CharDev::putline(char const*, unsigned int)
 .text._ZN7CharDev4getsEPcij
                0x0001a270       0x52 ./L2_Drivers/base/char_dev.o
                0x0001a270                CharDev::gets(char*, int, unsigned int)
 .text._ZN7CharDev6printfEPKcz
                0x0001a2c2       0x7a ./L2_Drivers/base/char_dev.o
                0x0001a2c2                CharDev::printf(char const*, ...)
 .text._ZN7CharDevC2Ev
                0x0001a33c       0x20 ./L2_Drivers/base/char_dev.o
                0x0001a33c                CharDev::CharDev()
                0x0001a33c                CharDev::CharDev()
 .text._ZN8I2C_Base8transferEccPcj
                0x0001a35c       0xe6 ./L2_Drivers/base/i2c_base.o
                0x0001a35c                I2C_Base::transfer(char, char, char*, unsigned int)
 .text._ZN8I2C_Base13readRegistersEccPcj
                0x0001a442        0x8 ./L2_Drivers/base/i2c_base.o
                0x0001a442                I2C_Base::readRegisters(char, char, char*, unsigned int)
 .text._ZN8I2C_Base7readRegEcc
                0x0001a44a       0x1a ./L2_Drivers/base/i2c_base.o
                0x0001a44a                I2C_Base::readReg(char, char)
 .text._ZN8I2C_Base14writeRegistersEccPcj
                0x0001a464        0x8 ./L2_Drivers/base/i2c_base.o
                0x0001a464                I2C_Base::writeRegisters(char, char, char*, unsigned int)
 .text._ZN8I2C_Base8writeRegEccc
                0x0001a46c       0x16 ./L2_Drivers/base/i2c_base.o
                0x0001a46c                I2C_Base::writeReg(char, char, char)
 .text._ZN8I2C_Base19checkDeviceResponseEc
                0x0001a482       0x16 ./L2_Drivers/base/i2c_base.o
                0x0001a482                I2C_Base::checkDeviceResponse(char)
 .text._ZN8I2C_BaseC2EP15LPC_I2C_TypeDef
                0x0001a498       0x5c ./L2_Drivers/base/i2c_base.o
                0x0001a498                I2C_Base::I2C_Base(LPC_I2C_TypeDef*)
                0x0001a498                I2C_Base::I2C_Base(LPC_I2C_TypeDef*)
 .text._ZN8I2C_Base4initEjj
                0x0001a4f4       0x8c ./L2_Drivers/base/i2c_base.o
                0x0001a4f4                I2C_Base::init(unsigned int, unsigned int)
 .text._ZN8I2C_Base15i2cStateMachineEv
                0x0001a580      0x122 ./L2_Drivers/base/i2c_base.o
                0x0001a580                I2C_Base::i2cStateMachine()
 *fill*         0x0001a6a2        0x2 
 .text._ZN8I2C_Base15handleInterruptEv
                0x0001a6a4       0x30 ./L2_Drivers/base/i2c_base.o
                0x0001a6a4                I2C_Base::handleInterrupt()
 .text._ZN7UartDev7putCharEcj
                0x0001a6d4       0x5a ./L2_Drivers/base/uart_dev.o
                0x0001a6d4                UartDev::putChar(char, unsigned int)
 .text._ZN7UartDev5flushEv
                0x0001a72e       0x20 ./L2_Drivers/base/uart_dev.o
                0x0001a72e                UartDev::flush()
 .text._ZN7UartDev7getCharEPcj
                0x0001a74e       0x78 ./L2_Drivers/base/uart_dev.o
                0x0001a74e                UartDev::getChar(char*, unsigned int)
 *fill*         0x0001a7c6        0x2 
 .text._ZN7UartDev11setBaudRateEj
                0x0001a7c8       0x3c ./L2_Drivers/base/uart_dev.o
                0x0001a7c8                UartDev::setBaudRate(unsigned int)
 .text._ZN7UartDev15handleInterruptEv
                0x0001a804       0xb4 ./L2_Drivers/base/uart_dev.o
                0x0001a804                UartDev::handleInterrupt()
 .text._ZN7UartDevC2EPj
                0x0001a8b8       0x28 ./L2_Drivers/base/uart_dev.o
                0x0001a8b8                UartDev::UartDev(unsigned int*)
                0x0001a8b8                UartDev::UartDev(unsigned int*)
 .text._ZN7UartDev4initEjjii
                0x0001a8e0       0xb0 ./L2_Drivers/base/uart_dev.o
                0x0001a8e0                UartDev::init(unsigned int, unsigned int, int, int)
 .text.vListInitialise
                0x0001a990       0x16 ./L1_FreeRTOS/src/list.o
                0x0001a990                vListInitialise
 .text.vListInitialiseItem
                0x0001a9a6        0x6 ./L1_FreeRTOS/src/list.o
                0x0001a9a6                vListInitialiseItem
 .text.vListInsertEnd
                0x0001a9ac       0x18 ./L1_FreeRTOS/src/list.o
                0x0001a9ac                vListInsertEnd
 .text.vListInsert
                0x0001a9c4       0x30 ./L1_FreeRTOS/src/list.o
                0x0001a9c4                vListInsert
 .text.uxListRemove
                0x0001a9f4       0x20 ./L1_FreeRTOS/src/list.o
                0x0001a9f4                uxListRemove
 .text.prvCopyDataToQueue
                0x0001aa14       0x66 ./L1_FreeRTOS/src/queue.o
 .text.prvNotifyQueueSetContainer
                0x0001aa7a       0x34 ./L1_FreeRTOS/src/queue.o
 .text.prvCopyDataFromQueue
                0x0001aaae       0x26 ./L1_FreeRTOS/src/queue.o
 .text.prvUnlockQueue
                0x0001aad4       0x78 ./L1_FreeRTOS/src/queue.o
 .text.xQueueGenericReset
                0x0001ab4c       0x5a ./L1_FreeRTOS/src/queue.o
                0x0001ab4c                xQueueGenericReset
 .text.xQueueGenericCreate
                0x0001aba6       0x50 ./L1_FreeRTOS/src/queue.o
                0x0001aba6                xQueueGenericCreate
 .text.xQueueCreateCountingSemaphore
                0x0001abf6       0x12 ./L1_FreeRTOS/src/queue.o
                0x0001abf6                xQueueCreateCountingSemaphore
 .text.xQueueGenericSend
                0x0001ac08       0xe2 ./L1_FreeRTOS/src/queue.o
                0x0001ac08                xQueueGenericSend
 .text.xQueueCreateMutex
                0x0001acea       0x4c ./L1_FreeRTOS/src/queue.o
                0x0001acea                xQueueCreateMutex
 .text.xQueueGenericSendFromISR
                0x0001ad36       0x72 ./L1_FreeRTOS/src/queue.o
                0x0001ad36                xQueueGenericSendFromISR
 .text.xQueueGenericReceive
                0x0001ada8      0x102 ./L1_FreeRTOS/src/queue.o
                0x0001ada8                xQueueGenericReceive
 .text.xQueueReceiveFromISR
                0x0001aeaa       0x52 ./L1_FreeRTOS/src/queue.o
                0x0001aeaa                xQueueReceiveFromISR
 .text.uxQueueMessagesWaiting
                0x0001aefc       0x12 ./L1_FreeRTOS/src/queue.o
                0x0001aefc                uxQueueMessagesWaiting
 .text.uxQueueMessagesWaitingFromISR
                0x0001af0e        0x4 ./L1_FreeRTOS/src/queue.o
                0x0001af0e                uxQueueMessagesWaitingFromISR
 .text.xQueueSelectFromSet
                0x0001af12       0x18 ./L1_FreeRTOS/src/queue.o
                0x0001af12                xQueueSelectFromSet
 .text.prvResetRunTimeStatsInList
                0x0001af2a       0x2e ./L1_FreeRTOS/src/tasks.o
 .text.prvIdleTask
                0x0001af58       0x18 ./L1_FreeRTOS/src/tasks.o
 .text.prvListTaskWithinSingleList
                0x0001af70       0x8e ./L1_FreeRTOS/src/tasks.o
 *fill*         0x0001affe        0x2 
 .text.prvResetNextTaskUnblockTime
                0x0001b000       0x24 ./L1_FreeRTOS/src/tasks.o
 .text.prvAddCurrentTaskToDelayedList
                0x0001b024       0x50 ./L1_FreeRTOS/src/tasks.o
 .text.xTaskGenericCreate
                0x0001b074      0x188 ./L1_FreeRTOS/src/tasks.o
                0x0001b074                xTaskGenericCreate
 .text.vTaskStartScheduler
                0x0001b1fc       0x54 ./L1_FreeRTOS/src/tasks.o
                0x0001b1fc                vTaskStartScheduler
 .text.vTaskEndScheduler
                0x0001b250       0x18 ./L1_FreeRTOS/src/tasks.o
                0x0001b250                vTaskEndScheduler
 .text.vTaskSuspendAll
                0x0001b268       0x10 ./L1_FreeRTOS/src/tasks.o
                0x0001b268                vTaskSuspendAll
 .text.xTaskGetTickCount
                0x0001b278       0x18 ./L1_FreeRTOS/src/tasks.o
                0x0001b278                xTaskGetTickCount
 .text.xTaskGetTickCountFromISR
                0x0001b290       0x18 ./L1_FreeRTOS/src/tasks.o
                0x0001b290                xTaskGetTickCountFromISR
 .text.uxTaskGetNumberOfTasks
                0x0001b2a8        0xc ./L1_FreeRTOS/src/tasks.o
                0x0001b2a8                uxTaskGetNumberOfTasks
 .text.xTaskIncrementTick
                0x0001b2b4       0xfc ./L1_FreeRTOS/src/tasks.o
                0x0001b2b4                xTaskIncrementTick
 .text.xTaskResumeAll
                0x0001b3b0       0xc0 ./L1_FreeRTOS/src/tasks.o
                0x0001b3b0                xTaskResumeAll
 .text.vTaskDelayUntil
                0x0001b470       0x78 ./L1_FreeRTOS/src/tasks.o
                0x0001b470                vTaskDelayUntil
 .text.vTaskDelay
                0x0001b4e8       0x54 ./L1_FreeRTOS/src/tasks.o
                0x0001b4e8                vTaskDelay
 .text.uxTaskGetSystemState
                0x0001b53c       0x8c ./L1_FreeRTOS/src/tasks.o
                0x0001b53c                uxTaskGetSystemState
 .text.vTaskSwitchContext
                0x0001b5c8       0xc0 ./L1_FreeRTOS/src/tasks.o
                0x0001b5c8                vTaskSwitchContext
 .text.vTaskSuspend
                0x0001b688       0xa0 ./L1_FreeRTOS/src/tasks.o
                0x0001b688                vTaskSuspend
 .text.vTaskPlaceOnEventList
                0x0001b728       0x5c ./L1_FreeRTOS/src/tasks.o
                0x0001b728                vTaskPlaceOnEventList
 .text.xTaskRemoveFromEventList
                0x0001b784       0x6c ./L1_FreeRTOS/src/tasks.o
                0x0001b784                xTaskRemoveFromEventList
 .text.vTaskSetTimeOutState
                0x0001b7f0       0x18 ./L1_FreeRTOS/src/tasks.o
                0x0001b7f0                vTaskSetTimeOutState
 .text.xTaskCheckForTimeOut
                0x0001b808       0x4c ./L1_FreeRTOS/src/tasks.o
                0x0001b808                xTaskCheckForTimeOut
 .text.vTaskMissedYield
                0x0001b854        0xc ./L1_FreeRTOS/src/tasks.o
                0x0001b854                vTaskMissedYield
 .text.uxTaskGetStackHighWaterMark
                0x0001b860       0x20 ./L1_FreeRTOS/src/tasks.o
                0x0001b860                uxTaskGetStackHighWaterMark
 .text.xTaskGetCurrentTaskHandle
                0x0001b880        0xc ./L1_FreeRTOS/src/tasks.o
                0x0001b880                xTaskGetCurrentTaskHandle
 .text.xTaskGetSchedulerState
                0x0001b88c       0x20 ./L1_FreeRTOS/src/tasks.o
                0x0001b88c                xTaskGetSchedulerState
 .text.vTaskPriorityInherit
                0x0001b8ac       0x94 ./L1_FreeRTOS/src/tasks.o
                0x0001b8ac                vTaskPriorityInherit
 .text.vTaskPriorityDisinherit
                0x0001b940       0x68 ./L1_FreeRTOS/src/tasks.o
                0x0001b940                vTaskPriorityDisinherit
 .text.vTaskResetRunTimeStats
                0x0001b9a8       0x68 ./L1_FreeRTOS/src/tasks.o
                0x0001b9a8                vTaskResetRunTimeStats
 .text.vRunTimeStatIsrEntry
                0x0001ba10       0x28 ./L1_FreeRTOS/src/tasks.o
                0x0001ba10                vRunTimeStatIsrEntry
 .text.vRunTimeStatIsrExit
                0x0001ba38       0x10 ./L1_FreeRTOS/src/tasks.o
                0x0001ba38                vRunTimeStatIsrExit
 .text.prvPortStartFirstTask
                0x0001ba48       0x14 ./L1_FreeRTOS/portable/port.o
 .text.pxPortInitialiseStack
                0x0001ba5c       0x16 ./L1_FreeRTOS/portable/port.o
                0x0001ba5c                pxPortInitialiseStack
 *fill*         0x0001ba72        0x2 
 .text.vPortSVCHandler
                0x0001ba74       0x20 ./L1_FreeRTOS/portable/port.o
                0x0001ba74                vPortSVCHandler
 .text.vPortEndScheduler
                0x0001ba94        0x2 ./L1_FreeRTOS/portable/port.o
                0x0001ba94                vPortEndScheduler
 *fill*         0x0001ba96        0x2 
 .text.vPortYield
                0x0001ba98       0x18 ./L1_FreeRTOS/portable/port.o
                0x0001ba98                vPortYield
 .text.ulPortSetInterruptMask
                0x0001bab0       0x10 ./L1_FreeRTOS/portable/port.o
                0x0001bab0                ulPortSetInterruptMask
 .text.vPortEnterCritical
                0x0001bac0       0x1c ./L1_FreeRTOS/portable/port.o
                0x0001bac0                vPortEnterCritical
 .text.vPortClearInterruptMask
                0x0001badc        0x6 ./L1_FreeRTOS/portable/port.o
                0x0001badc                vPortClearInterruptMask
 *fill*         0x0001bae2        0x2 
 .text.vPortExitCritical
                0x0001bae4       0x14 ./L1_FreeRTOS/portable/port.o
                0x0001bae4                vPortExitCritical
 .text.xPortPendSVHandler
                0x0001baf8       0x3c ./L1_FreeRTOS/portable/port.o
                0x0001baf8                xPortPendSVHandler
 .text.xPortSysTickHandler
                0x0001bb34       0x24 ./L1_FreeRTOS/portable/port.o
                0x0001bb34                xPortSysTickHandler
 .text.vPortSetupTimerInterrupt
                0x0001bb58       0x14 ./L1_FreeRTOS/portable/port.o
                0x0001bb58                vPortSetupTimerInterrupt
 .text.xPortStartScheduler
                0x0001bb6c       0x30 ./L1_FreeRTOS/portable/port.o
                0x0001bb6c                xPortStartScheduler
 .text.vConfigureTimerForRunTimeStats
                0x0001bb9c       0x14 ./L1_FreeRTOS/portable/run_time_stats.o
                0x0001bb9c                vConfigureTimerForRunTimeStats
 .text.uxGetTimerForRunTimeStats
                0x0001bbb0       0x14 ./L1_FreeRTOS/portable/run_time_stats.o
                0x0001bbb0                uxGetTimerForRunTimeStats
 .text.resetRunTimeCounter
                0x0001bbc4       0x14 ./L1_FreeRTOS/portable/run_time_stats.o
                0x0001bbc4                resetRunTimeCounter
 .text.vApplicationIdleHook
                0x0001bbd8        0x4 ./L1_FreeRTOS/hooks/hooks.o
                0x0001bbd8                vApplicationIdleHook
 .text.vApplicationStackOverflowHook
                0x0001bbdc       0x38 ./L1_FreeRTOS/hooks/hooks.o
                0x0001bbdc                vApplicationStackOverflowHook
 .text.vApplicationMallocFailedHook
                0x0001bc14       0x24 ./L1_FreeRTOS/hooks/hooks.o
                0x0001bc14                vApplicationMallocFailedHook
 .text.pvPortMalloc
                0x0001bc38       0x1e ./L1_FreeRTOS/MemMang/heap_3.o
                0x0001bc38                pvPortMalloc
 .text.vPortFree
                0x0001bc56       0x1a ./L1_FreeRTOS/MemMang/heap_3.o
                0x0001bc56                vPortFree
 .text.__set_PSP
                0x0001bc70        0x6 ./L0_LowLevel/source/core_cm3.o
                0x0001bc70                __set_PSP
 .text.__set_MSP
                0x0001bc76        0x6 ./L0_LowLevel/source/core_cm3.o
                0x0001bc76                __set_MSP
 .text.__set_BASEPRI
                0x0001bc7c        0x6 ./L0_LowLevel/source/core_cm3.o
                0x0001bc7c                __set_BASEPRI
 *fill*         0x0001bc82        0x2 
 .text.sys_get_boot_type
                0x0001bc84        0xc ./L0_LowLevel/source/low_level_init.o
                0x0001bc84                sys_get_boot_type
 .text.sys_get_boot_time
                0x0001bc90       0x14 ./L0_LowLevel/source/low_level_init.o
                0x0001bc90                sys_get_boot_time
 .text._Z14low_level_initv
                0x0001bca4      0x238 ./L0_LowLevel/source/low_level_init.o
                0x0001bca4                low_level_init()
 .text.lpc_pconp
                0x0001bedc       0x30 ./L0_LowLevel/source/lpc_peripherals.o
                0x0001bedc                lpc_pconp
 .text.lpc_pclk
                0x0001bf0c       0x48 ./L0_LowLevel/source/lpc_peripherals.o
                0x0001bf0c                lpc_pclk
 .text.lpc_sys_setup_system_timer
                0x0001bf54       0x54 ./L0_LowLevel/source/lpc_sys.o
                0x0001bf54                lpc_sys_setup_system_timer
 .text.sys_get_uptime_us
                0x0001bfa8       0x28 ./L0_LowLevel/source/lpc_sys.o
                0x0001bfa8                sys_get_uptime_us
 .text.sys_get_mem_info_str
                0x0001bfd0       0x38 ./L0_LowLevel/source/lpc_sys.o
                0x0001bfd0                sys_get_mem_info_str
 .text.TIMER1_IRQHandler
                0x0001c008       0xbc ./L0_LowLevel/source/lpc_sys.o
                0x0001c008                TIMER1_IRQHandler
 .text.isr_forwarder_routine
                0x0001c0c4       0x3c ./L0_LowLevel/source/startup.o
 .text.isr_hard_fault_handler
                0x0001c100       0x58 ./L0_LowLevel/source/startup.o
                0x0001c100                isr_hard_fault_handler
 .text._ZL19sys_clock_pll0_feedv
                0x0001c158       0x14 ./L0_LowLevel/source/sys_clock.o
 .text._ZL23sys_clock_configure_plljjPiS_S_.constprop.0
                0x0001c16c       0x78 ./L0_LowLevel/source/sys_clock.o
 .text._Z19sys_clock_configurev
                0x0001c1e4       0xb0 ./L0_LowLevel/source/sys_clock.o
                0x0001c1e4                sys_clock_configure()
 .text.sys_get_cpu_clock
                0x0001c294       0xb4 ./L0_LowLevel/source/sys_clock.o
                0x0001c294                sys_get_cpu_clock
 .text.uart0_init
                0x0001c348       0x60 ./L0_LowLevel/source/uart0_min.o
                0x0001c348                uart0_init
 .text.uart0_getchar
                0x0001c3a8       0x18 ./L0_LowLevel/source/uart0_min.o
                0x0001c3a8                uart0_getchar
 .text.uart0_putchar
                0x0001c3c0       0x1c ./L0_LowLevel/source/uart0_min.o
                0x0001c3c0                uart0_putchar
 .text.uart0_puts
                0x0001c3dc       0x1c ./L0_LowLevel/source/uart0_min.o
                0x0001c3dc                uart0_puts
 .text._ZN10__cxxabiv121__vmi_class_type_infoD2Ev