Archive member included because of file (symbol)

c:/sjsu_dev_243_can/toolchain/bin/../lib/gcc/arm-none-eabi/4.8.4/../../../../arm-none-eabi/lib/armv7-m\libstdc++_s.a(vmi_class_type_info.o)
                              ./L2_Drivers/src/nrf_stream.o (vtable for __cxxabiv1::__vmi_class_type_info)
c:/sjsu_dev_243_can/toolchain/bin/../lib/gcc/arm-none-eabi/4.8.4/../../../../arm-none-eabi/lib/armv7-m\libstdc++_s.a(pure.o)
                              ./L5_Application/source/controller_master.o (__cxa_pure_virtual)
c:/sjsu_dev_243_can/toolchain/bin/../lib/gcc/arm-none-eabi/4.8.4/../../../../arm-none-eabi/lib/armv7-m\libstdc++_s.a(guard.o)
                              ./L5_Application/source/cmd_handlers/handlers.o (__cxa_guard_acquire)
c:/sjsu_dev_243_can/toolchain/bin/../lib/gcc/arm-none-eabi/4.8.4/../../../../arm-none-eabi/lib/armv7-m\libstdc++_s.a(tinfo.o)
                              c:/sjsu_dev_243_can/toolchain/bin/../lib/gcc/arm-none-eabi/4.8.4/../../../../arm-none-eabi/lib/armv7-m\libstdc++_s.a(vmi_class_type_info.o) (std::type_info::__is_pointer_p() const)
c:/sjsu_dev_243_can/toolchain/bin/../lib/gcc/arm-none-eabi/4.8.4/../../../../arm-none-eabi/lib/armv7-m\libstdc++_s.a(class_type_info.o)
                              c:/sjsu_dev_243_can/toolchain/bin/../lib/gcc/arm-none-eabi/4.8.4/../../../../arm-none-eabi/lib/armv7-m\libstdc++_s.a(vmi_class_type_info.o) (__cxxabiv1::__class_type_info::__do_upcast(__cxxabiv1::__class_type_info const*, void**) const)
c:/sjsu_dev_243_can/toolchain/bin/../lib/gcc/arm-none-eabi/4.8.4/../../../../arm-none-eabi/lib/armv7-m\libstdc++_s.a(si_class_type_info.o)
                              ./L5_Application/source/controller_master.o (vtable for __cxxabiv1::__si_class_type_info)
c:/sjsu_dev_243_can/toolchain/bin/../lib/gcc/arm-none-eabi/4.8.4/../../../../arm-none-eabi/lib/armv7-m\libstdc++_s.a(eh_terminate.o)
                              c:/sjsu_dev_243_can/toolchain/bin/../lib/gcc/arm-none-eabi/4.8.4/../../../../arm-none-eabi/lib/armv7-m\libstdc++_s.a(pure.o) (std::terminate())
c:/sjsu_dev_243_can/toolchain/bin/../lib/gcc/arm-none-eabi/4.8.4/../../../../arm-none-eabi/lib/armv7-m\libstdc++_s.a(eh_term_handler.o)
                              c:/sjsu_dev_243_can/toolchain/bin/../lib/gcc/arm-none-eabi/4.8.4/../../../../arm-none-eabi/lib/armv7-m\libstdc++_s.a(eh_terminate.o) (__cxxabiv1::__terminate_handler)
c:/sjsu_dev_243_can/toolchain/bin/../lib/gcc/arm-none-eabi/4.8.4/../../../../arm-none-eabi/lib/armv7-m\libstdc++_s.a(eh_unex_handler.o)
                              c:/sjsu_dev_243_can/toolchain/bin/../lib/gcc/arm-none-eabi/4.8.4/../../../../arm-none-eabi/lib/armv7-m\libstdc++_s.a(eh_terminate.o) (__cxxabiv1::__unexpected_handler)
c:/sjsu_dev_243_can/toolchain/bin/../lib/gcc/arm-none-eabi/4.8.4/armv7-m\libgcc.a(_ashldi3.o)
                              ./L0_LowLevel/source/lpc_peripherals.o (__aeabi_llsl)
c:/sjsu_dev_243_can/toolchain/bin/../lib/gcc/arm-none-eabi/4.8.4/armv7-m\libgcc.a(_arm_addsubdf3.o)
                              ./L2_Drivers/base/uart_dev.o (__aeabi_dadd)
c:/sjsu_dev_243_can/toolchain/bin/../lib/gcc/arm-none-eabi/4.8.4/armv7-m\libgcc.a(_arm_fixunsdfsi.o)
                              ./L2_Drivers/base/uart_dev.o (__aeabi_d2uiz)
c:/sjsu_dev_243_can/toolchain/bin/../lib/gcc/arm-none-eabi/4.8.4/armv7-m\libgcc.a(_arm_truncdfsf2.o)
                              ./L3_Utils/src/str.o (__aeabi_d2f)
c:/sjsu_dev_243_can/toolchain/bin/../lib/gcc/arm-none-eabi/4.8.4/armv7-m\libgcc.a(_arm_addsubsf3.o)
                              ./L5_Application/source/cmd_handlers/handlers.o (__aeabi_fsub)
c:/sjsu_dev_243_can/toolchain/bin/../lib/gcc/arm-none-eabi/4.8.4/armv7-m\libgcc.a(_arm_muldivsf3.o)
                              ./L5_Application/source/cmd_handlers/handlers.o (__aeabi_fmul)
c:/sjsu_dev_243_can/toolchain/bin/../lib/gcc/arm-none-eabi/4.8.4/armv7-m\libgcc.a(_arm_cmpsf2.o)
                              ./L3_Utils/src/str.o (__aeabi_fcmplt)
c:/sjsu_dev_243_can/toolchain/bin/../lib/gcc/arm-none-eabi/4.8.4/armv7-m\libgcc.a(_arm_fixsfsi.o)
                              ./L5_Application/source/cmd_handlers/handlers.o (__aeabi_f2iz)
c:/sjsu_dev_243_can/toolchain/bin/../lib/gcc/arm-none-eabi/4.8.4/armv7-m\libgcc.a(_arm_fixunssfsi.o)
                              ./L2_Drivers/src/lpc_pwm.o (__aeabi_f2uiz)
c:/sjsu_dev_243_can/toolchain/bin/../lib/gcc/arm-none-eabi/4.8.4/armv7-m\libgcc.a(_aeabi_uldivmod.o)
                              ./L5_Application/source/cmd_handlers/handlers.o (__aeabi_uldivmod)
c:/sjsu_dev_243_can/toolchain/bin/../lib/gcc/arm-none-eabi/4.8.4/armv7-m\libgcc.a(bpabi.o)
                              c:/sjsu_dev_243_can/toolchain/bin/../lib/gcc/arm-none-eabi/4.8.4/armv7-m\libgcc.a(_aeabi_uldivmod.o) (__gnu_uldivmod_helper)
c:/sjsu_dev_243_can/toolchain/bin/../lib/gcc/arm-none-eabi/4.8.4/armv7-m\libgcc.a(_dvmd_tls.o)
[...]
Memory Configuration

Name             Origin             Length             Attributes
MFlash512        0x00010000         0x00070000         xr
RamLoc32         0x10000000         0x00008000         xrw
RamAHB32         0x2007c000         0x00008000         xrw
*default*        0x00000000         0xffffffff

Linker script and memory map

LOAD ./newlib/malloc_lock.o
LOAD ./newlib/memory.o
LOAD ./newlib/newlib_syscalls.o
LOAD ./newlib/newlib_time.o
LOAD ./newlib/printf_lib.o
LOAD ./L5_Application/source/cmd_handlers/handlers.o
LOAD ./L5_Application/source/cmd_handlers/prog_handlers.o
LOAD ./L5_Application/source/cmd_handlers/wireless_handlers.o
LOAD ./L5_Application/source/can_common.o
LOAD ./L5_Application/source/controller_bt_android.o
LOAD ./L5_Application/source/controller_dummy.o
LOAD ./L5_Application/source/controller_geo.o
LOAD ./L5_Application/source/controller_io.o
LOAD ./L5_Application/source/controller_master.o
LOAD ./L5_Application/source/controller_motor.o
LOAD ./L5_Application/source/controller_sensor.o
LOAD ./L5_Application/source/high_level_init.o
LOAD ./L5_Application/source/remote.o
LOAD ./L5_Application/source/terminal.o
LOAD ./L5_Application/examples/examples.o
LOAD ./L5_Application/examples/rn_xv_task.o
LOAD ./L5_Application/main.o
LOAD ./L4_IO/wireless/src/mesh.o
LOAD ./L4_IO/wireless/src/nrf24L01Plus.o
LOAD ./L4_IO/wireless/src/wireless.o
LOAD ./L4_IO/src/gpio.o
LOAD ./L4_IO/src/io_source.o
LOAD ./L4_IO/src/storage.o
LOAD ./L4_IO/fat/option/ccsbcs.o
LOAD ./L4_IO/fat/option/reentrant.o
LOAD ./L4_IO/fat/disk/diskio.o
LOAD ./L4_IO/fat/disk/sd.o
LOAD ./L4_IO/fat/disk/spi_flash.o
LOAD ./L4_IO/fat/fatfs_time.o
LOAD ./L4_IO/fat/ff.o
LOAD ./L3_Utils/tlm/src/c_tlm_binary.o
LOAD ./L3_Utils/tlm/src/c_tlm_comp.o
LOAD ./L3_Utils/tlm/src/c_tlm_stream.o
LOAD ./L3_Utils/tlm/src/c_tlm_var.o
LOAD ./L3_Utils/src/c_list.o
LOAD ./L3_Utils/src/command_handler.o
LOAD ./L3_Utils/src/file_logger.o
LOAD ./L3_Utils/src/freertos_timer.o
LOAD ./L3_Utils/src/rtc_alarm.o
LOAD ./L3_Utils/src/scheduler_task.o
LOAD ./L3_Utils/src/str.o
LOAD ./L3_Utils/src/utilities.o
LOAD ./L2_Drivers/src/adc.o
LOAD ./L2_Drivers/src/can.o
LOAD ./L2_Drivers/src/eint.o
LOAD ./L2_Drivers/src/i2c2.o
LOAD ./L2_Drivers/src/lpc_pwm.o
LOAD ./L2_Drivers/src/lpc_rit.o
LOAD ./L2_Drivers/src/lpc_timers.o
LOAD ./L2_Drivers/src/nrf_stream.o
LOAD ./L2_Drivers/src/rtc.o
LOAD ./L2_Drivers/src/spi_dma.o
LOAD ./L2_Drivers/src/spi_sem.o
LOAD ./L2_Drivers/src/uart0.o
LOAD ./L2_Drivers/src/uart2.o
LOAD ./L2_Drivers/src/uart3.o
LOAD ./L2_Drivers/base/char_dev.o
LOAD ./L2_Drivers/base/i2c_base.o
LOAD ./L2_Drivers/base/uart_dev.o
LOAD ./L1_FreeRTOS/src/croutine.o
LOAD ./L1_FreeRTOS/src/event_groups.o
LOAD ./L1_FreeRTOS/src/list.o
LOAD ./L1_FreeRTOS/src/queue.o
LOAD ./L1_FreeRTOS/src/tasks.o
LOAD ./L1_FreeRTOS/src/timers.o
LOAD ./L1_FreeRTOS/portable/port.o
LOAD ./L1_FreeRTOS/portable/run_time_stats.o
LOAD ./L1_FreeRTOS/hooks/hooks.o
LOAD ./L1_FreeRTOS/MemMang/heap_1.o
LOAD ./L1_FreeRTOS/MemMang/heap_2.o
LOAD ./L1_FreeRTOS/MemMang/heap_3.o
LOAD ./L1_FreeRTOS/MemMang/heap_4.o
LOAD ./L0_LowLevel/source/core_cm3.o
LOAD ./L0_LowLevel/source/low_level_init.o
LOAD ./L0_LowLevel/source/lpc_peripherals.o
LOAD ./L0_LowLevel/source/lpc_sys.o
LOAD ./L0_LowLevel/source/startup.o
LOAD ./L0_LowLevel/source/sys_clock.o
LOAD ./L0_LowLevel/source/uart0_min.o
LOAD c:/sjsu_dev_243_can/toolchain/bin/../lib/gcc/arm-none-eabi/4.8.4/../../../../arm-none-eabi/lib/armv7-m\libstdc++_s.a
LOAD c:/sjsu_dev_243_can/toolchain/bin/../lib/gcc/arm-none-eabi/4.8.4/../../../../arm-none-eabi/lib/armv7-m\libm.a
START GROUP
LOAD c:/sjsu_dev_243_can/toolchain/bin/../lib/gcc/arm-none-eabi/4.8.4/armv7-m\libgcc.a
LOAD c:/sjsu_dev_243_can/toolchain/bin/../lib/gcc/arm-none-eabi/4.8.4/../../../../arm-none-eabi/lib/armv7-m\libc_s.a
END GROUP
START GROUP
LOAD c:/sjsu_dev_243_can/toolchain/bin/../lib/gcc/arm-none-eabi/4.8.4/armv7-m\libgcc.a
LOAD c:/sjsu_dev_243_can/toolchain/bin/../lib/gcc/arm-none-eabi/4.8.4/../../../../arm-none-eabi/lib/armv7-m\libc_s.a
END GROUP
                0x20084000                __top_RamAHB32 = 0x20084000

.text           0x00010000    0x17290
 FILL mask 0xff
 *(.isr_vector)
 .isr_vector    0x00010000       0xcc ./L0_LowLevel/source/startup.o
                0x00010000                g_pfnVectors
                0x000100cc                . = ALIGN (0x4)
                0x000100cc                __section_table_start = .
                0x000100cc                __data_section_table = .
                0x000100cc        0x4 LONG 0x27298 LOADADDR (.data)
                0x000100d0        0x4 LONG 0x2007c000 ADDR (.data)
                0x000100d4        0x4 LONG 0x1e8 SIZEOF (.data)
                0x000100d8                __data_section_table_end = .
                0x000100d8                __bss_section_table = .
                0x000100d8        0x4 LONG 0x2007c1e8 ADDR (.bss)
                0x000100dc        0x4 LONG 0x924 SIZEOF (.bss)
                0x000100e0                __bss_section_table_end = .
                0x000100e0                __section_table_end = .
 *(.after_vectors*)
 .after_vectors
                0x000100e0      0x11c ./L0_LowLevel/source/startup.o
                0x000100e0                isr_hard_fault
                0x000100fc                isr_nmi
                0x0001010c                isr_mem_fault
                0x0001011c                isr_bus_fault
                0x0001012c                isr_usage_fault
                0x0001013c                isr_debug_mon
                0x0001014c                TIMER3_IRQHandler
                0x0001014c                UART1_IRQHandler
                0x0001014c                EINT2_IRQHandler
                0x0001014c                PLL0_IRQHandler
                0x0001014c                I2C1_IRQHandler
                0x0001014c                PLL1_IRQHandler
                0x0001014c                SSP0_IRQHandler
                0x0001014c                CANAct_IRQHandler
                0x0001014c                I2S_IRQHandler
                0x0001014c                PWM1_IRQHandler
                0x0001014c                SPI_IRQHandler
                0x0001014c                TIMER2_IRQHandler
                0x0001014c                EINT1_IRQHandler
                0x0001014c                isr_default_handler
                0x0001014c                SSP1_IRQHandler
                0x0001014c                USBAct_IRQHandler
                0x0001014c                USB_IRQHandler
                0x0001014c                BOD_IRQHandler
                0x0001014c                ENET_IRQHandler
                0x0001014c                WDT_IRQHandler
                0x0001014c                I2C0_IRQHandler
                0x0001014c                QEI_IRQHandler
                0x0001014c                EINT0_IRQHandler
                0x0001014c                DMA_IRQHandler
                0x0001014c                TIMER0_IRQHandler
                0x0001014c                MCPWM_IRQHandler
                0x0001015c                isr_sys_tick
                0x0001016e                data_init(unsigned int, unsigned int, unsigned int)
                0x00010180                bss_init(unsigned int, unsigned int)
 *(.text*)
 .text._sbrk    0x000101fc       0x74 ./newlib/memory.o
                0x000101fc                _sbrk
 .text._Znwj    0x00010270        0x4 ./newlib/memory.o
                0x00010270                operator new(unsigned int)
 .text._ZdlPv   0x00010274        0x4 ./newlib/memory.o
                0x00010274                operator delete(void*)
 .text._ZdaPv   0x00010278        0x4 ./newlib/memory.o
                0x00010278                operator delete[](void*)
 .text.sys_get_mem_info
                0x0001027c       0xb0 ./newlib/memory.o
                0x0001027c                sys_get_mem_info
 .text._ZN9__gnu_cxx27__verbose_terminate_handlerEv
                0x0001032c        0x2 ./newlib/memory.o
                0x0001032c                __gnu_cxx::__verbose_terminate_handler()
 *fill*         0x0001032e        0x2 
 .text.sys_set_outchar_func
                0x00010330        0xc ./newlib/newlib_syscalls.o
                0x00010330                sys_set_outchar_func
 .text.sys_set_inchar_func
                0x0001033c        0xc ./newlib/newlib_syscalls.o
                0x0001033c                sys_set_inchar_func
 .text._kill    0x00010348       0x10 ./newlib/newlib_syscalls.o
                0x00010348                _kill
 .text._exit    0x00010358       0x10 ./newlib/newlib_syscalls.o
                0x00010358                _exit
 .text._getpid  0x00010368        0x4 ./newlib/newlib_syscalls.o
                0x00010368                _getpid
 .text._init    0x0001036c        0x4 ./newlib/newlib_syscalls.o
                0x0001036c                _init
 .text._write   0x00010370       0x28 ./newlib/newlib_syscalls.o
                0x00010370                _write
 .text._read    0x00010398       0x2c ./newlib/newlib_syscalls.o
                0x00010398                _read
 .text.syscalls_init
                0x000103c4        0x2 ./newlib/newlib_syscalls.o
                0x000103c4                syscalls_init
 .text._fstat   0x000103c6        0x4 ./newlib/newlib_syscalls.o
                0x000103c6                _fstat
 *fill*         0x000103ca        0x2 
 .text._isatty  0x000103cc       0x24 ./newlib/newlib_syscalls.o
                0x000103cc                _isatty
 .text._lseek   0x000103f0        0x4 ./newlib/newlib_syscalls.o
                0x000103f0                _lseek
 .text._close   0x000103f4        0x4 ./newlib/newlib_syscalls.o
                0x000103f4                _close
 .text._gettimeofday
                0x000103f8       0x7c ./newlib/newlib_time.o
                0x000103f8                _gettimeofday
 .text.u0_dbg_put
                0x00010474       0x20 ./newlib/printf_lib.o
                0x00010474                u0_dbg_put
 .text.u0_dbg_printf
                0x00010494       0x3c ./newlib/printf_lib.o
                0x00010494                u0_dbg_printf
 .text._ZN7Storage13getFlashDriveEv
                0x000104d0       0x48 ./L5_Application/source/cmd_handlers/handlers.o
                0x000104d0                Storage::getFlashDrive()
 .text._ZN7Storage10getSDDriveEv
                0x00010518       0x48 ./L5_Application/source/cmd_handlers/handlers.o
                0x00010518                Storage::getSDDrive()
 .text._Z15taskListHandlerR3strR7CharDevPv
                0x00010560       0xec ./L5_Application/source/cmd_handlers/handlers.o
                0x00010560                taskListHandler(str&, CharDev&, void*)
 .text._Z14memInfoHandlerR3strR7CharDevPv
                0x0001064c       0x22 ./L5_Application/source/cmd_handlers/handlers.o
                0x0001064c                memInfoHandler(str&, CharDev&, void*)
 *fill*         0x0001066e        0x2 
 .text._Z11timeHandlerR3strR7CharDevPv
                0x00010670       0xc4 ./L5_Application/source/cmd_handlers/handlers.o
                0x00010670                timeHandler(str&, CharDev&, void*)
 .text._Z10logHandlerR3strR7CharDevPv
                0x00010734      0x110 ./L5_Application/source/cmd_handlers/handlers.o
                0x00010734                logHandler(str&, CharDev&, void*)
 .text._Z9cpHandlerR3strR7CharDevPv
                0x00010844       0x80 ./L5_Application/source/cmd_handlers/handlers.o
                0x00010844                cpHandler(str&, CharDev&, void*)
 .text._Z10catHandlerR3strR7CharDevPv
                0x000108c4      0x130 ./L5_Application/source/cmd_handlers/handlers.o
                0x000108c4                catHandler(str&, CharDev&, void*)
 .text._Z9lsHandlerR3strR7CharDevPv
                0x000109f4      0x1ac ./L5_Application/source/cmd_handlers/handlers.o
                0x000109f4                lsHandler(str&, CharDev&, void*)
 .text._Z12mkdirHandlerR3strR7CharDevPv
                0x00010ba0       0x3c ./L5_Application/source/cmd_handlers/handlers.o
                0x00010ba0                mkdirHandler(str&, CharDev&, void*)
 .text._Z9rmHandlerR3strR7CharDevPv
                0x00010bdc       0x3c ./L5_Application/source/cmd_handlers/handlers.o
                0x00010bdc                rmHandler(str&, CharDev&, void*)
 .text._Z9mvHandlerR3strR7CharDevPv
                0x00010c18       0x5c ./L5_Application/source/cmd_handlers/handlers.o
                0x00010c18                mvHandler(str&, CharDev&, void*)
 .text._Z14newFileHandlerR3strR7CharDevPv
                0x00010c74       0xb0 ./L5_Application/source/cmd_handlers/handlers.o
                0x00010c74                newFileHandler(str&, CharDev&, void*)
 .text._Z10dcpHandlerR3strR7CharDevPv
                0x00010d24      0x13c ./L5_Application/source/cmd_handlers/handlers.o
                0x00010d24                dcpHandler(str&, CharDev&, void*)
 .text._Z14storageHandlerR3strR7CharDevPv
                0x00010e60       0xb4 ./L5_Application/source/cmd_handlers/handlers.o
                0x00010e60                storageHandler(str&, CharDev&, void*)
 .text._Z13rebootHandlerR3strR7CharDevPv
                0x00010f14       0x30 ./L5_Application/source/cmd_handlers/handlers.o
                0x00010f14                rebootHandler(str&, CharDev&, void*)
 .text._Z14learnIrHandlerR3strR7CharDevPv
                0x00010f44       0x34 ./L5_Application/source/cmd_handlers/handlers.o
                0x00010f44                learnIrHandler(str&, CharDev&, void*)
 .text._ZN17SingletonTemplateI4I2C2E11getInstanceEv
                0x00010f78       0x20 ./L5_Application/source/cmd_handlers/handlers.o
                0x00010f78                SingletonTemplate<I2C2>::getInstance()
 .text._Z12i2cIoHandlerR3strR7CharDevPv
                0x00010f98      0x188 ./L5_Application/source/cmd_handlers/handlers.o
                0x00010f98                i2cIoHandler(str&, CharDev&, void*)
 .text._Z13healthHandlerR3strR7CharDevPv
                0x00011120      0x1a4 ./L5_Application/source/cmd_handlers/handlers.o
                0x00011120                healthHandler(str&, CharDev&, void*)
 .text._Z16flashProgHandlerR3strR7CharDevPv
                0x000112c4       0xac ./L5_Application/source/cmd_handlers/prog_handlers.o
                0x000112c4                flashProgHandler(str&, CharDev&, void*)
 .text._Z14getFileHandlerR3strR7CharDevPv
                0x00011370      0x130 ./L5_Application/source/cmd_handlers/prog_handlers.o
                0x00011370                getFileHandler(str&, CharDev&, void*)
 .text._ZL25wirelessHandlerPrintStatsR7CharDevP12mesh_stats_th
                0x000114a0       0x3c ./L5_Application/source/cmd_handlers/wireless_handlers.o
 .text._ZL14wsStatsHandlerR3strR7CharDevPv
                0x000114dc       0x1e ./L5_Application/source/cmd_handlers/wireless_handlers.o
 *fill*         0x000114fa        0x2 
 .text._ZL11wsTxHandlerR3strR7CharDevPv
                0x000114fc      0x118 ./L5_Application/source/cmd_handlers/wireless_handlers.o
 .text._ZL13wsAddrHandlerR3strR7CharDevPv
                0x00011614       0x34 ./L5_Application/source/cmd_handlers/wireless_handlers.o
 .text._Z12wsRteHandlerR3strR7CharDevPv
                0x00011648       0x74 ./L5_Application/source/cmd_handlers/wireless_handlers.o
                0x00011648                wsRteHandler(str&, CharDev&, void*)
 .text._ZL11wsRxHandlerR3strR7CharDevPv
                0x000116bc       0x80 ./L5_Application/source/cmd_handlers/wireless_handlers.o
 .text._Z15wirelessHandlerR3strR7CharDevPv
                0x0001173c      0x160 ./L5_Application/source/cmd_handlers/wireless_handlers.o
                0x0001173c                wirelessHandler(str&, CharDev&, void*)
 .text._ZN17SingletonTemplateI12NordicStreamE11getInstanceEv
                0x0001189c       0x20 ./L5_Application/source/cmd_handlers/wireless_handlers.o
                0x0001189c                SingletonTemplate<NordicStream>::getInstance()
 .text._ZL15wsFileTxHandlerR3strR7CharDevPv
                0x000118bc      0x220 ./L5_Application/source/cmd_handlers/wireless_handlers.o
 .text._ZL15wsStreamHandlerR3strR7CharDevPv
                0x00011adc      0x120 ./L5_Application/source/cmd_handlers/wireless_handlers.o
 .text._ZN14can_controller14enum_to_stringEv
                0x00011bfc      0x198 ./L5_Application/source/can_common.o
                0x00011bfc                can_controller::enum_to_string()
 .text._ZN14can_controller9can_setupEP12can_msg_id_tj
                0x00011d94       0xc2 ./L5_Application/source/can_common.o
                0x00011d94                can_controller::can_setup(can_msg_id_t*, unsigned int)
 .text._ZN14can_controllerC2E15controller_id_tP12can_msg_id_tj
                0x00011e56       0x22 ./L5_Application/source/can_common.o
                0x00011e56                can_controller::can_controller(controller_id_t, can_msg_id_t*, unsigned int)
                0x00011e56                can_controller::can_controller(controller_id_t, can_msg_id_t*, unsigned int)
 .text._ZN14can_controller12get_rx_countEv
                0x00011e78        0x4 ./L5_Application/source/can_common.o
                0x00011e78                can_controller::get_rx_count()
 .text._ZN14can_controller12get_rx_bytesEv
                0x00011e7c        0x4 ./L5_Application/source/can_common.o
                0x00011e7c                can_controller::get_rx_bytes()
 .text._ZN14can_controller12get_tx_countEv
                0x00011e80        0x4 ./L5_Application/source/can_common.o
                0x00011e80                can_controller::get_tx_count()
 .text._ZN14can_controller12get_tx_bytesEv
                0x00011e84        0x4 ./L5_Application/source/can_common.o
                0x00011e84                can_controller::get_tx_bytes()
 .text._ZN14can_controller12processResetEv
                0x00011e88       0x20 ./L5_Application/source/can_common.o
                0x00011e88                can_controller::processReset()
 .text._ZN17SingletonTemplateI3LEDE11getInstanceEv
                0x00011ea8       0x1c ./L5_Application/source/can_common.o
                0x00011ea8                SingletonTemplate<LED>::getInstance()
 .text._ZN14can_controller8can_sendE15controller_id_t8msg_id_tPht
                0x00011ec4      0x200 ./L5_Application/source/can_common.o
                0x00011ec4                can_controller::can_send(controller_id_t, msg_id_t, unsigned char*, unsigned short)
 .text._ZN14can_controller8can_recvEP15controller_id_tP8msg_id_tPhPt
                0x000120c4      0x22c ./L5_Application/source/can_common.o
                0x000120c4                can_controller::can_recv(controller_id_t*, msg_id_t*, unsigned char*, unsigned short*)
 .text._ZN14scheduler_taskD2Ev
                0x000122f0        0xc ./L5_Application/source/controller_master.o
                0x000122f0                scheduler_task::~scheduler_task()
                0x000122f0                scheduler_task::~scheduler_task()
 .text._ZN14scheduler_task4initEv
                0x000122fc        0x4 ./L5_Application/source/controller_master.o
                0x000122fc                scheduler_task::init()
 .text._ZN14scheduler_task6regTlmEv
                0x00012300        0x4 ./L5_Application/source/controller_master.o
                0x00012300                scheduler_task::regTlm()
 .text._ZN14scheduler_task9taskEntryEv
                0x00012304        0x4 ./L5_Application/source/controller_master.o
                0x00012304                scheduler_task::taskEntry()
 .text._ZN9debugTaskD2Ev
                0x00012308        0xc ./L5_Application/source/controller_master.o
                0x00012308                debugTask::~debugTask()
                0x00012308                debugTask::~debugTask()
 .text._ZN12speedDirTaskD2Ev
                0x00012314        0xc ./L5_Application/source/controller_master.o
                0x00012314                speedDirTask::~speedDirTask()
                0x00012314                speedDirTask::~speedDirTask()
 .text._ZN13heartbeatTaskD2Ev
                0x00012320        0xc ./L5_Application/source/controller_master.o
                0x00012320                heartbeatTask::~heartbeatTask()
                0x00012320                heartbeatTask::~heartbeatTask()
 .text._ZN16canRxProcessTaskD2Ev
                0x0001232c        0xc ./L5_Application/source/controller_master.o
                0x0001232c                canRxProcessTask::~canRxProcessTask()
                0x0001232c                canRxProcessTask::~canRxProcessTask()
 .text._ZN15canRxBufferTaskD2Ev
                0x00012338        0xc ./L5_Application/source/controller_master.o
                0x00012338                canRxBufferTask::~canRxBufferTask()
                0x00012338                canRxBufferTask::~canRxBufferTask()
 .text._ZN14scheduler_taskD0Ev
                0x00012344       0x14 ./L5_Application/source/controller_master.o
                0x00012344                scheduler_task::~scheduler_task()
 .text._ZN9debugTaskD0Ev
                0x00012358       0x14 ./L5_Application/source/controller_master.o
                0x00012358                debugTask::~debugTask()
 .text._ZN12speedDirTaskD0Ev
                0x0001236c       0x14 ./L5_Application/source/controller_master.o
                0x0001236c                speedDirTask::~speedDirTask()
 .text._ZN13heartbeatTaskD0Ev
                0x00012380       0x14 ./L5_Application/source/controller_master.o
                0x00012380                heartbeatTask::~heartbeatTask()
 .text._ZN16canRxProcessTaskD0Ev
                0x00012394       0x14 ./L5_Application/source/controller_master.o
                0x00012394                canRxProcessTask::~canRxProcessTask()
 .text._ZN15canRxBufferTaskD0Ev
                0x000123a8       0x14 ./L5_Application/source/controller_master.o
                0x000123a8                canRxBufferTask::~canRxBufferTask()
 .text._ZN13heartbeatTask3runEPv
                0x000123bc      0x124 ./L5_Application/source/controller_master.o
                0x000123bc                heartbeatTask::run(void*)
 .text._ZN12speedDirTask3runEPv
                0x000124e0       0x34 ./L5_Application/source/controller_master.o
                0x000124e0                speedDirTask::run(void*)
 .text._ZN15canRxBufferTaskC2Eh
                0x00012514       0x28 ./L5_Application/source/controller_master.o
                0x00012514                canRxBufferTask::canRxBufferTask(unsigned char)
                0x00012514                canRxBufferTask::canRxBufferTask(unsigned char)
 .text._ZN16canRxProcessTaskC2Eh
                0x0001253c       0x28 ./L5_Application/source/controller_master.o
                0x0001253c                canRxProcessTask::canRxProcessTask(unsigned char)
                0x0001253c                canRxProcessTask::canRxProcessTask(unsigned char)
 .text._ZN17SingletonTemplateI11LED_DisplayE11getInstanceEv
                0x00012564       0x3c ./L5_Application/source/controller_master.o
                0x00012564                SingletonTemplate<LED_Display>::getInstance()
 .text._ZN9debugTask3runEPv
                0x000125a0      0x144 ./L5_Application/source/controller_master.o
                0x000125a0                debugTask::run(void*)
 .text._Z14controllerInitv
                0x000126e4      0x1f8 ./L5_Application/source/controller_master.o
                0x000126e4                controllerInit()
 .text._ZN15canRxBufferTask3runEPv
                0x000128dc       0xf8 ./L5_Application/source/controller_master.o
                0x000128dc                canRxBufferTask::run(void*)
 .text._ZN16canRxProcessTask3runEPv
                0x000129d4      0x140 ./L5_Application/source/controller_master.o
                0x000129d4                canRxProcessTask::run(void*)
 .text.startup._GLOBAL__sub_I_controller
                0x00012b14       0x2c ./L5_Application/source/controller_master.o
 .text._ZL13hl_print_linev
                0x00012b40        0xc ./L5_Application/source/high_level_init.o
 .text.ssp_set_max_clock
                0x00012b4c       0x2c ./L5_Application/source/high_level_init.o
 .text._ZL16hl_mount_storageR16FileSystemObjectPKc
                0x00012b78       0x94 ./L5_Application/source/high_level_init.o
 .text._ZN17SingletonTemplateI17TemperatureSensorE11getInstanceEv
                0x00012c0c       0x28 ./L5_Application/source/high_level_init.o
                0x00012c0c                SingletonTemplate<TemperatureSensor>::getInstance()
 .text._ZN17SingletonTemplateI12Light_SensorE11getInstanceEv
                0x00012c34       0x18 ./L5_Application/source/high_level_init.o
                0x00012c34                SingletonTemplate<Light_Sensor>::getInstance()
 .text._ZN17SingletonTemplateI8SwitchesE11getInstanceEv
                0x00012c4c       0x18 ./L5_Application/source/high_level_init.o
                0x00012c4c                SingletonTemplate<Switches>::getInstance()
 .text._Z15high_level_initv
                0x00012c64      0x54c ./L5_Application/source/high_level_init.o
                0x00012c64                high_level_init()
 .text._ZN17SingletonTemplateI9IR_SensorE11getInstanceEv
                0x000131b0       0x18 ./L5_Application/source/remote.o
                0x000131b0                SingletonTemplate<IR_Sensor>::getInstance()
 .text._ZN12terminalTask6regTlmEv
                0x000131c8        0x4 ./L5_Application/source/terminal.o
                0x000131c8                terminalTask::regTlm()
 .text._ZN6VECTORIN12terminalTask9cmdChan_tEE14changeCapacityEj.part.3
                0x000131cc       0x34 ./L5_Application/source/terminal.o
 .text._ZN12terminalTaskD2Ev
                0x00013200       0x50 ./L5_Application/source/terminal.o
                0x00013200                terminalTask::~terminalTask()
                0x00013200                terminalTask::~terminalTask()
 .text._ZN12terminalTaskD0Ev
                0x00013250       0x12 ./L5_Application/source/terminal.o
                0x00013250                terminalTask::~terminalTask()
 *fill*         0x00013262        0x2 
 .text._ZN12terminalTaskC2Eh
                0x00013264       0xb0 ./L5_Application/source/terminal.o
                0x00013264                terminalTask::terminalTask(unsigned char)
                0x00013264                terminalTask::terminalTask(unsigned char)
 .text._ZN12terminalTask22handleEchoAndBackspaceEPNS_9cmdChan_tEc
                0x00013314       0x5c ./L5_Application/source/terminal.o
                0x00013314                terminalTask::handleEchoAndBackspace(terminalTask::cmdChan_t*, char)
 .text._ZN12terminalTask17addCommandChannelEP7CharDevb
                0x00013370       0x40 ./L5_Application/source/terminal.o
                0x00013370                terminalTask::addCommandChannel(CharDev*, bool)
 .text._ZN12terminalTask10getCommandEv
                0x000133b0      0x13a ./L5_Application/source/terminal.o
                0x000133b0                terminalTask::getCommand()
 *fill*         0x000134ea        0x2 
 .text._ZN12terminalTask3runEPv
                0x000134ec       0x9c ./L5_Application/source/terminal.o
                0x000134ec                terminalTask::run(void*)
 .text._ZN17SingletonTemplateI5Uart0E11getInstanceEv
                0x00013588       0x20 ./L5_Application/source/terminal.o
                0x00013588                SingletonTemplate<Uart0>::getInstance()
 .text._ZN5Uart017putcharIntrDrivenEc
                0x000135a8       0x18 ./L5_Application/source/terminal.o
                0x000135a8                Uart0::putcharIntrDriven(char)
 .text._ZN5Uart017getcharIntrDrivenEc
                0x000135c0       0x22 ./L5_Application/source/terminal.o
                0x000135c0                Uart0::getcharIntrDriven(char)
 *fill*         0x000135e2        0x2 
 .text._ZN12terminalTask9taskEntryEv
                0x000135e4      0x27c ./L5_Application/source/terminal.o
                0x000135e4                terminalTask::taskEntry()
 .text._ZN12wirelessTaskD2Ev
                0x00013860        0xc ./L5_Application/main.o
                0x00013860                wirelessTask::~wirelessTask()
                0x00013860                wirelessTask::~wirelessTask()
 .text._ZN12wirelessTaskD0Ev
                0x0001386c       0x14 ./L5_Application/main.o
                0x0001386c                wirelessTask::~wirelessTask()
 .text._ZN12wirelessTask3runEPv
                0x00013880        0xa ./L5_Application/main.o
                0x00013880                wirelessTask::run(void*)
 *fill*         0x0001388a        0x2 
 .text.startup.main
                0x0001388c       0x7c ./L5_Application/main.o
                0x0001388c                main
 .text.mesh_incr_soft_timers_for_arr
                0x00013908       0x26 ./L4_IO/wireless/src/mesh.o
 *fill*         0x0001392e        0x2 
 .text.mesh_update_soft_timers
                0x00013930       0x4c ./L4_IO/wireless/src/mesh.o
 .text.mesh_send_packet
                0x0001397c       0x3c ./L4_IO/wireless/src/mesh.o
 .text.mesh_send_retry_packet
                0x000139b8       0x34 ./L4_IO/wireless/src/mesh.o
 .text.mesh_find_rte_tbl_entry
                0x000139ec       0x24 ./L4_IO/wireless/src/mesh.o
 .text.mesh_update_rte_scores
                0x00013a10       0x28 ./L4_IO/wireless/src/mesh.o
 .text.mesh_get_pnd_pkt_slot
                0x00013a38       0x46 ./L4_IO/wireless/src/mesh.o
 *fill*         0x00013a7e        0x2 
 .text.mesh_pending_packets_add
                0x00013a80       0x8c ./L4_IO/wireless/src/mesh.o
 .text.mesh_get_rte_to_modify
                0x00013b0c       0x60 ./L4_IO/wireless/src/mesh.o
 .text.mesh_handle_pnd_pkts_for_arr
                0x00013b6c      0x184 ./L4_IO/wireless/src/mesh.o
 .text.mesh_set_node_address
                0x00013cf0       0x18 ./L4_IO/wireless/src/mesh.o
                0x00013cf0                mesh_set_node_address
 .text.mesh_get_node_address
                0x00013d08        0xc ./L4_IO/wireless/src/mesh.o
                0x00013d08                mesh_get_node_address
 .text.mesh_set_retry_count
                0x00013d14       0x10 ./L4_IO/wireless/src/mesh.o
                0x00013d14                mesh_set_retry_count
 .text.mesh_form_pkt
                0x00013d24       0xec ./L4_IO/wireless/src/mesh.o
                0x00013d24                mesh_form_pkt
 .text.mesh_send_formed_pkt
                0x00013e10       0x5c ./L4_IO/wireless/src/mesh.o
                0x00013e10                mesh_send_formed_pkt
 .text.mesh_init
                0x00013e6c      0x104 ./L4_IO/wireless/src/mesh.o
                0x00013e6c                mesh_init
 .text.mesh_send
                0x00013f70       0x42 ./L4_IO/wireless/src/mesh.o
                0x00013f70                mesh_send
 .text.mesh_send_ack
                0x00013fb2       0x1a ./L4_IO/wireless/src/mesh.o
 .text.mesh_get_routing_entry
                0x00013fcc       0x2c ./L4_IO/wireless/src/mesh.o
                0x00013fcc                mesh_get_routing_entry
 .text.mesh_get_num_routing_entries
                0x00013ff8       0x1c ./L4_IO/wireless/src/mesh.o
                0x00013ff8                mesh_get_num_routing_entries
 .text.mesh_service
                0x00014014      0x2b0 ./L4_IO/wireless/src/mesh.o
                0x00014014                mesh_service
 .text.mesh_get_pnd_pkt_count
                0x000142c4       0x34 ./L4_IO/wireless/src/mesh.o
                0x000142c4                mesh_get_pnd_pkt_count
 .text.mesh_get_max_timeout_before_packet_fails
                0x000142f8       0x24 ./L4_IO/wireless/src/mesh.o
                0x000142f8                mesh_get_max_timeout_before_packet_fails
 .text.mesh_get_stats
                0x0001431c       0x14 ./L4_IO/wireless/src/mesh.o
                0x0001431c                mesh_get_stats
 .text.nordic_transfer
                0x00014330      0x124 ./L4_IO/wireless/src/nrf24L01Plus.o
 .text.nordic_readRegister
                0x00014454       0x20 ./L4_IO/wireless/src/nrf24L01Plus.o
 .text.nordic_writeRegister
                0x00014474       0x20 ./L4_IO/wireless/src/nrf24L01Plus.o
 .text.nordic_is_tx_fifo_empty
                0x00014494        0xe ./L4_IO/wireless/src/nrf24L01Plus.o
                0x00014494                nordic_is_tx_fifo_empty
 .text.nordic_clear_all_intr_flags
                0x000144a2        0x8 ./L4_IO/wireless/src/nrf24L01Plus.o
                0x000144a2                nordic_clear_all_intr_flags
 .text.nordic_queue_tx_fifo
                0x000144aa       0x10 ./L4_IO/wireless/src/nrf24L01Plus.o
                0x000144aa                nordic_queue_tx_fifo
 .text.nordic_standby1_to_tx_mode1
                0x000144ba       0x18 ./L4_IO/wireless/src/nrf24L01Plus.o
                0x000144ba                nordic_standby1_to_tx_mode1
 *fill*         0x000144d2        0x2 
 .text.nordic_rx_to_Stanby1
                0x000144d4       0x10 ./L4_IO/wireless/src/nrf24L01Plus.o
                0x000144d4                nordic_rx_to_Stanby1
 .text.nordic_standby1_to_rx
                0x000144e4       0x24 ./L4_IO/wireless/src/nrf24L01Plus.o
                0x000144e4                nordic_standby1_to_rx
 .text.nordic_clear_packet_sent_flag
                0x00014508        0x8 ./L4_IO/wireless/src/nrf24L01Plus.o
                0x00014508                nordic_clear_packet_sent_flag
 .text.nordic_flush_tx_fifo
                0x00014510        0xe ./L4_IO/wireless/src/nrf24L01Plus.o
                0x00014510                nordic_flush_tx_fifo
 *fill*         0x0001451e        0x2 
 .text.nordic_mode1_send_single_packet
                0x00014520       0x4c ./L4_IO/wireless/src/nrf24L01Plus.o
                0x00014520                nordic_mode1_send_single_packet
 .text.nordic_is_packet_available
                0x0001456c       0x12 ./L4_IO/wireless/src/nrf24L01Plus.o
                0x0001456c                nordic_is_packet_available
 .text.nordic_clear_packet_available_flag
                0x0001457e        0x8 ./L4_IO/wireless/src/nrf24L01Plus.o
                0x0001457e                nordic_clear_packet_available_flag
 .text.nordic_read_rx_fifo
                0x00014586       0x16 ./L4_IO/wireless/src/nrf24L01Plus.o
                0x00014586                nordic_read_rx_fifo
 .text.nordic_flush_rx_fifo
                0x0001459c        0xe ./L4_IO/wireless/src/nrf24L01Plus.o
                0x0001459c                nordic_flush_rx_fifo
 .text.nordic_set_intr_signals
                0x000145aa       0x40 ./L4_IO/wireless/src/nrf24L01Plus.o
                0x000145aa                nordic_set_intr_signals
 .text.nordic_set_crc
                0x000145ea       0x3a ./L4_IO/wireless/src/nrf24L01Plus.o
                0x000145ea                nordic_set_crc
 .text.nordic_power_up
                0x00014624       0x18 ./L4_IO/wireless/src/nrf24L01Plus.o
                0x00014624                nordic_power_up
 .text.nordic_power_down
                0x0001463c       0x18 ./L4_IO/wireless/src/nrf24L01Plus.o
                0x0001463c                nordic_power_down
 .text.nordic_set_channel
                0x00014654       0x24 ./L4_IO/wireless/src/nrf24L01Plus.o
                0x00014654                nordic_set_channel
 .text.nordic_set_air_data_rate
                0x00014678       0x2e ./L4_IO/wireless/src/nrf24L01Plus.o
                0x00014678                nordic_set_air_data_rate
 .text.nordic_set_power_level
                0x000146a6       0x26 ./L4_IO/wireless/src/nrf24L01Plus.o
                0x000146a6                nordic_set_power_level
 .text.nordic_set_auto_transmit_options
                0x000146cc       0x30 ./L4_IO/wireless/src/nrf24L01Plus.o
                0x000146cc                nordic_set_auto_transmit_options
 .text.nordic_set_payload_for_pipe
                0x000146fc       0x18 ./L4_IO/wireless/src/nrf24L01Plus.o
                0x000146fc                nordic_set_payload_for_pipe
 .text.nordic_set_addr_width
                0x00014714       0x16 ./L4_IO/wireless/src/nrf24L01Plus.o
                0x00014714                nordic_set_addr_width
 .text.nordic_set_tx_address
                0x0001472a        0xe ./L4_IO/wireless/src/nrf24L01Plus.o
                0x0001472a                nordic_set_tx_address
 .text.nordic_set_rx_pipe0_addr
                0x00014738        0xe ./L4_IO/wireless/src/nrf24L01Plus.o
                0x00014738                nordic_set_rx_pipe0_addr
 *fill*         0x00014746        0x2 
 .text.nordic_init
                0x00014748       0xc8 ./L4_IO/wireless/src/nrf24L01Plus.o
                0x00014748                nordic_init
 .text.nrf_irq_callback
                0x00014810       0x30 ./L4_IO/wireless/src/wireless.o
 .text.nrf_driver_init
                0x00014840       0x70 ./L4_IO/wireless/src/wireless.o
 .text.nrf_driver_app_recv
                0x000148b0       0x4c ./L4_IO/wireless/src/wireless.o
 .text.nrf_driver_send
                0x000148fc       0x5c ./L4_IO/wireless/src/wireless.o
 .text.nrf_driver_receive
                0x00014958       0x22 ./L4_IO/wireless/src/wireless.o
 .text.wireless_get_queued_pkt
                0x0001497a       0x62 ./L4_IO/wireless/src/wireless.o
 .text.nrf_driver_get_timer
                0x000149dc       0x28 ./L4_IO/wireless/src/wireless.o
 .text.wireless_init
                0x00014a04       0x4c ./L4_IO/wireless/src/wireless.o
                0x00014a04                wireless_init
 .text.wireless_get_rx_pkt
                0x00014a50       0x14 ./L4_IO/wireless/src/wireless.o
                0x00014a50                wireless_get_rx_pkt
 .text.wireless_get_ack_pkt
                0x00014a64       0x14 ./L4_IO/wireless/src/wireless.o
                0x00014a64                wireless_get_ack_pkt
 .text.wireless_service
                0x00014a78       0x4c ./L4_IO/wireless/src/wireless.o
                0x00014a78                wireless_service
 .text._ZN11i2c2_device8writeRegEhh
                0x00014ac4       0x18 ./L4_IO/src/io_source.o
                0x00014ac4                i2c2_device::writeReg(unsigned char, unsigned char)
 .text._ZN11i2c2_device16get16BitRegisterEh
                0x00014adc       0x30 ./L4_IO/src/io_source.o
                0x00014adc                i2c2_device::get16BitRegister(unsigned char)
 .text._ZN19Acceleration_Sensor4initEv
                0x00014b0c       0x22 ./L4_IO/src/io_source.o
                0x00014b0c                Acceleration_Sensor::init()
 *fill*         0x00014b2e        0x2 
 .text._ZN9IR_Sensor11storeIrCodeEm
                0x00014b30       0x1c ./L4_IO/src/io_source.o
                0x00014b30                IR_Sensor::storeIrCode(unsigned long)
 .text._ZN9IR_Sensor12decodeIrCodeEv
                0x00014b4c       0x68 ./L4_IO/src/io_source.o
                0x00014b4c                IR_Sensor::decodeIrCode()
 .text._ZN9IR_Sensor4initEv
                0x00014bb4       0x30 ./L4_IO/src/io_source.o
                0x00014bb4                IR_Sensor::init()
 .text._ZN11LED_Display12setLeftDigitEc
                0x00014be4       0x18 ./L4_IO/src/io_source.o
                0x00014be4                LED_Display::setLeftDigit(char)
 .text._ZN11LED_Display13setRightDigitEc
                0x00014bfc       0x18 ./L4_IO/src/io_source.o
                0x00014bfc                LED_Display::setRightDigit(char)
 .text._ZN11LED_Display4initEv
                0x00014c14       0x3a ./L4_IO/src/io_source.o
                0x00014c14                LED_Display::init()
 .text._ZN11LED_Display9setNumberEc
                0x00014c4e       0x3e ./L4_IO/src/io_source.o
                0x00014c4e                LED_Display::setNumber(char)
 .text._ZN3LED4initEv
                0x00014c8c        0x4 ./L4_IO/src/io_source.o
                0x00014c8c                LED::init()
 .text._ZN3LED6setAllEc
                0x00014c90       0x40 ./L4_IO/src/io_source.o
                0x00014c90                LED::setAll(char)
 .text._ZN3LED2onEi
                0x00014cd0       0x16 ./L4_IO/src/io_source.o
                0x00014cd0                LED::on(int)
 .text._ZN3LED3offEi
                0x00014ce6       0x16 ./L4_IO/src/io_source.o
                0x00014ce6                LED::off(int)
 .text._ZN3LED3setEib
                0x00014cfc        0xa ./L4_IO/src/io_source.o
                0x00014cfc                LED::set(int, bool)
 .text._ZNK3LED9getValuesEv
                0x00014d06        0x4 ./L4_IO/src/io_source.o
                0x00014d06                LED::getValues() const
 .text._ZN12Light_Sensor4initEv
                0x00014d0a        0x4 ./L4_IO/src/io_source.o
                0x00014d0a                Light_Sensor::init()
 .text._ZN12Light_Sensor11getRawValueEv
                0x00014d0e        0x6 ./L4_IO/src/io_source.o
                0x00014d0e                Light_Sensor::getRawValue()
 .text._ZN8Switches4initEv
                0x00014d14        0x4 ./L4_IO/src/io_source.o
                0x00014d14                Switches::init()
 .text._ZN8Switches15getSwitchValuesEv
                0x00014d18       0x18 ./L4_IO/src/io_source.o
                0x00014d18                Switches::getSwitchValues()
 .text._ZN8I2C_Temp4initEv
                0x00014d30       0x24 ./L4_IO/src/io_source.o
                0x00014d30                I2C_Temp::init()
 .text._ZN8I2C_Temp10getCelsiusEv
                0x00014d54       0x32 ./L4_IO/src/io_source.o
                0x00014d54                I2C_Temp::getCelsius()
 *fill*         0x00014d86        0x2 
 .text._ZN8I2C_Temp12getFarenheitEv
                0x00014d88       0x24 ./L4_IO/src/io_source.o
                0x00014d88                I2C_Temp::getFarenheit()
 .text._ZN7Storage4copyEPKcS1_PjS2_S2_
                0x00014dac       0xfc ./L4_IO/src/storage.o
                0x00014dac                Storage::copy(char const*, char const*, unsigned int*, unsigned int*, unsigned int*)
 .text._ZN7Storage4readEPKcPvjj
                0x00014ea8       0x46 ./L4_IO/src/storage.o
                0x00014ea8                Storage::read(char const*, void*, unsigned int, unsigned int)
 .text._ZN7Storage5writeEPKcPvjj
                0x00014eee       0x46 ./L4_IO/src/storage.o
                0x00014eee                Storage::write(char const*, void*, unsigned int, unsigned int)
 .text._ZN7Storage6appendEPKcPvjj
                0x00014f34       0x4a ./L4_IO/src/storage.o
                0x00014f34                Storage::append(char const*, void*, unsigned int, unsigned int)
 *fill*         0x00014f7e        0x2 
 .text.ff_convert
                0x00014f80       0x38 ./L4_IO/fat/option/ccsbcs.o
                0x00014f80                ff_convert
 .text.ff_wtoupper
                0x00014fb8       0x24 ./L4_IO/fat/option/ccsbcs.o
                0x00014fb8                ff_wtoupper
 .text.ff_cre_syncobj
                0x00014fdc       0x14 ./L4_IO/fat/option/reentrant.o
                0x00014fdc                ff_cre_syncobj
 .text.ff_del_syncobj
                0x00014ff0        0x4 ./L4_IO/fat/option/reentrant.o
                0x00014ff0                ff_del_syncobj
 .text.ff_req_grant
                0x00014ff4       0x26 ./L4_IO/fat/option/reentrant.o
                0x00014ff4                ff_req_grant
 .text.ff_rel_grant
                0x0001501a       0x1e ./L4_IO/fat/option/reentrant.o
                0x0001501a                ff_rel_grant
 .text.disk_initialize
                0x00015038       0x26 ./L4_IO/fat/disk/diskio.o
                0x00015038                disk_initialize
 .text.disk_status
                0x0001505e        0xe ./L4_IO/fat/disk/diskio.o
                0x0001505e                disk_status
 .text.disk_read
                0x0001506c       0x38 ./L4_IO/fat/disk/diskio.o
                0x0001506c                disk_read
 .text.disk_write
                0x000150a4       0x38 ./L4_IO/fat/disk/diskio.o
                0x000150a4                disk_write
 .text.disk_ioctl
                0x000150dc       0x32 ./L4_IO/fat/disk/diskio.o
                0x000150dc                disk_ioctl
 .text.sys_get_uptime_ms
                0x0001510e       0x12 ./L4_IO/fat/disk/sd.o
 .text.ssp_set_max_clock.constprop.2
                0x00015120       0x30 ./L4_IO/fat/disk/sd.o
 .text.ssp1_exchange_byte
                0x00015150       0x18 ./L4_IO/fat/disk/sd.o
 .text.wait_ready
                0x00015168       0x34 ./L4_IO/fat/disk/sd.o
                0x00015168                wait_ready
 .text.power_off
                0x0001519c       0x24 ./L4_IO/fat/disk/sd.o
                0x0001519c                power_off
 .text.rcvr_datablock
                0x000151c0       0x8e ./L4_IO/fat/disk/sd.o
                0x000151c0                rcvr_datablock
 .text.xmit_datablock
                0x0001524e       0x52 ./L4_IO/fat/disk/sd.o
                0x0001524e                xmit_datablock
 .text.send_cmd
                0x000152a0       0x98 ./L4_IO/fat/disk/sd.o
                0x000152a0                send_cmd
 .text.sd_update_card_status
                0x00015338       0x24 ./L4_IO/fat/disk/sd.o
                0x00015338                sd_update_card_status
 .text.sd_initialize
                0x0001535c      0x17c ./L4_IO/fat/disk/sd.o
                0x0001535c                sd_initialize
 .text.sd_status
                0x000154d8       0x10 ./L4_IO/fat/disk/sd.o
                0x000154d8                sd_status
 .text.sd_read  0x000154e8       0x9c ./L4_IO/fat/disk/sd.o
                0x000154e8                sd_read
 .text.sd_write
                0x00015584       0xb8 ./L4_IO/fat/disk/sd.o
                0x00015584                sd_write
 .text.sd_ioctl
                0x0001563c      0x244 ./L4_IO/fat/disk/sd.o
                0x0001563c                sd_ioctl
 .text._ZL24flash_get_mem_size_bytesv
                0x00015880       0x20 ./L4_IO/fat/disk/spi_flash.o
 .text._ZL37flash_perform_page_io_of_fatfs_sectorPFvPhmmES_m
                0x000158a0       0x6c ./L4_IO/fat/disk/spi_flash.o
 .text.ssp1_exchange_data
                0x0001590c       0xe0 ./L4_IO/fat/disk/spi_flash.o
 .text._ZL18flash_send_op_addr14flash_opcode_tm
                0x000159ec       0x24 ./L4_IO/fat/disk/spi_flash.o
 .text._ZL15flash_read_pagePhmm
                0x00015a10       0x44 ./L4_IO/fat/disk/spi_flash.o
 .text._ZL20flash_wait_for_readyv
                0x00015a54       0x44 ./L4_IO/fat/disk/spi_flash.o
 .text.flash_initialize
                0x00015a98       0x9c ./L4_IO/fat/disk/spi_flash.o
                0x00015a98                flash_initialize
 .text.flash_read_sectors
                0x00015b34       0x50 ./L4_IO/fat/disk/spi_flash.o
                0x00015b34                flash_read_sectors
 .text.flash_write_sectors
                0x00015b84       0x4c ./L4_IO/fat/disk/spi_flash.o
                0x00015b84                flash_write_sectors
 .text.flash_ioctl
                0x00015bd0       0x38 ./L4_IO/fat/disk/spi_flash.o
                0x00015bd0                flash_ioctl
 .text.flash_write_permanent_id
                0x00015c08       0x40 ./L4_IO/fat/disk/spi_flash.o
                0x00015c08                flash_write_permanent_id
 .text.flash_read_permanent_id
                0x00015c48       0x28 ./L4_IO/fat/disk/spi_flash.o
                0x00015c48                flash_read_permanent_id
 .text.flash_get_page_count
                0x00015c70       0x20 ./L4_IO/fat/disk/spi_flash.o
                0x00015c70                flash_get_page_count
 .text.flash_get_page_size
                0x00015c90        0xc ./L4_IO/fat/disk/spi_flash.o
                0x00015c90                flash_get_page_size
 .text.flash_supports_metadata
                0x00015c9c       0x10 ./L4_IO/fat/disk/spi_flash.o
                0x00015c9c                flash_supports_metadata
 .text._ZL16flash_write_pagePhmm
                0x00015cac       0x8c ./L4_IO/fat/disk/spi_flash.o
 .text.flash_get_page_write_count
                0x00015d38       0x54 ./L4_IO/fat/disk/spi_flash.o
                0x00015d38                flash_get_page_write_count
 .text.flash_chip_erase
                0x00015d8c       0x28 ./L4_IO/fat/disk/spi_flash.o
                0x00015d8c                flash_chip_erase
 .text.get_fattime
                0x00015db4       0x52 ./L4_IO/fat/fatfs_time.o
                0x00015db4                get_fattime
 .text.mem_cpy  0x00015e06       0x2e ./L4_IO/fat/ff.o
 .text.mem_set  0x00015e34        0xe ./L4_IO/fat/ff.o
 .text.sum_sfn  0x00015e42       0x1e ./L4_IO/fat/ff.o
 .text.get_ldnumber
                0x00015e60       0x40 ./L4_IO/fat/ff.o
 .text.get_fileinfo
                0x00015ea0       0xb0 ./L4_IO/fat/ff.o
 .text.sync_window
                0x00015f50       0x4a ./L4_IO/fat/ff.o
 *fill*         0x00015f9a        0x2 
 .text.sync_fs  0x00015f9c       0x78 ./L4_IO/fat/ff.o
 .text.move_window
                0x00016014       0x32 ./L4_IO/fat/ff.o
 *fill*         0x00016046        0x2 
 .text.check_fs
                0x00016048       0x4c ./L4_IO/fat/ff.o
 .text.find_volume
                0x00016094      0x21c ./L4_IO/fat/ff.o
 .text.validate
                0x000162b0       0x3a ./L4_IO/fat/ff.o
 .text.unlock_fs
                0x000162ea       0x1a ./L4_IO/fat/ff.o
 .text.clust2sect
                0x00016304       0x16 ./L4_IO/fat/ff.o
                0x00016304                clust2sect
 .text.get_fat  0x0001631a       0xa6 ./L4_IO/fat/ff.o
                0x0001631a                get_fat
 .text.dir_sdi  0x000163c0       0x7e ./L4_IO/fat/ff.o
 .text.put_fat  0x0001643e       0xce ./L4_IO/fat/ff.o
                0x0001643e                put_fat
 .text.create_chain
                0x0001650c       0xa2 ./L4_IO/fat/ff.o
 .text.dir_next
                0x000165ae       0xee ./L4_IO/fat/ff.o
 .text.dir_find.part.9
                0x0001669c      0x128 ./L4_IO/fat/ff.o
 .text.follow_path
                0x000167c4      0x26c ./L4_IO/fat/ff.o
 .text.dir_register
                0x00016a30      0x20c ./L4_IO/fat/ff.o
 .text.dir_remove
                0x00016c3c       0x5a ./L4_IO/fat/ff.o
 *fill*         0x00016c96        0x2 
 .text.dir_read.constprop.11
                0x00016c98       0xe8 ./L4_IO/fat/ff.o
 .text.remove_chain
                0x00016d80       0x58 ./L4_IO/fat/ff.o
 .text.f_mount  0x00016dd8       0x7c ./L4_IO/fat/ff.o
                0x00016dd8                f_mount
 .text.f_open   0x00016e54      0x124 ./L4_IO/fat/ff.o
                0x00016e54                f_open
 .text.f_read   0x00016f78      0x17c ./L4_IO/fat/ff.o
                0x00016f78                f_read
 .text.f_write  0x000170f4      0x1bc ./L4_IO/fat/ff.o
                0x000170f4                f_write
 .text.f_sync   0x000172b0       0x8c ./L4_IO/fat/ff.o
                0x000172b0                f_sync
 .text.f_close  0x0001733c       0x24 ./L4_IO/fat/ff.o
                0x0001733c                f_close
 .text.f_lseek  0x00017360      0x15a ./L4_IO/fat/ff.o
                0x00017360                f_lseek
 .text.f_opendir
                0x000174ba       0x7e ./L4_IO/fat/ff.o
                0x000174ba                f_opendir
 .text.f_readdir
                0x00017538       0x5e ./L4_IO/fat/ff.o
                0x00017538                f_readdir
 .text.f_getfree
                0x00017596       0xca ./L4_IO/fat/ff.o
                0x00017596                f_getfree
 .text.f_unlink
                0x00017660       0xba ./L4_IO/fat/ff.o
                0x00017660                f_unlink
 .text.f_mkdir  0x0001771a      0x156 ./L4_IO/fat/ff.o
                0x0001771a                f_mkdir
 .text.f_rename
                0x00017870      0x120 ./L4_IO/fat/ff.o
                0x00017870                f_rename
 .text.f_mkfs   0x00017990      0x484 ./L4_IO/fat/ff.o
                0x00017990                f_mkfs
 .text.c_list_for_each_elm
                0x00017e14       0x32 ./L3_Utils/src/c_list.o
                0x00017e14                c_list_for_each_elm
 *fill*         0x00017e46        0x2 
 .text._ZN16CommandProcessor10addHandlerEPFbR3strR7CharDevPvEPKcS8_S4_
                0x00017e48       0x78 ./L3_Utils/src/command_handler.o
                0x00017e48                CommandProcessor::addHandler(bool (*)(str&, CharDev&, void*), char const*, char const*, void*)
 .text._ZN16CommandProcessor24getRegisteredCommandListER7CharDev
                0x00017ec0       0x9c ./L3_Utils/src/command_handler.o
                0x00017ec0                CommandProcessor::getRegisteredCommandList(CharDev&)
 .text._ZN16CommandProcessor11getHelpTextER3strR7CharDev
                0x00017f5c       0x74 ./L3_Utils/src/command_handler.o
                0x00017f5c                CommandProcessor::getHelpText(str&, CharDev&)
 .text._ZN16CommandProcessor15prepareCmdParamER3strPKc
                0x00017fd0       0x3c ./L3_Utils/src/command_handler.o
                0x00017fd0                CommandProcessor::prepareCmdParam(str&, char const*)
 .text._ZN16CommandProcessor13handleCommandER3strR7CharDev
                0x0001800c      0x13c ./L3_Utils/src/command_handler.o
                0x0001800c                CommandProcessor::handleCommand(str&, CharDev&)
 .text.logger_get_buffer_ptr
                0x00018148       0x44 ./L3_Utils/src/file_logger.o
 .text.logger_write_to_file
                0x0001818c       0xb4 ./L3_Utils/src/file_logger.o
 .text.logger_task
                0x00018240       0xcc ./L3_Utils/src/file_logger.o
 .text.logger_write_log_message
                0x0001830c       0x4c ./L3_Utils/src/file_logger.o
 .text.logger_send_flush_request
                0x00018358       0x34 ./L3_Utils/src/file_logger.o
                0x00018358                logger_send_flush_request
 .text.logger_init
                0x0001838c       0xdc ./L3_Utils/src/file_logger.o
                0x0001838c                logger_init
 .text.logger_set_printf
                0x00018468       0x1c ./L3_Utils/src/file_logger.o
                0x00018468                logger_set_printf
 .text.logger_log
                0x00018484      0x140 ./L3_Utils/src/file_logger.o
                0x00018484                logger_log
 .text.logger_log_raw
                0x000185c4       0x40 ./L3_Utils/src/file_logger.o
                0x000185c4                logger_log_raw
 .text.for_each_recur_alarm_callback
                0x00018604       0x26 ./L3_Utils/src/rtc_alarm.o
 .text.for_each_alarm_callback
                0x0001862a       0x5e ./L3_Utils/src/rtc_alarm.o
 .text.RTC_IRQHandler
                0x00018688       0xa4 ./L3_Utils/src/rtc_alarm.o
                0x00018688                RTC_IRQHandler
 .text._ZL9printlinePKcS0_
                0x0001872c       0xb4 ./L3_Utils/src/scheduler_task.o
 .text._ZL9dbg_printPKcS0_
                0x000187e0       0x78 ./L3_Utils/src/scheduler_task.o
 .text._Z24scheduler_c_task_privatePv
                0x00018858      0x11c ./L3_Utils/src/scheduler_task.o
                0x00018858                scheduler_c_task_private(void*)
 .text._Z18scheduler_init_allb
                0x00018974       0xf0 ./L3_Utils/src/scheduler_task.o
                0x00018974                scheduler_init_all(bool)
 .text._Z18scheduler_add_taskP14scheduler_task
                0x00018a64       0x20 ./L3_Utils/src/scheduler_task.o
                0x00018a64                scheduler_add_task(scheduler_task*)
 .text._Z15scheduler_startbb
                0x00018a84       0x44 ./L3_Utils/src/scheduler_task.o
                0x00018a84                scheduler_start(bool, bool)
 .text._ZN14scheduler_taskC2EPKcmhPv
                0x00018ac8       0x34 ./L3_Utils/src/scheduler_task.o
                0x00018ac8                scheduler_task::scheduler_task(char const*, unsigned long, unsigned char, void*)
                0x00018ac8                scheduler_task::scheduler_task(char const*, unsigned long, unsigned char, void*)
 .text._ZN14scheduler_task15getSharedObjectEh
                0x00018afc       0x18 ./L3_Utils/src/scheduler_task.o
                0x00018afc                scheduler_task::getSharedObject(unsigned char)
 .text._ZN3strC2EPci
                0x00018b14       0x2a ./L3_Utils/src/str.o
                0x00018b14                str::str(char*, int)
                0x00018b14                str::str(char*, int)
 .text._ZN3strD2Ev
                0x00018b3e       0x24 ./L3_Utils/src/str.o
                0x00018b3e                str::~str()
                0x00018b3e                str::~str()
 .text._ZNK3str6getLenEv
                0x00018b62        0x6 ./L3_Utils/src/str.o
                0x00018b62                str::getLen() const
 .text._ZNK3str11getCapacityEv
                0x00018b68        0x4 ./L3_Utils/src/str.o
                0x00018b68                str::getCapacity() const
 .text._ZN3str5clearEv
                0x00018b6c        0x8 ./L3_Utils/src/str.o
                0x00018b6c                str::clear()
 .text._ZN3str5scanfEPKcz
                0x00018b74       0x1c ./L3_Utils/src/str.o
                0x00018b74                str::scanf(char const*, ...)
 .text._ZN3str8tokenizeEPKciz
                0x00018b90       0x4c ./L3_Utils/src/str.o
                0x00018b90                str::tokenize(char const*, int, ...)
 .text._ZNK3str9compareToEPKc
                0x00018bdc       0x16 ./L3_Utils/src/str.o
                0x00018bdc                str::compareTo(char const*) const
 .text._ZNK3str19compareToIgnoreCaseEPKc
                0x00018bf2       0x12 ./L3_Utils/src/str.o
                0x00018bf2                str::compareToIgnoreCase(char const*) const
 .text._ZNK3str22firstIndexOfIgnoreCaseEPKc
                0x00018c04       0x90 ./L3_Utils/src/str.o
                0x00018c04                str::firstIndexOfIgnoreCase(char const*) const
 .text._ZNK3str18containsIgnoreCaseEPKc
                0x00018c94        0xe ./L3_Utils/src/str.o
                0x00018c94                str::containsIgnoreCase(char const*) const
 .text._ZNK3str12firstIndexOfEPKc
                0x00018ca2       0x16 ./L3_Utils/src/str.o
                0x00018ca2                str::firstIndexOf(char const*) const
 .text._ZNK3str10beginsWithEPKc
                0x00018cb8       0x30 ./L3_Utils/src/str.o
                0x00018cb8                str::beginsWith(char const*) const
 .text._ZNK3str20beginsWithIgnoreCaseEPKc
                0x00018ce8       0x30 ./L3_Utils/src/str.o
                0x00018ce8                str::beginsWithIgnoreCase(char const*) const
 .text._ZNK3str29beginsWithWholeWordIgnoreCaseEPKcc
                0x00018d18       0x3c ./L3_Utils/src/str.o
                0x00018d18                str::beginsWithWholeWordIgnoreCase(char const*, char) const
 .text._ZN3str10eraseFirstEi
                0x00018d54       0x28 ./L3_Utils/src/str.o
                0x00018d54                str::eraseFirst(int)
 .text._ZN3str9eraseLastEi
                0x00018d7c       0x20 ./L3_Utils/src/str.o
                0x00018d7c                str::eraseLast(int)
 .text._ZN3str10eraseAfterEii
                0x00018d9c       0x38 ./L3_Utils/src/str.o
                0x00018d9c                str::eraseAfter(int, int)
 .text._ZN3str5eraseEPKc
                0x00018dd4       0x28 ./L3_Utils/src/str.o
                0x00018dd4                str::erase(char const*)
 .text._ZN3str15eraseFirstWordsEic
                0x00018dfc       0x2a ./L3_Utils/src/str.o
                0x00018dfc                str::eraseFirstWords(int, char)
 .text._ZN3str9trimStartEPKc
                0x00018e26       0x40 ./L3_Utils/src/str.o
                0x00018e26                str::trimStart(char const*)
 .text._ZN3str7trimEndEPKc
                0x00018e66       0x3c ./L3_Utils/src/str.o
                0x00018e66                str::trimEnd(char const*)
 .text._ZNK3streqEPKc
                0x00018ea2        0x4 ./L3_Utils/src/str.o
                0x00018ea2                str::operator==(char const*) const
 .text._ZNK3strclEv
                0x00018ea6        0x4 ./L3_Utils/src/str.o
                0x00018ea6                str::operator()() const
 .text._ZNK3strcviEv
                0x00018eaa        0x6 ./L3_Utils/src/str.o
                0x00018eaa                str::operator int() const
 .text._ZN3strixEi
                0x00018eb0       0x14 ./L3_Utils/src/str.o
                0x00018eb0                str::operator[](int)
 .text._ZN3str13reAllocateMemEi
                0x00018ec4       0x4c ./L3_Utils/src/str.o
                0x00018ec4                str::reAllocateMem(int)
 .text._ZN3str4initEi
                0x00018f10       0x10 ./L3_Utils/src/str.o
                0x00018f10                str::init(int)
 .text._ZN3strC2Ei
                0x00018f20        0xc ./L3_Utils/src/str.o
                0x00018f20                str::str(int)
                0x00018f20                str::str(int)
 .text._ZN3str7reserveEi
                0x00018f2c        0xe ./L3_Utils/src/str.o
                0x00018f2c                str::reserve(int)
 .text._ZN3str6printfEPKcz
                0x00018f3a       0x42 ./L3_Utils/src/str.o
                0x00018f3a                str::printf(char const*, ...)
 .text._ZN3str26ensureMemoryToInsertNCharsEi
                0x00018f7c       0x22 ./L3_Utils/src/str.o
                0x00018f7c                str::ensureMemoryToInsertNChars(int)
 .text._ZN3str11insertAtEndEPKc
                0x00018f9e       0x22 ./L3_Utils/src/str.o
                0x00018f9e                str::insertAtEnd(char const*)
 .text._ZN3strpLEc
                0x00018fc0       0x1a ./L3_Utils/src/str.o
                0x00018fc0                str::operator+=(char)
 .text._ZN3str8copyFromEPKc
                0x00018fda       0x3c ./L3_Utils/src/str.o
                0x00018fda                str::copyFrom(char const*)
 .text._ZN3straSEPKc
                0x00019016        0x4 ./L3_Utils/src/str.o
                0x00019016                str::operator=(char const*)
 .text.delay_us
                0x0001901a       0x1c ./L3_Utils/src/utilities.o
                0x0001901a                delay_us
 .text.is_freertos_running
                0x00019036        0xe ./L3_Utils/src/utilities.o
                0x00019036                is_freertos_running
 .text.delay_ms
                0x00019044       0x22 ./L3_Utils/src/utilities.o
                0x00019044                delay_ms
 *fill*         0x00019066        0x2 
 .text.adc0_start_conversion
                0x00019068       0x24 ./L2_Drivers/src/adc.o
 .text.ADC_IRQHandler
                0x0001908c       0x3c ./L2_Drivers/src/adc.o
                0x0001908c                ADC_IRQHandler
 .text.adc0_init
                0x000190c8       0x74 ./L2_Drivers/src/adc.o
                0x000190c8                adc0_init
 .text.adc0_get_reading
                0x0001913c       0x78 ./L2_Drivers/src/adc.o
                0x0001913c                adc0_get_reading
 .text.CAN_tx_now
                0x000191b4       0x32 ./L2_Drivers/src/can.o
 *fill*         0x000191e6        0x2 
 .text.CAN_handle_isr
                0x000191e8       0x8c ./L2_Drivers/src/can.o
 .text.CAN_IRQHandler
                0x00019274       0x28 ./L2_Drivers/src/can.o
                0x00019274                CAN_IRQHandler
 .text.CAN_init
                0x0001929c      0x174 ./L2_Drivers/src/can.o
                0x0001929c                CAN_init
 .text.CAN_rx   0x00019410       0x8c ./L2_Drivers/src/can.o
                0x00019410                CAN_rx
 .text.CAN_is_bus_off
                0x0001949c       0x1c ./L2_Drivers/src/can.o
                0x0001949c                CAN_is_bus_off
 .text.CAN_tx   0x000194b8       0x9c ./L2_Drivers/src/can.o
                0x000194b8                CAN_tx
 .text.CAN_reset_bus
                0x00019554       0x18 ./L2_Drivers/src/can.o
                0x00019554                CAN_reset_bus
 .text.CAN_bypass_filter_accept_all_msgs
                0x0001956c        0xc ./L2_Drivers/src/can.o
                0x0001956c                CAN_bypass_filter_accept_all_msgs
 .text.CAN_gen_sid
                0x00019578       0x34 ./L2_Drivers/src/can.o
                0x00019578                CAN_gen_sid
 .text.CAN_setup_filter
                0x000195ac      0x130 ./L2_Drivers/src/can.o
                0x000195ac                CAN_setup_filter
 .text.handle_eint_list
                0x000196dc       0x2c ./L2_Drivers/src/eint.o
 .text.eint3_enable.isra.0
                0x00019708       0x38 ./L2_Drivers/src/eint.o
 .text.EINT3_IRQHandler
                0x00019740       0x80 ./L2_Drivers/src/eint.o
                0x00019740                EINT3_IRQHandler
 .text.eint3_enable_port0
                0x000197c0       0x30 ./L2_Drivers/src/eint.o
                0x000197c0                eint3_enable_port0
 .text._ZN4I2C24initEj
                0x000197f0       0x6c ./L2_Drivers/src/i2c2.o
                0x000197f0                I2C2::init(unsigned int)
 .text._ZN4I2C2C2Ev
                0x0001985c       0x14 ./L2_Drivers/src/i2c2.o
                0x0001985c                I2C2::I2C2()
                0x0001985c                I2C2::I2C2()
 .text.I2C2_IRQHandler
                0x00019870       0x24 ./L2_Drivers/src/i2c2.o
                0x00019870                I2C2_IRQHandler
 .text.RIT_IRQHandler
                0x00019894       0x1c ./L2_Drivers/src/lpc_rit.o
                0x00019894                RIT_IRQHandler
 .text.lpc_timer_get_struct
                0x000198b0       0x20 ./L2_Drivers/src/lpc_timers.o
 .text.lpc_timer_enable
                0x000198d0       0x50 ./L2_Drivers/src/lpc_timers.o
                0x000198d0                lpc_timer_enable
 .text._ZN12NordicStream5flushEv
                0x00019920       0x60 ./L2_Drivers/src/nrf_stream.o
                0x00019920                NordicStream::flush()
 .text._ZN12NordicStreamD2Ev
                0x00019980       0x14 ./L2_Drivers/src/nrf_stream.o
                0x00019980                NordicStream::~NordicStream()
                0x00019980                NordicStream::~NordicStream()
 .text._ZN12NordicStreamD0Ev
                0x00019994       0x12 ./L2_Drivers/src/nrf_stream.o
                0x00019994                NordicStream::~NordicStream()
 .text._ZN12NordicStream7putCharEcj
                0x000199a6       0x22 ./L2_Drivers/src/nrf_stream.o
                0x000199a6                NordicStream::putChar(char, unsigned int)
 .text._ZN12NordicStream7getCharEPcj
                0x000199c8       0x38 ./L2_Drivers/src/nrf_stream.o
                0x000199c8                NordicStream::getChar(char*, unsigned int)
 .text._ZN12NordicStreamC2Ev
                0x00019a00       0x40 ./L2_Drivers/src/nrf_stream.o
                0x00019a00                NordicStream::NordicStream()
                0x00019a00                NordicStream::NordicStream()
 .text.rtc_gettime
                0x00019a40       0x54 ./L2_Drivers/src/rtc.o
                0x00019a40                rtc_gettime
 .text.rtc_settime
                0x00019a94       0x68 ./L2_Drivers/src/rtc.o
                0x00019a94                rtc_settime
 .text.rtc_init
                0x00019afc       0xd0 ./L2_Drivers/src/rtc.o
                0x00019afc                rtc_init
 .text.rtc_get_date_time_str
                0x00019bcc       0x14 ./L2_Drivers/src/rtc.o
                0x00019bcc                rtc_get_date_time_str
 .text.ssp1_dma_init
                0x00019be0       0x1c ./L2_Drivers/src/spi_dma.o
                0x00019be0                ssp1_dma_init
 .text.ssp1_dma_transfer_block
                0x00019bfc       0xc4 ./L2_Drivers/src/spi_dma.o
                0x00019bfc                ssp1_dma_transfer_block
 .text.spi1_lock
                0x00019cc0       0x30 ./L2_Drivers/src/spi_sem.o
                0x00019cc0                spi1_lock
 .text.spi1_unlock
                0x00019cf0       0x24 ./L2_Drivers/src/spi_sem.o
                0x00019cf0                spi1_unlock
 .text._ZN7UartDevD2Ev
                0x00019d14       0x14 ./L2_Drivers/src/uart0.o
                0x00019d14                UartDev::~UartDev()
                0x00019d14                UartDev::~UartDev()
 .text._ZN5Uart0D2Ev
                0x00019d28       0x14 ./L2_Drivers/src/uart0.o
                0x00019d28                Uart0::~Uart0()
                0x00019d28                Uart0::~Uart0()
 .text._ZN7UartDevD0Ev
                0x00019d3c       0x12 ./L2_Drivers/src/uart0.o
                0x00019d3c                UartDev::~UartDev()
 .text._ZN5Uart0D0Ev
                0x00019d4e       0x12 ./L2_Drivers/src/uart0.o
                0x00019d4e                Uart0::~Uart0()
 .text._ZN5Uart04initEjii
                0x00019d60       0x44 ./L2_Drivers/src/uart0.o
                0x00019d60                Uart0::init(unsigned int, int, int)
 .text._ZN5Uart0C2Ev
                0x00019da4       0x1c ./L2_Drivers/src/uart0.o
                0x00019da4                Uart0::Uart0()
                0x00019da4                Uart0::Uart0()
 .text.UART0_IRQHandler
                0x00019dc0       0x24 ./L2_Drivers/src/uart0.o
                0x00019dc0                UART0_IRQHandler
 .text._ZN5Uart2D2Ev
                0x00019de4       0x14 ./L2_Drivers/src/uart2.o
                0x00019de4                Uart2::~Uart2()
                0x00019de4                Uart2::~Uart2()
 .text._ZN5Uart2D0Ev
                0x00019df8       0x12 ./L2_Drivers/src/uart2.o
                0x00019df8                Uart2::~Uart2()
 *fill*         0x00019e0a        0x2 
 .text._ZN5Uart2C2Ev
                0x00019e0c       0x1c ./L2_Drivers/src/uart2.o
                0x00019e0c                Uart2::Uart2()
                0x00019e0c                Uart2::Uart2()
 .text.UART2_IRQHandler
                0x00019e28       0x24 ./L2_Drivers/src/uart2.o
                0x00019e28                UART2_IRQHandler
 .text._ZN5Uart3D2Ev
                0x00019e4c       0x14 ./L2_Drivers/src/uart3.o
                0x00019e4c                Uart3::~Uart3()
                0x00019e4c                Uart3::~Uart3()
 .text._ZN5Uart3D0Ev
                0x00019e60       0x12 ./L2_Drivers/src/uart3.o
                0x00019e60                Uart3::~Uart3()
 *fill*         0x00019e72        0x2 
 .text._ZN5Uart3C2Ev
                0x00019e74       0x1c ./L2_Drivers/src/uart3.o
                0x00019e74                Uart3::Uart3()
                0x00019e74                Uart3::Uart3()
 .text.UART3_IRQHandler
                0x00019e90       0x24 ./L2_Drivers/src/uart3.o
                0x00019e90                UART3_IRQHandler
 .text._ZN7CharDev5flushEv
                0x00019eb4        0x4 ./L2_Drivers/base/char_dev.o
                0x00019eb4                CharDev::flush()
 .text._ZN7CharDevD2Ev
                0x00019eb8       0x18 ./L2_Drivers/base/char_dev.o
                0x00019eb8                CharDev::~CharDev()
                0x00019eb8                CharDev::~CharDev()
 .text._ZN7CharDevD0Ev
                0x00019ed0       0x12 ./L2_Drivers/base/char_dev.o
                0x00019ed0                CharDev::~CharDev()
 .text._ZN7CharDev3putEPKcj
                0x00019ee2       0x28 ./L2_Drivers/base/char_dev.o
                0x00019ee2                CharDev::put(char const*, unsigned int)
 *fill*         0x00019f0a        0x2 
 .text._ZN7CharDev7putlineEPKcj
                0x00019f0c       0x1c ./L2_Drivers/base/char_dev.o
                0x00019f0c                CharDev::putline(char const*, unsigned int)
 .text._ZN7CharDev4getsEPcij
                0x00019f28       0x52 ./L2_Drivers/base/char_dev.o
                0x00019f28                CharDev::gets(char*, int, unsigned int)
 .text._ZN7CharDev6printfEPKcz
                0x00019f7a       0x7a ./L2_Drivers/base/char_dev.o
                0x00019f7a                CharDev::printf(char const*, ...)
 .text._ZN7CharDevC2Ev
                0x00019ff4       0x20 ./L2_Drivers/base/char_dev.o
                0x00019ff4                CharDev::CharDev()
                0x00019ff4                CharDev::CharDev()
 .text._ZN8I2C_Base8transferEccPcj
                0x0001a014       0xe6 ./L2_Drivers/base/i2c_base.o
                0x0001a014                I2C_Base::transfer(char, char, char*, unsigned int)
 .text._ZN8I2C_Base13readRegistersEccPcj
                0x0001a0fa        0x8 ./L2_Drivers/base/i2c_base.o
                0x0001a0fa                I2C_Base::readRegisters(char, char, char*, unsigned int)
 .text._ZN8I2C_Base7readRegEcc
                0x0001a102       0x1a ./L2_Drivers/base/i2c_base.o
                0x0001a102                I2C_Base::readReg(char, char)
 .text._ZN8I2C_Base14writeRegistersEccPcj
                0x0001a11c        0x8 ./L2_Drivers/base/i2c_base.o
                0x0001a11c                I2C_Base::writeRegisters(char, char, char*, unsigned int)
 .text._ZN8I2C_Base8writeRegEccc
                0x0001a124       0x16 ./L2_Drivers/base/i2c_base.o
                0x0001a124                I2C_Base::writeReg(char, char, char)
 .text._ZN8I2C_Base19checkDeviceResponseEc
                0x0001a13a       0x16 ./L2_Drivers/base/i2c_base.o
                0x0001a13a                I2C_Base::checkDeviceResponse(char)
 .text._ZN8I2C_BaseC2EP15LPC_I2C_TypeDef
                0x0001a150       0x5c ./L2_Drivers/base/i2c_base.o
                0x0001a150                I2C_Base::I2C_Base(LPC_I2C_TypeDef*)
                0x0001a150                I2C_Base::I2C_Base(LPC_I2C_TypeDef*)
 .text._ZN8I2C_Base4initEjj
                0x0001a1ac       0x8c ./L2_Drivers/base/i2c_base.o
                0x0001a1ac                I2C_Base::init(unsigned int, unsigned int)
 .text._ZN8I2C_Base15i2cStateMachineEv
                0x0001a238      0x122 ./L2_Drivers/base/i2c_base.o
                0x0001a238                I2C_Base::i2cStateMachine()
 *fill*         0x0001a35a        0x2 
 .text._ZN8I2C_Base15handleInterruptEv
                0x0001a35c       0x30 ./L2_Drivers/base/i2c_base.o
                0x0001a35c                I2C_Base::handleInterrupt()
 .text._ZN7UartDev7putCharEcj
                0x0001a38c       0x5a ./L2_Drivers/base/uart_dev.o
                0x0001a38c                UartDev::putChar(char, unsigned int)
 .text._ZN7UartDev5flushEv
                0x0001a3e6       0x20 ./L2_Drivers/base/uart_dev.o
                0x0001a3e6                UartDev::flush()
 .text._ZN7UartDev7getCharEPcj
                0x0001a406       0x78 ./L2_Drivers/base/uart_dev.o
                0x0001a406                UartDev::getChar(char*, unsigned int)
 *fill*         0x0001a47e        0x2 
 .text._ZN7UartDev11setBaudRateEj
                0x0001a480       0x3c ./L2_Drivers/base/uart_dev.o
                0x0001a480                UartDev::setBaudRate(unsigned int)
 .text._ZN7UartDev15handleInterruptEv
                0x0001a4bc       0xb4 ./L2_Drivers/base/uart_dev.o
                0x0001a4bc                UartDev::handleInterrupt()
 .text._ZN7UartDevC2EPj
                0x0001a570       0x28 ./L2_Drivers/base/uart_dev.o
                0x0001a570                UartDev::UartDev(unsigned int*)
                0x0001a570                UartDev::UartDev(unsigned int*)
 .text._ZN7UartDev4initEjjii
                0x0001a598       0xb0 ./L2_Drivers/base/uart_dev.o
                0x0001a598                UartDev::init(unsigned int, unsigned int, int, int)
 .text.vListInitialise
                0x0001a648       0x16 ./L1_FreeRTOS/src/list.o
                0x0001a648                vListInitialise
 .text.vListInitialiseItem
                0x0001a65e        0x6 ./L1_FreeRTOS/src/list.o
                0x0001a65e                vListInitialiseItem
 .text.vListInsertEnd
                0x0001a664       0x18 ./L1_FreeRTOS/src/list.o
                0x0001a664                vListInsertEnd
 .text.vListInsert
                0x0001a67c       0x30 ./L1_FreeRTOS/src/list.o
                0x0001a67c                vListInsert
 .text.uxListRemove
                0x0001a6ac       0x20 ./L1_FreeRTOS/src/list.o
                0x0001a6ac                uxListRemove
 .text.prvCopyDataToQueue
                0x0001a6cc       0x66 ./L1_FreeRTOS/src/queue.o
 .text.prvNotifyQueueSetContainer
                0x0001a732       0x34 ./L1_FreeRTOS/src/queue.o
 .text.prvCopyDataFromQueue
                0x0001a766       0x26 ./L1_FreeRTOS/src/queue.o
 .text.prvUnlockQueue
                0x0001a78c       0x78 ./L1_FreeRTOS/src/queue.o
 .text.xQueueGenericReset
                0x0001a804       0x5a ./L1_FreeRTOS/src/queue.o
                0x0001a804                xQueueGenericReset
 .text.xQueueGenericCreate
                0x0001a85e       0x50 ./L1_FreeRTOS/src/queue.o
                0x0001a85e                xQueueGenericCreate
 .text.xQueueCreateCountingSemaphore
                0x0001a8ae       0x12 ./L1_FreeRTOS/src/queue.o
                0x0001a8ae                xQueueCreateCountingSemaphore
 .text.xQueueGenericSend
                0x0001a8c0       0xe2 ./L1_FreeRTOS/src/queue.o
                0x0001a8c0                xQueueGenericSend
 .text.xQueueCreateMutex
                0x0001a9a2       0x4c ./L1_FreeRTOS/src/queue.o
                0x0001a9a2                xQueueCreateMutex
 .text.xQueueGenericSendFromISR
                0x0001a9ee       0x72 ./L1_FreeRTOS/src/queue.o
                0x0001a9ee                xQueueGenericSendFromISR
 .text.xQueueGenericReceive
                0x0001aa60      0x102 ./L1_FreeRTOS/src/queue.o
                0x0001aa60                xQueueGenericReceive
 .text.xQueueReceiveFromISR
                0x0001ab62       0x52 ./L1_FreeRTOS/src/queue.o
                0x0001ab62                xQueueReceiveFromISR
 .text.uxQueueMessagesWaiting
                0x0001abb4       0x12 ./L1_FreeRTOS/src/queue.o
                0x0001abb4                uxQueueMessagesWaiting
 .text.uxQueueMessagesWaitingFromISR
                0x0001abc6        0x4 ./L1_FreeRTOS/src/queue.o
                0x0001abc6                uxQueueMessagesWaitingFromISR
 .text.xQueueSelectFromSet
                0x0001abca       0x18 ./L1_FreeRTOS/src/queue.o
                0x0001abca                xQueueSelectFromSet
 .text.prvResetRunTimeStatsInList
                0x0001abe2       0x2e ./L1_FreeRTOS/src/tasks.o
 .text.prvIdleTask
                0x0001ac10       0x18 ./L1_FreeRTOS/src/tasks.o
 .text.prvListTaskWithinSingleList
                0x0001ac28       0x8e ./L1_FreeRTOS/src/tasks.o
 *fill*         0x0001acb6        0x2 
 .text.prvResetNextTaskUnblockTime
                0x0001acb8       0x24 ./L1_FreeRTOS/src/tasks.o
 .text.prvAddCurrentTaskToDelayedList
                0x0001acdc       0x50 ./L1_FreeRTOS/src/tasks.o
 .text.xTaskGenericCreate
                0x0001ad2c      0x188 ./L1_FreeRTOS/src/tasks.o
                0x0001ad2c                xTaskGenericCreate
 .text.vTaskStartScheduler
                0x0001aeb4       0x54 ./L1_FreeRTOS/src/tasks.o
                0x0001aeb4                vTaskStartScheduler
 .text.vTaskEndScheduler
                0x0001af08       0x18 ./L1_FreeRTOS/src/tasks.o
                0x0001af08                vTaskEndScheduler
 .text.vTaskSuspendAll
                0x0001af20       0x10 ./L1_FreeRTOS/src/tasks.o
                0x0001af20                vTaskSuspendAll
 .text.xTaskGetTickCount
                0x0001af30       0x18 ./L1_FreeRTOS/src/tasks.o
                0x0001af30                xTaskGetTickCount
 .text.xTaskGetTickCountFromISR
                0x0001af48       0x18 ./L1_FreeRTOS/src/tasks.o
                0x0001af48                xTaskGetTickCountFromISR
 .text.uxTaskGetNumberOfTasks
                0x0001af60        0xc ./L1_FreeRTOS/src/tasks.o
                0x0001af60                uxTaskGetNumberOfTasks
 .text.xTaskIncrementTick
                0x0001af6c       0xfc ./L1_FreeRTOS/src/tasks.o
                0x0001af6c                xTaskIncrementTick
 .text.xTaskResumeAll
                0x0001b068       0xc0 ./L1_FreeRTOS/src/tasks.o
                0x0001b068                xTaskResumeAll
 .text.vTaskDelayUntil
                0x0001b128       0x78 ./L1_FreeRTOS/src/tasks.o
                0x0001b128                vTaskDelayUntil
 .text.vTaskDelay
                0x0001b1a0       0x54 ./L1_FreeRTOS/src/tasks.o
                0x0001b1a0                vTaskDelay
 .text.uxTaskGetSystemState
                0x0001b1f4       0x8c ./L1_FreeRTOS/src/tasks.o
                0x0001b1f4                uxTaskGetSystemState
 .text.vTaskSwitchContext
                0x0001b280       0xc0 ./L1_FreeRTOS/src/tasks.o
                0x0001b280                vTaskSwitchContext
 .text.vTaskSuspend
                0x0001b340       0xa0 ./L1_FreeRTOS/src/tasks.o
                0x0001b340                vTaskSuspend
 .text.vTaskPlaceOnEventList
                0x0001b3e0       0x5c ./L1_FreeRTOS/src/tasks.o
                0x0001b3e0                vTaskPlaceOnEventList
 .text.xTaskRemoveFromEventList
                0x0001b43c       0x6c ./L1_FreeRTOS/src/tasks.o
                0x0001b43c                xTaskRemoveFromEventList
 .text.vTaskSetTimeOutState
                0x0001b4a8       0x18 ./L1_FreeRTOS/src/tasks.o
                0x0001b4a8                vTaskSetTimeOutState
 .text.xTaskCheckForTimeOut
                0x0001b4c0       0x4c ./L1_FreeRTOS/src/tasks.o
                0x0001b4c0                xTaskCheckForTimeOut
 .text.vTaskMissedYield
                0x0001b50c        0xc ./L1_FreeRTOS/src/tasks.o
                0x0001b50c                vTaskMissedYield
 .text.uxTaskGetStackHighWaterMark
                0x0001b518       0x20 ./L1_FreeRTOS/src/tasks.o
                0x0001b518                uxTaskGetStackHighWaterMark
 .text.xTaskGetCurrentTaskHandle
                0x0001b538        0xc ./L1_FreeRTOS/src/tasks.o
                0x0001b538                xTaskGetCurrentTaskHandle
 .text.xTaskGetSchedulerState
                0x0001b544       0x20 ./L1_FreeRTOS/src/tasks.o
                0x0001b544                xTaskGetSchedulerState
 .text.vTaskPriorityInherit
                0x0001b564       0x94 ./L1_FreeRTOS/src/tasks.o
                0x0001b564                vTaskPriorityInherit
 .text.vTaskPriorityDisinherit
                0x0001b5f8       0x68 ./L1_FreeRTOS/src/tasks.o
                0x0001b5f8                vTaskPriorityDisinherit
 .text.vTaskResetRunTimeStats
                0x0001b660       0x68 ./L1_FreeRTOS/src/tasks.o
                0x0001b660                vTaskResetRunTimeStats
 .text.vRunTimeStatIsrEntry
                0x0001b6c8       0x28 ./L1_FreeRTOS/src/tasks.o
                0x0001b6c8                vRunTimeStatIsrEntry
 .text.vRunTimeStatIsrExit
                0x0001b6f0       0x10 ./L1_FreeRTOS/src/tasks.o
                0x0001b6f0                vRunTimeStatIsrExit
 .text.prvPortStartFirstTask
                0x0001b700       0x14 ./L1_FreeRTOS/portable/port.o
 .text.pxPortInitialiseStack
                0x0001b714       0x16 ./L1_FreeRTOS/portable/port.o
                0x0001b714                pxPortInitialiseStack
 *fill*         0x0001b72a        0x2 
 .text.vPortSVCHandler
                0x0001b72c       0x20 ./L1_FreeRTOS/portable/port.o
                0x0001b72c                vPortSVCHandler
 .text.vPortEndScheduler
                0x0001b74c        0x2 ./L1_FreeRTOS/portable/port.o
                0x0001b74c                vPortEndScheduler
 *fill*         0x0001b74e        0x2 
 .text.vPortYield
                0x0001b750       0x18 ./L1_FreeRTOS/portable/port.o
                0x0001b750                vPortYield
 .text.ulPortSetInterruptMask
                0x0001b768       0x10 ./L1_FreeRTOS/portable/port.o
                0x0001b768                ulPortSetInterruptMask
 .text.vPortEnterCritical
                0x0001b778       0x1c ./L1_FreeRTOS/portable/port.o
                0x0001b778                vPortEnterCritical
 .text.vPortClearInterruptMask
                0x0001b794        0x6 ./L1_FreeRTOS/portable/port.o
                0x0001b794                vPortClearInterruptMask
 *fill*         0x0001b79a        0x2 
 .text.vPortExitCritical
                0x0001b79c       0x14 ./L1_FreeRTOS/portable/port.o
                0x0001b79c                vPortExitCritical
 .text.xPortPendSVHandler
                0x0001b7b0       0x3c ./L1_FreeRTOS/portable/port.o
                0x0001b7b0                xPortPendSVHandler
 .text.xPortSysTickHandler
                0x0001b7ec       0x24 ./L1_FreeRTOS/portable/port.o
                0x0001b7ec                xPortSysTickHandler
 .text.vPortSetupTimerInterrupt
                0x0001b810       0x14 ./L1_FreeRTOS/portable/port.o
                0x0001b810                vPortSetupTimerInterrupt
 .text.xPortStartScheduler
                0x0001b824       0x30 ./L1_FreeRTOS/portable/port.o
                0x0001b824                xPortStartScheduler
 .text.vConfigureTimerForRunTimeStats
                0x0001b854       0x14 ./L1_FreeRTOS/portable/run_time_stats.o
                0x0001b854                vConfigureTimerForRunTimeStats
 .text.uxGetTimerForRunTimeStats
                0x0001b868       0x14 ./L1_FreeRTOS/portable/run_time_stats.o
                0x0001b868                uxGetTimerForRunTimeStats
 .text.resetRunTimeCounter
                0x0001b87c       0x14 ./L1_FreeRTOS/portable/run_time_stats.o
                0x0001b87c                resetRunTimeCounter
 .text.vApplicationIdleHook
                0x0001b890        0x4 ./L1_FreeRTOS/hooks/hooks.o
                0x0001b890                vApplicationIdleHook
 .text.vApplicationStackOverflowHook
                0x0001b894       0x38 ./L1_FreeRTOS/hooks/hooks.o
                0x0001b894                vApplicationStackOverflowHook
 .text.vApplicationMallocFailedHook
                0x0001b8cc       0x24 ./L1_FreeRTOS/hooks/hooks.o
                0x0001b8cc                vApplicationMallocFailedHook
 .text.pvPortMalloc
                0x0001b8f0       0x1e ./L1_FreeRTOS/MemMang/heap_3.o
                0x0001b8f0                pvPortMalloc
 .text.vPortFree
                0x0001b90e       0x1a ./L1_FreeRTOS/MemMang/heap_3.o
                0x0001b90e                vPortFree
 .text.__set_PSP
                0x0001b928        0x6 ./L0_LowLevel/source/core_cm3.o
                0x0001b928                __set_PSP
 .text.__set_MSP
                0x0001b92e        0x6 ./L0_LowLevel/source/core_cm3.o
                0x0001b92e                __set_MSP
 .text.__set_BASEPRI
                0x0001b934        0x6 ./L0_LowLevel/source/core_cm3.o
                0x0001b934                __set_BASEPRI
 *fill*         0x0001b93a        0x2 
 .text.sys_get_boot_type
                0x0001b93c        0xc ./L0_LowLevel/source/low_level_init.o
                0x0001b93c                sys_get_boot_type
 .text.sys_get_boot_time
                0x0001b948       0x14 ./L0_LowLevel/source/low_level_init.o
                0x0001b948                sys_get_boot_time
 .text._Z14low_level_initv
                0x0001b95c      0x238 ./L0_LowLevel/source/low_level_init.o
                0x0001b95c                low_level_init()
 .text.lpc_pconp
                0x0001bb94       0x30 ./L0_LowLevel/source/lpc_peripherals.o
                0x0001bb94                lpc_pconp
 .text.lpc_pclk
                0x0001bbc4       0x48 ./L0_LowLevel/source/lpc_peripherals.o
                0x0001bbc4                lpc_pclk
 .text.lpc_sys_setup_system_timer
                0x0001bc0c       0x54 ./L0_LowLevel/source/lpc_sys.o
                0x0001bc0c                lpc_sys_setup_system_timer
 .text.sys_get_uptime_us
                0x0001bc60       0x28 ./L0_LowLevel/source/lpc_sys.o
                0x0001bc60                sys_get_uptime_us
 .text.sys_get_mem_info_str
                0x0001bc88       0x38 ./L0_LowLevel/source/lpc_sys.o
                0x0001bc88                sys_get_mem_info_str
 .text.TIMER1_IRQHandler
                0x0001bcc0       0xbc ./L0_LowLevel/source/lpc_sys.o
                0x0001bcc0                TIMER1_IRQHandler
 .text.isr_forwarder_routine
                0x0001bd7c       0x3c ./L0_LowLevel/source/startup.o
 .text.isr_hard_fault_handler
                0x0001bdb8       0x58 ./L0_LowLevel/source/startup.o
                0x0001bdb8                isr_hard_fault_handler
 .text._ZL19sys_clock_pll0_feedv
                0x0001be10       0x14 ./L0_LowLevel/source/sys_clock.o
 .text._ZL23sys_clock_configure_plljjPiS_S_.constprop.0
                0x0001be24       0x78 ./L0_LowLevel/source/sys_clock.o
 .text._Z19sys_clock_configurev
                0x0001be9c       0xb0 ./L0_LowLevel/source/sys_clock.o
                0x0001be9c                sys_clock_configure()
 .text.sys_get_cpu_clock
                0x0001bf4c       0xb4 ./L0_LowLevel/source/sys_clock.o
                0x0001bf4c                sys_get_cpu_clock
 .text.uart0_init
                0x0001c000       0x60 ./L0_LowLevel/source/uart0_min.o
                0x0001c000                uart0_init
 .text.uart0_getchar
                0x0001c060       0x18 ./L0_LowLevel/source/uart0_min.o
                0x0001c060                uart0_getchar
 .text.uart0_putchar
                0x0001c078       0x1c ./L0_LowLevel/source/uart0_min.o
                0x0001c078                uart0_putchar
 .text.uart0_puts
                0x0001c094       0x1c ./L0_LowLevel/source/uart0_min.o
                0x0001c094                uart0_puts
 .text._ZN10__cxxabiv121__vmi_class_type_infoD2Ev
                0x0001c0b0       0x14 c:/sjsu_dev_243_can/toolchain/bin/../lib/gcc/arm-none-eabi/4.8.4/../../../../arm-none-eabi/lib/armv7-m\libstdc++_s.a(vmi_class_type_info.o)
                0x0001c0b0                __cxxabiv1::__vmi_class_type_info::~__vmi_class_type_info()
                0x0001c0b0                __cxxabiv1::__vmi_class_type_info::~__vmi_class_type_info()
 .text._ZN10__cxxabiv121__vmi_class_type_infoD0Ev
                0x0001c0c4       0x12 c:/sjsu_dev_243_can/toolchain/bin/../lib/gcc/arm-none-eabi/4.8.4/../../../../arm-none-eabi/lib/armv7-m\libstdc++_s.a(vmi_class_type_info.o)
                0x0001c0c4                __cxxabiv1::__vmi_class_type_info::~__vmi_class_type_info()
 .text._ZNK10__cxxabiv121__vmi_class_type_info20__do_find_public_srcEiPKvPKNS_17__class_type_infoES2_
                0x0001c0d6       0x7a c:/sjsu_dev_243_can/toolchain/bin/../lib/gcc/arm-none-eabi/4.8.4/../../../../arm-none-eabi/lib/armv7-m\libstdc++_s.a(vmi_class_type_info.o)
                0x0001c0d6                __cxxabiv1::__vmi_class_type_info::__do_find_public_src(int, void const*, __cxxabiv1::__class_type_info const*, void const*) const
 .text._ZNK10__cxxabiv117__class_type_info17__find_public_srcEiPKvPKS0_S2_
                0x0001c150       0x28 c:/sjsu_dev_243_can/toolchain/bin/../lib/gcc/arm-none-eabi/4.8.4/../../../../arm-none-eabi/lib/armv7-m\libstdc++_s.a(vmi_class_type_info.o)
                0x0001c150                __cxxabiv1::__class_type_info::__find_public_src(int, void const*, __cxxabiv1::__class_type_info const*, void const*) const
 .text._ZNK10__cxxabiv121__vmi_class_type_info12__do_dyncastEiNS_17__class_type_info10__sub_kindEPKS1_PKvS4_S6_RNS1_16__dyncast_resultE
                0x0001c178      0x270 c:/sjsu_dev_243_can/toolchain/bin/../lib/gcc/arm-none-eabi/4.8.4/../../../../arm-none-eabi/lib/armv7-m\libstdc++_s.a(vmi_class_type_info.o)
                0x0001c178                __cxxabiv1::__vmi_class_type_info::__do_dyncast(int, __cxxabiv1::__class_type_info::__sub_kind, __cxxabiv1::__class_type_info const*, void const*, __cxxabiv1::__class_type_info const*, void const*, __cxxabiv1::__class_type_info::__dyncast_result&) const
 .text._ZNK10__cxxabiv121__vmi_class_type_info11__do_upcastEPKNS_17__class_type_infoEPKvRNS1_15__upcast_resultE
                0x0001c3e8      0x126 c:/sjsu_dev_243_can/toolchain/bin/../lib/gcc/arm-none-eabi/4.8.4/../../../../arm-none-eabi/lib/armv7-m\libstdc++_s.a(vmi_class_type_info.o)
                0x0001c3e8                __cxxabiv1::__vmi_class_type_info::__do_upcast(__cxxabiv1::__class_type_info const*, void const*, __cxxabiv1::__class_type_info::__upcast_result&) const
 *fill*         0x0001c50e        0x2 
 .text.__cxa_pure_virtual
                0x0001c510       0x14 c:/sjsu_dev_243_can/toolchain/bin/../lib/gcc/arm-none-eabi/4.8.4/../../../../arm-none-eabi/lib/armv7-m\libstdc++_s.a(pure.o)
                0x0001c510                __cxa_pure_virtual
 .text.__cxa_guard_acquire